09-15 16:34:11.060 32184-4870/com.eveningoutpost.dexdrip D/jamorham wear: DataMap: {sgvString=94, sgvLevel=0, low=60.0, slopeArrow=→, high=140.0, batteryLevel=1, units=mgdl, dex_txid=4023GU, timestamp=1.473971649933E12, sgvDouble=94.48125003048453, delta=-0 mg/dl, battery=96} sent to: SmartWatch 3 2B62


09-15 16:33:18.027 17386-17681/com.eveningoutpost.dexdrip D/onDraw: draw
09-15 16:34:11.704 17386-17670/com.eveningoutpost.dexdrip V/WearableLS: bindService: com.eveningoutpost.dexdrip/.ListenerService
09-15 16:34:11.707 17386-17670/com.eveningoutpost.dexdrip D/jamorham listener: onDataChanged dataMap={sgvString=94, sgvLevel=0, slopeArrow=→, low=60.0, high=140.0, batteryLevel=1, units=mgdl, dex_txid=4023GU, timestamp=1.473971649933E12, sgvDouble=94.48125003048453, delta=-0 mg/dl, battery=96}
09-15 16:34:11.707 17386-17670/com.eveningoutpost.dexdrip D/jamorham listener: onDataChanged dataMap dex_txid=4023GU
09-15 16:34:11.737 17386-17670/com.eveningoutpost.dexdrip D/jamorham listener: onDataChanged prefs set dex_txid=4023GU
09-15 16:34:11.737 17386-17670/com.eveningoutpost.dexdrip D/jamorham listener: onDataChanged dataMap units=mgdl
09-15 16:34:11.752 17386-17670/com.eveningoutpost.dexdrip D/jamorham listener: onDataChanged prefs units=mgdl
09-15 16:34:11.752 17386-17670/com.eveningoutpost.dexdrip D/jamorham listener: onDataChanged dataMap highMark=140.0 highMark=60.0
09-15 16:34:11.753 17386-17670/com.eveningoutpost.dexdrip V/WearableLS: unbindService: com.eveningoutpost.dexdrip/.ListenerService
09-15 16:34:11.756 17386-17386/com.eveningoutpost.dexdrip D/onDraw: draw


09-15 17:19:09.722 29461-30090/com.eveningoutpost.dexdrip D/jamorham listener: onDataChanged SYNC_DB_PATH=/syncweardb
09-15 17:19:09.722 29461-30090/com.eveningoutpost.dexdrip V/WearableLS: unbindService: com.eveningoutpost.dexdrip/.ListenerService
09-15 17:19:09.762 29461-30090/com.eveningoutpost.dexdrip V/WearableLS: bindService: com.eveningoutpost.dexdrip/.ListenerService
09-15 17:19:09.764 29461-30090/com.eveningoutpost.dexdrip D/jamorham listener: onDataChanged path=/nightscout_watch_sensor_data DataMap={started_at=1472326380472, sensor_location=I don't wish to share, latest_battery_level=216, time=1473974350151, uuid=fa1aa95d-8569-450a-98a7-772b7759195f}
09-15 17:19:09.765 29461-30090/com.eveningoutpost.dexdrip D/jamorham listener: syncSensorData
09-15 17:19:09.768 29461-30090/com.eveningoutpost.dexdrip D/jamorham listener: syncSensorData add Sensor  for uuid=fa1aa95d-8569-450a-98a7-772b7759195f
09-15 17:19:09.768 29461-30090/com.eveningoutpost.dexdrip D/jamorham listener: syncSensorData add Sensor for uuid=fa1aa95d-8569-450a-98a7-772b7759195f timestamp=1472326380472 timeString=08.27.2016 15:33:00
09-15 17:19:09.769 29461-30090/com.eveningoutpost.dexdrip E/SENSOR: xDrip_sensor_uuid is fa1aa95d-8569-450a-98a7-772b7759195f
09-15 17:19:09.774 29461-30090/com.eveningoutpost.dexdrip V/WearableLS: unbindService: com.eveningoutpost.dexdrip/.ListenerService
09-15 17:19:09.780 29461-30090/com.eveningoutpost.dexdrip E/AndroidRuntime: FATAL EXCEPTION: WearableListenerService
                                                                            Process: com.eveningoutpost.dexdrip, PID: 29461
                                                                            java.lang.NullPointerException: Attempt to invoke virtual method 'com.activeandroid.TableInfo com.activeandroid.ModelInfo.getTableInfo(java.lang.Class)' on a null object reference
                                                                                at com.activeandroid.Cache.getTableInfo(Unknown Source)




09-15 17:27:38.968 6944-6975/com.eveningoutpost.dexdrip I/OpenGLRenderer: Initialized EGL, version 1.4
09-15 17:27:38.969 6944-6975/com.eveningoutpost.dexdrip W/OpenGLRenderer: Failed to choose config with EGL_SWAP_BEHAVIOR_PRESERVED, retrying without...
09-15 17:28:28.015 6944-6954/com.eveningoutpost.dexdrip I/art: CollectorTransition marksweep + semispace GC freed 1306(52KB) AllocSpace objects, 7(192KB) LOS objects, 24% free, 5MB/7MB, paused 48.767ms total 48.767ms
09-15 17:28:29.079 6944-6944/com.eveningoutpost.dexdrip W/art: Before Android 4.1, method int android.support.v7.widget.ListViewCompat.lookForSelectablePosition(int, boolean) would have incorrectly overridden the package-private method in android.widget.ListView
09-15 17:28:30.031 6944-6944/com.eveningoutpost.dexdrip I/art: Rejecting re-init on previously-failed class java.lang.Class<com.mongodb.connection.AsynchronousSocketChannelStream$1>
09-15 17:28:30.031 6944-6944/com.eveningoutpost.dexdrip I/art: Rejecting re-init on previously-failed class java.lang.Class<com.mongodb.connection.AsynchronousSocketChannelStream$1>
09-15 17:28:30.034 6944-6944/com.eveningoutpost.dexdrip I/art: Rejecting re-init on previously-failed class java.lang.Class<com.mongodb.connection.AsynchronousSocketChannelStream$AsyncWritableByteChannelAdapter$1>
09-15 17:28:30.123 6944-6944/com.eveningoutpost.dexdrip I/art: Rejecting re-init on previously-failed class java.lang.Class<com.mongodb.connection.netty.NettyStream$3>
09-15 17:28:30.125 6944-6944/com.eveningoutpost.dexdrip I/art: Rejecting re-init on previously-failed class java.lang.Class<com.mongodb.connection.netty.NettyStream$InboundBufferHandler>
09-15 17:28:30.125 6944-6944/com.eveningoutpost.dexdrip I/art: Rejecting re-init on previously-failed class java.lang.Class<com.mongodb.connection.netty.NettyStream$InboundBufferHandler>
09-15 17:28:30.129 6944-6944/com.eveningoutpost.dexdrip I/art: Rejecting re-init on previously-failed class java.lang.Class<com.mongodb.connection.netty.ReadTimeoutHandler>
09-15 17:28:30.129 6944-6944/com.eveningoutpost.dexdrip I/art: Rejecting re-init on previously-failed class java.lang.Class<com.mongodb.connection.netty.ReadTimeoutHandler>
09-15 17:28:30.801 6944-6944/com.eveningoutpost.dexdrip D/jamorham listener: DataRequester: /nightscout_watch_data_resend
09-15 17:28:30.894 6944-7729/com.eveningoutpost.dexdrip D/jamorham listener: Not connected for sending




09-15 17:29:31.025 6944-7731/com.eveningoutpost.dexdrip D/onDraw: draw
09-15 17:30:21.898 6944-7728/com.eveningoutpost.dexdrip V/WearableLS: bindService: com.eveningoutpost.dexdrip/.ListenerService
09-15 17:30:21.901 6944-7728/com.eveningoutpost.dexdrip D/jamorham listener: onDataChanged SYNC_DB_PATH=/syncweardb
09-15 17:30:21.902 6944-7728/com.eveningoutpost.dexdrip D/jamorham listener: onDataChanged path=/nightscout_watch_sensor_data DataMap={started_at=1472326380472, sensor_location=I don't wish to share, latest_battery_level=216, time=1473975021670, uuid=fa1aa95d-8569-450a-98a7-772b7759195f}
09-15 17:30:21.902 6944-7728/com.eveningoutpost.dexdrip D/jamorham listener: syncSensorData
09-15 17:30:21.903 6944-7728/com.eveningoutpost.dexdrip D/jamorham listener: syncSensorData add Sensor  for uuid=fa1aa95d-8569-450a-98a7-772b7759195f
09-15 17:30:21.904 6944-7728/com.eveningoutpost.dexdrip D/jamorham listener: syncSensorData add Sensor for uuid=fa1aa95d-8569-450a-98a7-772b7759195f timestamp=1472326380472 timeString=08.27.2016 15:33:00
09-15 17:30:21.904 6944-7728/com.eveningoutpost.dexdrip E/SENSOR: xDrip_sensor_uuid is fa1aa95d-8569-450a-98a7-772b7759195f
09-15 17:30:21.938 6944-7728/com.eveningoutpost.dexdrip E/SENSOR: xDrip_sensor_uuid is fa1aa95d-8569-450a-98a7-772b7759195f
09-15 17:30:21.950 6944-7728/com.eveningoutpost.dexdrip D/jamorham listener: syncSensorData Sensor create.
09-15 17:30:21.971 6944-7728/com.eveningoutpost.dexdrip D/SENSOR MODEL:: Sensors@1
09-15 17:30:21.974 6944-7728/com.eveningoutpost.dexdrip D/jamorham listener: syncSensorData Created Sensor uuid=fa1aa95d-8569-450a-98a7-772b7759195f started at=1472326380472
09-15 17:30:22.024 6944-7728/com.eveningoutpost.dexdrip D/jamorham listener: onDataChanged path=/nightscout_watch_cal_data DataMap={first_slope=0.0, first_decay=0.0, possible_bad=true, second_intercept=0.0, uuid=d8e2bebb-b077-40a7-a153-b0e775bea76d, sensor_age_at_time_of_estimation=1.607711023E9, timestamp=1473934091495, adjusted_raw_value=32.464, estimate_bg_at_time_of_calibration=0.0, first_intercept=0.0, bg=122.0, intercept=57.185871159366144, raw_timestamp=1473933852279, second_slope=0.0, slope=1.328183008230712, second_decay=0.0, check_in=false, time=1473975021768, slope_confidence=0.7598868469689216, distance_from_estimate=25.98725056039305, second_scale=0.0, raw_value=32.464, first_scale=0.0, sensor_confidence=0.9117469999999999, sensor_uuid=fa1aa95d-8569-450a-98a7-772b7759195f, entries=[{second_decay=0.0, first_slope=0.0, first_decay=0.0, check_in=false, slope_confidence=0.7598868469689216, possible_bad=true, second_intercept=0.0, distance_from_estimate=25.98725056039305, uuid=d8e2bebb-b077-40a7-a153-b0e775bea76d, sensor_age_at_time_of_estimation=1.607711023E9, second_scale=0.0, timestamp=1473934091495, adjusted_raw_value=32.464, raw_value=32.464, first_scale=0.0, sensor_confidence=0.9117469999999999, estimate_bg_at_time_of_calibration=0.0, first_intercept=0.0, bg=122.0, sensor_uuid=fa1aa95d-8569-450a-98a7-772b7759195f, intercept=57.185871159366144, raw_timestamp=1473933852279, second_slope=0.0, estimate_raw_at_time_of_calibration=41.08419370651245, slope=1.328183008230712}, {second_decay=0.0, first_slope=0.0, first_decay=0.0, check_in=false, slope_confidence=0.8987192289324013, possible_bad=true, second_intercept=0.0, distance_from_estimate=18.21694947092294, uuid=1f0b38be-d524-4dbe-a32d-e56864c55094, sensor_age_at_time_of_estimation=1.564550697E9, second_scale=0.0, timestamp=1473890931169, adjusted_raw_value=40.808, raw_value=40.808, first_scale=0.0, sensor_confidence=0.820835, estimate_bg_at_time_of_calibration=0.0, first_intercept=0.0, bg=90.0, sensor_uuid=fa1aa95d-8569-450a-98a7-772b7759195f, intercept=54.08899004107945, raw_timestamp=1473890056189, second_slope=0.0, estimate_raw_at_time_of_calibration=36.61560951266438, slope=1.2913922929561208}, {second_decay=0.0, first_slope=0.0, first_decay=0.0, check_in=false, slope_confidence=0.9479678866816685, possible_bad=true, second_intercept=0.0, distance_from_estimate=22.824987301289966, uuid=11d0c7ba-ad3c-4911-ac3e-435f36062a06, sensor_age_at_time_of_estimation=1.543434803E9, second_scale=0.0, timestamp=1473869815275, adjusted_raw_value=48.944, raw_value=48.944, first_scale=0.0, sensor_confidence=0.806879, estimate_bg_at_time_of_calibration=0.0, first_intercept=0.0, bg=86.0, sensor_uuid=fa1aa95d-8569-450a-98a7-772b7759195f, intercept=27.710410529077052, raw_timestamp=1473869353112, second_slope=0.0, estimate_raw_at_time_of_calibration=53.97184210270643, slope=1.08}], estimate_raw_at_time_of_calibration=41.08419370651245}
09-15 17:30:22.024 6944-7728/com.eveningoutpost.dexdrip D/jamorham listener: syncCalibrationData
09-15 17:30:22.044 6944-7728/com.eveningoutpost.dexdrip D/jamorham listener: syncCalibrationData add Calibration Table entries count=3
09-15 17:30:22.057 6944-7728/com.eveningoutpost.dexdrip D/jamorham listener: syncCalibrationData add Calibration Table entry={second_decay=0.0, first_slope=0.0, first_decay=0.0, check_in=false, slope_confidence=0.7598868469689216, possible_bad=true, second_intercept=0.0, distance_from_estimate=25.98725056039305, uuid=d8e2bebb-b077-40a7-a153-b0e775bea76d, sensor_age_at_time_of_estimation=1.607711023E9, second_scale=0.0, timestamp=1473934091495, adjusted_raw_value=32.464, raw_value=32.464, first_scale=0.0, sensor_confidence=0.9117469999999999, estimate_bg_at_time_of_calibration=0.0, first_intercept=0.0, bg=122.0, sensor_uuid=fa1aa95d-8569-450a-98a7-772b7759195f, intercept=57.185871159366144, raw_timestamp=1473933852279, second_slope=0.0, estimate_raw_at_time_of_calibration=41.08419370651245, slope=1.328183008230712}
09-15 17:30:22.062 6944-7728/com.eveningoutpost.dexdrip D/jamorham listener: syncCalibrationData create Calibration for uuid=d8e2bebb-b077-40a7-a153-b0e775bea76d timestamp=1473934091495 timeString=09.15.2016 06:08:11
09-15 17:30:22.082 6944-7728/com.eveningoutpost.dexdrip D/jamorham listener: syncCalibrationData add Calibration Table entry={second_decay=0.0, first_slope=0.0, first_decay=0.0, check_in=false, slope_confidence=0.8987192289324013, possible_bad=true, second_intercept=0.0, distance_from_estimate=18.21694947092294, uuid=1f0b38be-d524-4dbe-a32d-e56864c55094, sensor_age_at_time_of_estimation=1.564550697E9, second_scale=0.0, timestamp=1473890931169, adjusted_raw_value=40.808, raw_value=40.808, first_scale=0.0, sensor_confidence=0.820835, estimate_bg_at_time_of_calibration=0.0, first_intercept=0.0, bg=90.0, sensor_uuid=fa1aa95d-8569-450a-98a7-772b7759195f, intercept=54.08899004107945, raw_timestamp=1473890056189, second_slope=0.0, estimate_raw_at_time_of_calibration=36.61560951266438, slope=1.2913922929561208}
09-15 17:30:22.087 6944-7728/com.eveningoutpost.dexdrip D/jamorham listener: syncCalibrationData create Calibration for uuid=1f0b38be-d524-4dbe-a32d-e56864c55094 timestamp=1473890931169 timeString=09.14.2016 18:08:51
09-15 17:30:22.103 6944-7728/com.eveningoutpost.dexdrip D/jamorham listener: syncCalibrationData add Calibration Table entry={second_decay=0.0, first_slope=0.0, first_decay=0.0, check_in=false, slope_confidence=0.9479678866816685, possible_bad=true, second_intercept=0.0, distance_from_estimate=22.824987301289966, uuid=11d0c7ba-ad3c-4911-ac3e-435f36062a06, sensor_age_at_time_of_estimation=1.543434803E9, second_scale=0.0, timestamp=1473869815275, adjusted_raw_value=48.944, raw_value=48.944, first_scale=0.0, sensor_confidence=0.806879, estimate_bg_at_time_of_calibration=0.0, first_intercept=0.0, bg=86.0, sensor_uuid=fa1aa95d-8569-450a-98a7-772b7759195f, intercept=27.710410529077052, raw_timestamp=1473869353112, second_slope=0.0, estimate_raw_at_time_of_calibration=53.97184210270643, slope=1.08}
09-15 17:30:22.108 6944-7728/com.eveningoutpost.dexdrip D/jamorham listener: syncCalibrationData create Calibration for uuid=11d0c7ba-ad3c-4911-ac3e-435f36062a06 timestamp=1473869815275 timeString=09.14.2016 12:16:55
09-15 17:30:22.150 6944-7728/com.eveningoutpost.dexdrip D/jamorham listener: syncCalibrationData cals in wear db count = 3
09-15 17:30:22.180 6944-6954/com.eveningoutpost.dexdrip I/art: Background sticky concurrent mark sweep GC freed 10035(686KB) AllocSpace objects, 12(292KB) LOS objects, 9% free, 9MB/10MB, paused 5.340ms total 65.704ms
09-15 17:30:22.195 6944-7728/com.eveningoutpost.dexdrip D/jamorham listener: syncCalibrationData cal: {"adjusted_raw_value":32.464,"bg":122.0,"check_in":false,"distance_from_estimate":25.98725056039305,"estimate_bg_at_time_of_calibration":0.0,"estimate_raw_at_time_of_calibration":41.08419370651245,"first_decay":0.0,"first_intercept":0.0,"first_scale":0.0,"first_slope":0.0,"intercept":57.185871159366144,"possible_bad":true,"raw_timestamp":1473933852279,"raw_value":32.464,"second_decay":0.0,"second_intercept":0.0,"second_scale":0.0,"second_slope":0.0,"sensor_age_at_time_of_estimation":1.607711023E9,"sensor_confidence":0.9117469999999999,"sensor_uuid":"fa1aa95d-8569-450a-98a7-772b7759195f","slope":1.328183008230712,"slope_confidence":0.7598868469689216,"timestamp":1473934091495,"uuid":"d8e2bebb-b077-40a7-a153-b0e775bea76d"}
09-15 17:30:22.224 6944-7728/com.eveningoutpost.dexdrip D/jamorham listener: syncCalibrationData cal: {"adjusted_raw_value":40.808,"bg":90.0,"check_in":false,"distance_from_estimate":18.21694947092294,"estimate_bg_at_time_of_calibration":0.0,"estimate_raw_at_time_of_calibration":36.61560951266438,"first_decay":0.0,"first_intercept":0.0,"first_scale":0.0,"first_slope":0.0,"intercept":54.08899004107945,"possible_bad":true,"raw_timestamp":1473890056189,"raw_value":40.808,"second_decay":0.0,"second_intercept":0.0,"second_scale":0.0,"second_slope":0.0,"sensor_age_at_time_of_estimation":1.564550697E9,"sensor_confidence":0.820835,"sensor_uuid":"fa1aa95d-8569-450a-98a7-772b7759195f","slope":1.2913922929561208,"slope_confidence":0.8987192289324013,"timestamp":1473890931169,"uuid":"1f0b38be-d524-4dbe-a32d-e56864c55094"}
09-15 17:30:22.251 6944-7728/com.eveningoutpost.dexdrip D/jamorham listener: syncCalibrationData cal: {"adjusted_raw_value":48.944,"bg":86.0,"check_in":false,"distance_from_estimate":22.824987301289966,"estimate_bg_at_time_of_calibration":0.0,"estimate_raw_at_time_of_calibration":53.97184210270643,"first_decay":0.0,"first_intercept":0.0,"first_scale":0.0,"first_slope":0.0,"intercept":27.710410529077052,"possible_bad":true,"raw_timestamp":1473869353112,"raw_value":48.944,"second_decay":0.0,"second_intercept":0.0,"second_scale":0.0,"second_slope":0.0,"sensor_age_at_time_of_estimation":1.543434803E9,"sensor_confidence":0.806879,"sensor_uuid":"fa1aa95d-8569-450a-98a7-772b7759195f","slope":1.08,"slope_confidence":0.9479678866816685,"timestamp":1473869815275,"uuid":"11d0c7ba-ad3c-4911-ac3e-435f36062a06"}
09-15 17:30:22.251 6944-7728/com.eveningoutpost.dexdrip V/WearableLS: unbindService: com.eveningoutpost.dexdrip/.ListenerService
09-15 17:30:31.024 6944-7733/com.eveningoutpost.dexdrip D/onDraw: draw



09-15 18:54:14.123 16725-16840/com.eveningoutpost.dexdrip D/BgSendQueue: resendData enter
09-15 18:54:14.155 16725-16840/com.eveningoutpost.dexdrip D/BgSendQueue: resendData graph_bgs size=14
09-15 18:54:14.436 16725-16840/com.eveningoutpost.dexdrip I/BG GSON:: {"a":2.4669094406697343E-11,"age_adjusted_raw_value":34.208,"b":-72.72349392579667,"c":5.359648069762125E13,"calculated_value":102.62035550492234,"calculated_value_slope":4.90271578057763E-6,"calibration_flag":false,"calibration_uuid":"d8e2bebb-b077-40a7-a153-b0e775bea76d","filtered_calculated_value":101.96157673283992,"filtered_data":33.712,"hide_slope":false,"ra":1.8573565731396668E-11,"raw_calculated":0.0,"raw_data":34.208,"rb":-54.75412158951815,"rc":4.035323473152994E13,"sensor_uuid":"fa1aa95d-8569-450a-98a7-772b7759195f","synced":false,"time_since_sensor_started":1.65367343E9,"timestamp":1473980053902,"uuid":"45993924-0ad6-4571-a2f2-268e614d5898"}
0


09-15 22:22:30.568 19242-19242/com.eveningoutpost.dexdrip D/jamorham listener: DataRequester: /nightscout_watch_data_resend
09-15 22:22:30.595 19242-19719/com.eveningoutpost.dexdrip D/jamorham listener: doInBackground connected.  NodeApi.GetConnectedNodesResult await count=1
09-15 22:22:30.595 19242-19719/com.eveningoutpost.dexdrip D/jamorham listener: stopBtG5Service
09-15 22:22:30.614 19242-19719/com.eveningoutpost.dexdrip D/jamorham listener: getWearBGData last_send_previous:12.31.1969 19:00:00
09-15 22:22:31.016 19242-19713/com.eveningoutpost.dexdrip D/onDraw: draw

09-15 23:12:47.197 10596-11125/com.eveningoutpost.dexdrip D/jamorham listener: syncSensorData add Sensor for uuid=fa1aa95d-8569-450a-98a7-772b7759195f timestamp=1472326380472 timeString=08.27.2016 15:33:00
09-15 23:12:47.198 10596-11125/com.eveningoutpost.dexdrip D/SENSOR: xDrip_sensor_uuid is fa1aa95d-8569-450a-98a7-772b7759195f
09-15 23:12:47.198 10596-11125/com.eveningoutpost.dexdrip E/SQLiteLog: (1) no such table: Sensor
09-15 23:12:47.199 10596-11125/com.eveningoutpost.dexdrip D/SENSOR: xDrip_sensor_uuid is fa1aa95d-8569-450a-98a7-772b7759195f
09-15 23:12:47.199 10596-11125/com.eveningoutpost.dexdrip E/SQLiteLog: (1) no such table: Sensor
09-15 23:12:47.200 10596-11125/com.eveningoutpost.dexdrip D/jamorham listener: syncSensorData Sensor create.
09-15 23:12:47.235 10596-11125/com.eveningoutpost.dexdrip D/SENSOR MODEL:: Sensors@1
09-15 23:12:47.240 10596-11125/com.eveningoutpost.dexdrip D/jamorham listener: syncSensorData Created Sensor uuid=fa1aa95d-8569-450a-98a7-772b7759195f started at=1472326380472
09-15 23:12:47.294 10596-11125/com.eveningoutpost.dexdrip D/jamorham listener: onDataChanged path=/nightscout_watch_cal_data DataMap={first_slope=0.0, first_decay=0.0, possible_bad=true, second_intercept=0.0, uuid=d8e2bebb-b077-40a7-a153-b0e775bea76d, sensor_age_at_time_of_estimation=1.607711023E9, timestamp=1473934091495, adjusted_raw_value=32.464, estimate_bg_at_time_of_calibration=0.0, first_intercept=0.0, bg=122.0, intercept=57.185871159366144, raw_timestamp=1473933852279, second_slope=0.0, slope=1.328183008230712, second_decay=0.0, check_in=false, time=1473995567022, slope_confidence=0.7598868469689216, distance_from_estimate=25.98725056039305, second_scale=0.0, raw_value=32.464, first_scale=0.0, sensor_confidence=0.9117469999999999, sensor_uuid=fa1aa95d-8569-450a-98a7-772b7759195f, entries=[{second_decay=0.0, first_slope=0.0, first_decay=0.0, check_in=false, slope_confidence=0.7598868469689216, possible_bad=true, second_intercept=0.0, distance_from_estimate=25.98725056039305, uuid=d8e2bebb-b077-40a7-a153-b0e775bea76d, sensor_age_at_time_of_estimation=1.607711023E9, second_scale=0.0, timestamp=1473934091495, adjusted_raw_value=32.464, raw_value=32.464, first_scale=0.0, sensor_confidence=0.9117469999999999, estimate_bg_at_time_of_calibration=0.0, first_intercept=0.0, bg=122.0, sensor_uuid=fa1aa95d-8569-450a-98a7-772b7759195f, intercept=57.185871159366144, raw_timestamp=1473933852279, second_slope=0.0, estimate_raw_at_time_of_calibration=41.08419370651245, slope=1.328183008230712}, {second_decay=0.0, first_slope=0.0, first_decay=0.0, check_in=false, slope_confidence=0.8987192289324013, possible_bad=true, second_intercept=0.0, distance_from_estimate=18.21694947092294, uuid=1f0b38be-d524-4dbe-a32d-e56864c55094, sensor_age_at_time_of_estimation=1.564550697E9, second_scale=0.0, timestamp=1473890931169, adjusted_raw_value=40.808, raw_value=40.808, first_scale=0.0, sensor_confidence=0.820835, estimate_bg_at_time_of_calibration=0.0, first_intercept=0.0, bg=90.0, sensor_uuid=fa1aa95d-8569-450a-98a7-772b7759195f, intercept=54.08899004107945, raw_timestamp=1473890056189, second_slope=0.0, estimate_raw_at_time_of_calibration=36.61560951266438, slope=1.2913922929561208}, {second_decay=0.0, first_slope=0.0, first_decay=0.0, check_in=false, slope_confidence=0.9479678866816685, possible_bad=true, second_intercept=0.0, distance_from_estimate=22.824987301289966, uuid=11d0c7ba-ad3c-4911-ac3e-435f36062a06, sensor_age_at_time_of_estimation=1.543434803E9, second_scale=0.0, timestamp=1473869815275, adjusted_raw_value=48.944, raw_value=48.944, first_scale=0.0, sensor_confidence=0.806879, estimate_bg_at_time_of_calibration=0.0, first_intercept=0.0, bg=86.0, sensor_uuid=fa1aa95d-8569-450a-98a7-772b7759195f, intercept=27.710410529077052, raw_timestamp=1473869353112, second_slope=0.0, estimate_raw_at_time_of_calibration=53.97184210270643, slope=1.08}], estimate_raw_at_time_of_calibration=41.08419370651245}
09-15 23:12:47.294 10596-11125/com.eveningoutpost.dexdrip D/jamorham listener: syncCalibrationData
09-15 23:12:47.303 10596-11125/com.eveningoutpost.dexdrip D/jamorham listener: syncCalibrationData add Calibration Table entries count=3
09-15 23:12:47.313 10596-11125/com.eveningoutpost.dexdrip D/jamorham listener: syncCalibrationData add Calibration Table entry={second_decay=0.0, first_slope=0.0, first_decay=0.0, check_in=false, slope_confidence=0.7598868469689216, possible_bad=true, second_intercept=0.0, distance_from_estimate=25.98725056039305, uuid=d8e2bebb-b077-40a7-a153-b0e775bea76d, sensor_age_at_time_of_estimation=1.607711023E9, second_scale=0.0, timestamp=1473934091495, adjusted_raw_value=32.464, raw_value=32.464, first_scale=0.0, sensor_confidence=0.9117469999999999, estimate_bg_at_time_of_calibration=0.0, first_intercept=0.0, bg=122.0, sensor_uuid=fa1aa95d-8569-450a-98a7-772b7759195f, intercept=57.185871159366144, raw_timestamp=1473933852279, second_slope=0.0, estimate_raw_at_time_of_calibration=41.08419370651245, slope=1.328183008230712}
09-15 23:12:47.318 10596-11125/com.eveningoutpost.dexdrip D/jamorham listener: syncCalibrationData create Calibration for uuid=d8e2bebb-b077-40a7-a153-b0e775bea76d timestamp=1473934091495 timeString=09.15.2016 06:08:11
09-15 23:12:47.331 10596-11125/com.eveningoutpost.dexdrip D/jamorham listener: syncCalibrationData add Calibration Table entry={second_decay=0.0, first_slope=0.0, first_decay=0.0, check_in=false, slope_confidence=0.8987192289324013, possible_bad=true, second_intercept=0.0, distance_from_estimate=18.21694947092294, uuid=1f0b38be-d524-4dbe-a32d-e56864c55094, sensor_age_at_time_of_estimation=1.564550697E9, second_scale=0.0, timestamp=1473890931169, adjusted_raw_value=40.808, raw_value=40.808, first_scale=0.0, sensor_confidence=0.820835, estimate_bg_at_time_of_calibration=0.0, first_intercept=0.0, bg=90.0, sensor_uuid=fa1aa95d-8569-450a-98a7-772b7759195f, intercept=54.08899004107945, raw_timestamp=1473890056189, second_slope=0.0, estimate_raw_at_time_of_calibration=36.61560951266438, slope=1.2913922929561208}
09-15 23:12:47.334 10596-11125/com.eveningoutpost.dexdrip D/jamorham listener: syncCalibrationData create Calibration for uuid=1f0b38be-d524-4dbe-a32d-e56864c55094 timestamp=1473890931169 timeString=09.14.2016 18:08:51
09-15 23:12:47.347 10596-11125/com.eveningoutpost.dexdrip D/jamorham listener: syncCalibrationData add Calibration Table entry={second_decay=0.0, first_slope=0.0, first_decay=0.0, check_in=false, slope_confidence=0.9479678866816685, possible_bad=true, second_intercept=0.0, distance_from_estimate=22.824987301289966, uuid=11d0c7ba-ad3c-4911-ac3e-435f36062a06, sensor_age_at_time_of_estimation=1.543434803E9, second_scale=0.0, timestamp=1473869815275, adjusted_raw_value=48.944, raw_value=48.944, first_scale=0.0, sensor_confidence=0.806879, estimate_bg_at_time_of_calibration=0.0, first_intercept=0.0, bg=86.0, sensor_uuid=fa1aa95d-8569-450a-98a7-772b7759195f, intercept=27.710410529077052, raw_timestamp=1473869353112, second_slope=0.0, estimate_raw_at_time_of_calibration=53.97184210270643, slope=1.08}
09-15 23:12:47.350 10596-11125/com.eveningoutpost.dexdrip D/jamorham listener: syncCalibrationData create Calibration for uuid=11d0c7ba-ad3c-4911-ac3e-435f36062a06 timestamp=1473869815275 timeString=09.14.2016 12:16:55
09-15 23:12:47.368 10596-11125/com.eveningoutpost.dexdrip D/jamorham listener: syncCalibrationData cals in wear db count = 3
09-15 23:12:47.396 10596-11125/com.eveningoutpost.dexdrip D/jamorham listener: syncCalibrationData cal: {"adjusted_raw_value":32.464,"bg":122.0,"check_in":false,"distance_from_estimate":25.98725056039305,"estimate_bg_at_time_of_calibration":0.0,"estimate_raw_at_time_of_calibration":41.08419370651245,"first_decay":0.0,"first_intercept":0.0,"first_scale":0.0,"first_slope":0.0,"intercept":57.185871159366144,"possible_bad":true,"raw_timestamp":1473933852279,"raw_value":32.464,"second_decay":0.0,"second_intercept":0.0,"second_scale":0.0,"second_slope":0.0,"sensor_age_at_time_of_estimation":1.607711023E9,"sensor_confidence":0.9117469999999999,"sensor_uuid":"fa1aa95d-8569-450a-98a7-772b7759195f","slope":1.328183008230712,"slope_confidence":0.7598868469689216,"timestamp":1473934091495,"uuid":"d8e2bebb-b077-40a7-a153-b0e775bea76d"}
09-15 23:12:47.424 10596-11125/com.eveningoutpost.dexdrip D/jamorham listener: syncCalibrationData cal: {"adjusted_raw_value":40.808,"bg":90.0,"check_in":false,"distance_from_estimate":18.21694947092294,"estimate_bg_at_time_of_calibration":0.0,"estimate_raw_at_time_of_calibration":36.61560951266438,"first_decay":0.0,"first_intercept":0.0,"first_scale":0.0,"first_slope":0.0,"intercept":54.08899004107945,"possible_bad":true,"raw_timestamp":1473890056189,"raw_value":40.808,"second_decay":0.0,"second_intercept":0.0,"second_scale":0.0,"second_slope":0.0,"sensor_age_at_time_of_estimation":1.564550697E9,"sensor_confidence":0.820835,"sensor_uuid":"fa1aa95d-8569-450a-98a7-772b7759195f","slope":1.2913922929561208,"slope_confidence":0.8987192289324013,"timestamp":1473890931169,"uuid":"1f0b38be-d524-4dbe-a32d-e56864c55094"}
09-15 23:12:47.491 10596-11125/com.eveningoutpost.dexdrip D/jamorham listener: syncCalibrationData cal: {"adjusted_raw_value":48.944,"bg":86.0,"check_in":false,"distance_from_estimate":22.824987301289966,"estimate_bg_at_time_of_calibration":0.0,"estimate_raw_at_time_of_calibration":53.97184210270643,"first_decay":0.0,"first_intercept":0.0,"first_scale":0.0,"first_slope":0.0,"intercept":27.710410529077052,"possible_bad":true,"raw_timestamp":1473869353112,"raw_value":48.944,"second_decay":0.0,"second_intercept":0.0,"second_scale":0.0,"second_slope":0.0,"sensor_age_at_time_of_estimation":1.543434803E9,"sensor_confidence":0.806879,"sensor_uuid":"fa1aa95d-8569-450a-98a7-772b7759195f","slope":1.08,"slope_confidence":0.9479678866816685,"timestamp":1473869815275,"uuid":"11d0c7ba-ad3c-4911-ac3e-435f36062a06"}
09-15 23:12:47.491 10596-11125/com.eveningoutpost.dexdrip V/WearableLS: unbindService: com.eveningoutpost.dexdrip/.ListenerService






09-16 06:41:09.889 17411-17411/com.eveningoutpost.dexdrip D/ViewRootImpl: #1 mView = android.widget.LinearLayout{103d2d2 V.E...... ......I. 0,0-0,0 #10203b0 android:id/toast_layout_root}
09-16 06:41:09.919 17411-17411/com.eveningoutpost.dexdrip D/jamorham watchupdater: onStartCommand Action=com.eveningoutpost.dexdrip.wearintegration.WatchUpdaterService.SyncSensor Path=/nightscout_watch_sensor_data
09-16 06:41:09.929 17411-17411/com.eveningoutpost.dexdrip D/jamorham watchupdater: Sensor sendSensorData uuid=fbe9b40f-c277-4dbc-8399-a0ecee2dc743 started_at=1474015200776 active=true battery=0 location=null stopped_at=0
09-16 06:41:09.929 17411-17411/com.eveningoutpost.dexdrip D/SENSOR: Sensor toS uuid=fbe9b40f-c277-4dbc-8399-a0ecee2dc743 started_at=1474015200776 active=true battery=0 location=null stopped_at=0
09-16 06:41:09.939 17411-17411/com.eveningoutpost.dexdrip D/jamorham watchupdater: dataMap sendSensorData GSON: {}
09-16 06:41:09.939 17411-17411/com.eveningoutpost.dexdrip D/jamorham wear: SendDataToLayerThread pre-execute concurrency: 1
09-16 06:41:09.939 17411-17411/com.eveningoutpost.dexdrip D/jamorham exec: New task queue for: sendSensorData
09-16 06:41:09.939 17411-17411/com.eveningoutpost.dexdrip D/jamorham exec:  New thread: sendSensorData
09-16 06:41:09.939 17411-18790/com.eveningoutpost.dexdrip D/jamorham exec: Acquire Wakelocks total: 1
09-16 06:41:09.939 17411-17411/com.eveningoutpost.dexdrip D/G5CollectionService: onG5StartCommand wakeup: 2016-09-16 06:41:09
09-16 06:41:09.939 17411-17411/com.eveningoutpost.dexdrip D/G5CollectionService: Transmitter: 4023GU
09-16 06:41:09.949 17411-17411/com.eveningoutpost.dexdrip D/G5CollectionService: Bonded? true
09-16 06:41:09.949 17411-17411/com.eveningoutpost.dexdrip D/BluetoothAdapter: STATE_ON
09-16 06:41:09.949 17411-17411/com.eveningoutpost.dexdrip D/BluetoothAdapter: STATE_ON
09-16 06:41:09.959 17411-17411/com.eveningoutpost.dexdrip D/G5CollectionService: Active Sensor
09-16 06:41:09.959 17411-18791/com.eveningoutpost.dexdrip D/BluetoothAdapter: STATE_ON


09-16 06:41:09.959 17411-18790/com.eveningoutpost.dexdrip D/jamorham wear: DataMap: {sensor_location=null, started_at=1474015200776, latest_battery_level=0, time=1474022469942, uuid=fbe9b40f-c277-4dbc-8399-a0ecee2dc743} sent to: SmartWatch 3 2B62
09-16 06:41:09.959 17411-18790/com.eveningoutpost.dexdrip D/jamorham wear: SendDataToLayerThread post-execute concurrency: 0





09-16 08:02:54.290 22182-22239/com.eveningoutpost.dexdrip D/jamorham listener: onDataChanged path=/nightscout_watch_sensor_data DataMap={started_at=1474015200776, sensor_location=Belly (abdomen), latest_battery_level=0, time=1474027375012, uuid=fbe9b40f-c277-4dbc-8399-a0ecee2dc743}
09-16 08:02:54.290 22182-22239/com.eveningoutpost.dexdrip D/jamorham listener: syncSensorData
09-16 08:02:54.291 22182-22239/com.eveningoutpost.dexdrip D/jamorham listener: syncSensorData add Sensor  for uuid=fbe9b40f-c277-4dbc-8399-a0ecee2dc743
09-16 08:02:54.291 22182-22239/com.eveningoutpost.dexdrip D/jamorham listener: syncSensorData add Sensor for uuid=fbe9b40f-c277-4dbc-8399-a0ecee2dc743 timestamp=1474015200776 timeString=09.16.2016 04:40:00
09-16 08:02:54.291 22182-22239/com.eveningoutpost.dexdrip D/SENSOR: xDrip_sensor_uuid is fbe9b40f-c277-4dbc-8399-a0ecee2dc743
09-16 08:02:54.292 22182-22239/com.eveningoutpost.dexdrip E/SQLiteLog: (1) no such table: Sensor
09-16 08:02:54.293 22182-22239/com.eveningoutpost.dexdrip D/SENSOR: xDrip_sensor_uuid is fbe9b40f-c277-4dbc-8399-a0ecee2dc743
09-16 08:02:54.293 22182-22239/com.eveningoutpost.dexdrip E/SQLiteLog: (1) no such table: Sensor
09-16 08:02:54.294 22182-22239/com.eveningoutpost.dexdrip D/jamorham listener: syncSensorData Sensor create.
09-16 08:02:54.320 22182-22239/com.eveningoutpost.dexdrip D/SENSOR MODEL:: Sensors@20
09-16 08:02:54.322 22182-22239/com.eveningoutpost.dexdrip D/jamorham listener: syncSensorData Created Sensor uuid=fbe9b40f-c277-4dbc-8399-a0ecee2dc743 started at=1474015200776
09-16 08:02:54.337 22182-22239/com.eveningoutpost.dexdrip V/WearableLS: unbindService: com.eveningoutpost.dexdrip/.ListenerService
09-16 08:02:59.018 22182-22674/com.eveningoutpost.dexdrip D/onDraw: draw
09-16 08:03:59.020 22182-22899/com.eveningoutpost.dexdrip D/onDraw: draw
09-16 08:04:59.021 22182-22674/com.eveningoutpost.dexdrip D/onDraw: draw
09-16 08:05:59.013 22182-22899/com.eveningoutpost.dexdrip D/onDraw: draw
09-16 08:06:59.005 22182-22182/com.eveningoutpost.dexdrip D/jamorham listener: DataRequester: /nightscout_watch_data_resend
09-16 08:06:59.012 22182-22674/com.eveningoutpost.dexdrip D/onDraw: draw
09-16 08:06:59.013 22182-22905/com.eveningoutpost.dexdrip D/jamorham listener: Not connected for sending
09-16 08:06:59.058 22182-22182/com.eveningoutpost.dexdrip D/jamorham listener: DataRequester: /nightscout_watch_data_resend
09-16 08:06:59.063 22182-22240/com.eveningoutpost.dexdrip D/jamorham listener: doInBackground connected.  NodeApi.GetConnectedNodesResult await count=1
09-16 08:06:59.063 22182-22240/com.eveningoutpost.dexdrip D/jamorham listener: stopBtG5Service
09-16 08:06:59.080 22182-22240/com.eveningoutpost.dexdrip D/jamorham listener: getWearBGData last_send_previous:12.31.1969 19:00:00




09-16 08:28:46.939 22182-22239/com.eveningoutpost.dexdrip V/WearableLS: bindService: com.eveningoutpost.dexdrip/.ListenerService
09-16 08:28:46.942 22182-22239/com.eveningoutpost.dexdrip D/jamorham listener: onDataChanged SYNC_DB_PATH=/syncweardb
09-16 08:28:46.943 22182-22239/com.eveningoutpost.dexdrip V/WearableLS: unbindService: com.eveningoutpost.dexdrip/.ListenerService
09-16 08:28:46.957 22182-22239/com.eveningoutpost.dexdrip V/WearableLS: bindService: com.eveningoutpost.dexdrip/.ListenerService
09-16 08:28:46.959 22182-22239/com.eveningoutpost.dexdrip D/jamorham listener: onDataChanged path=/nightscout_watch_sensor_data DataMap={started_at=1474015200776, sensor_location=Belly (abdomen), latest_battery_level=0, time=1474028926352, uuid=fbe9b40f-c277-4dbc-8399-a0ecee2dc743}
09-16 08:28:46.959 22182-22239/com.eveningoutpost.dexdrip D/jamorham listener: syncSensorData
09-16 08:28:46.960 22182-22239/com.eveningoutpost.dexdrip D/jamorham listener: syncSensorData add Sensor  for uuid=fbe9b40f-c277-4dbc-8399-a0ecee2dc743
09-16 08:28:46.960 22182-22239/com.eveningoutpost.dexdrip D/jamorham listener: syncSensorData add Sensor for uuid=fbe9b40f-c277-4dbc-8399-a0ecee2dc743 timestamp=1474015200776 timeString=09.16.2016 04:40:00
09-16 08:28:46.960 22182-22239/com.eveningoutpost.dexdrip D/SENSOR: xDrip_sensor_uuid is fbe9b40f-c277-4dbc-8399-a0ecee2dc743
09-16 08:28:46.960 22182-22239/com.eveningoutpost.dexdrip E/SQLiteLog: (1) no such table: Sensor
09-16 08:28:46.961 22182-22239/com.eveningoutpost.dexdrip D/SENSOR: xDrip_sensor_uuid is fbe9b40f-c277-4dbc-8399-a0ecee2dc743
09-16 08:28:46.961 22182-22239/com.eveningoutpost.dexdrip E/SQLiteLog: (1) no such table: Sensor
09-16 08:28:46.962 22182-22239/com.eveningoutpost.dexdrip D/jamorham listener: syncSensorData Sensor create.
09-16 08:28:46.988 22182-22239/com.eveningoutpost.dexdrip D/SENSOR MODEL:: Sensors@21
09-16 08:28:46.991 22182-22239/com.eveningoutpost.dexdrip D/jamorham listener: syncSensorData Created Sensor uuid=fbe9b40f-c277-4dbc-8399-a0ecee2dc743 started at=1474015200776
09-16 08:28:47.010 22182-22239/com.eveningoutpost.dexdrip V/WearableLS: unbindService: com.eveningoutpost.dexdrip/.ListenerService
09-16 08:28:59.018 22182-22674/com.eveningoutpost.dexdrip D/onDraw: draw
09-16 08:29:59.022 22182-22899/com.eveningoutpost.dexdrip D/onDraw: draw
09-16 08:30:59.021 22182-22674/com.eveningoutpost.dexdrip D/onDraw: draw
09-16 08:31:59.010 22182-22182/com.eveningoutpost.dexdrip D/jamorham listener: DataRequester: /nightscout_watch_data_resend
09-16 08:31:59.016 22182-22278/com.eveningoutpost.dexdrip D/jamorham listener: Not connected for sending
09-16 08:31:59.024 22182-22899/com.eveningoutpost.dexdrip D/onDraw: draw
09-16 08:31:59.066 22182-22182/com.eveningoutpost.dexdrip D/jamorham listener: DataRequester: /nightscout_watch_data_resend
09-16 08:31:59.073 22182-22278/com.eveningoutpost.dexdrip D/jamorham listener: doInBackground connected.  NodeApi.GetConnectedNodesResult await count=1
09-16 08:31:59.073 22182-22278/com.eveningoutpost.dexdrip D/jamorham listener: stopBtG5Service
09-16 08:31:59.079 22182-22278/com.eveningoutpost.dexdrip D/jamorham listener: getWearBGData last_send_previous:12.31.1969 19:00:00
09-16 08:32:59.021 22182-22674/com.eveningoutpost.dexdrip D/onDraw: draw
09-16 08:33:59.013 22182-22899/com.eveningoutpost.dexdrip D/onDraw: draw
09-16 08:34:27.378 22182-22182/com.eveningoutpost.dexdrip D/onDraw: draw
09-16 08:34:30.278 22182-22239/com.eveningoutpost.dexdrip V/WearableLS: bindService: com.eveningoutpost.dexdrip/.ListenerService
09-16 08:34:30.282 22182-22239/com.eveningoutpost.dexdrip V/WearableLS: unbindService: com.eveningoutpost.dexdrip/.ListenerService
09-16 08:34:30.286 22182-22239/com.eveningoutpost.dexdrip V/WearableLS: bindService: com.eveningoutpost.dexdrip/.ListenerService
09-16 08:34:30.287 22182-22239/com.eveningoutpost.dexdrip V/WearableLS: unbindService: com.eveningoutpost.dexdrip/.ListenerService




09-16 08:49:08.387 6016-6186/com.eveningoutpost.dexdrip D/BluetoothGatt: setCharacteristicNotification() - uuid: f8083535-849e-531c-c594-30f1f86a4ea5 enable: true
09-16 08:49:08.387 6016-6186/com.eveningoutpost.dexdrip D/BluetoothGatt: onClientConnParamsChanged() - Device=FF:92:A0:57:7C:E9 interval=38 status=0
09-16 08:49:08.457 6016-6028/com.eveningoutpost.dexdrip E/G5CollectionService: ReadStatus: 0
09-16 08:49:08.467 6016-6028/com.eveningoutpost.dexdrip I/G5CollectionService: onCharacteristicRead On Main Thread? false
09-16 08:49:08.467 6016-6028/com.eveningoutpost.dexdrip E/G5CollectionService: CharBytes-or [7]
09-16 08:49:08.477 6016-6028/com.eveningoutpost.dexdrip I/G5CollectionService: CharHex-or 07
09-16 08:49:08.477 6016-6028/com.eveningoutpost.dexdrip I/G5CollectionService: 7 - Transmitter NOT already authenticated
09-16 08:49:08.477 6016-6028/com.eveningoutpost.dexdrip I/G5CollectionService: [B@b0b7cd1
09-16 08:49:08.557 6016-6029/com.eveningoutpost.dexdrip E/G5CollectionService: Success Write 0
09-16 08:49:08.567 6016-6029/com.eveningoutpost.dexdrip I/G5CollectionService: onCharacteristicWrite On Main Thread? false
09-16 08:49:08.567 6016-6029/com.eveningoutpost.dexdrip I/G5CollectionService: Char Value: [1, 52, 97, 101, 55, 49, 51, 51, 54, 2]
09-16 08:49:08.567 6016-6029/com.eveningoutpost.dexdrip I/G5CollectionService: auth? f8083535-849e-531c-c594-30f1f86a4ea5
09-16 08:49:08.657 6016-6186/com.eveningoutpost.dexdrip E/G5CollectionService: ReadStatus: 0
09-16 08:49:08.687 6016-6186/com.eveningoutpost.dexdrip I/G5CollectionService: onCharacteristicRead On Main Thread? false
09-16 08:49:08.687 6016-6186/com.eveningoutpost.dexdrip E/G5CollectionService: CharBytes-or [3, -124, 94, 56, -57, 63, -3, 112, 0, -94, 30, 29, -121, -65, -1, 88, 106]
09-16 08:49:08.697 6016-6186/com.eveningoutpost.dexdrip I/G5CollectionService: CharHex-or 03845e38c73ffd7000a21e1d87bfff586a
09-16 08:49:08.697 6016-6186/com.eveningoutpost.dexdrip I/G5CollectionService: tokenHash [-124, 94, 56, -57, 63, -3, 112, 0]
09-16 08:49:08.697 6016-6186/com.eveningoutpost.dexdrip I/G5CollectionService: singleUSe [-124, 94, 56, -57, 63, -3, 112, 0]
09-16 08:49:08.697 6016-6186/com.eveningoutpost.dexdrip D/G5CollectionService: challenge hash[-79, -43, 6, 38, 9, 75, -68, 22]
09-16 08:49:08.697 6016-6186/com.eveningoutpost.dexdrip D/G5CollectionService: Transmitter try auth challenge
09-16 08:49:08.697 6016-6186/com.eveningoutpost.dexdrip I/G5CollectionService: Auth Challenge: [4, -79, -43, 6, 38, 9, 75, -68, 22]
09-16 08:49:08.797 6016-6028/com.eveningoutpost.dexdrip E/G5CollectionService: Success Write 0
09-16 08:49:08.797 6016-6028/com.eveningoutpost.dexdrip I/G5CollectionService: onCharacteristicWrite On Main Thread? false
09-16 08:49:08.797 6016-6028/com.eveningoutpost.dexdrip I/G5CollectionService: Char Value: [4, -79, -43, 6, 38, 9, 75, -68, 22]
09-16 08:49:08.797 6016-6028/com.eveningoutpost.dexdrip I/G5CollectionService: auth? f8083535-849e-531c-c594-30f1f86a4ea5
09-16 08:49:08.887 6016-6029/com.eveningoutpost.dexdrip E/G5CollectionService: ReadStatus: 0
09-16 08:49:08.897 6016-6029/com.eveningoutpost.dexdrip I/G5CollectionService: onCharacteristicRead On Main Thread? false
09-16 08:49:08.897 6016-6029/com.eveningoutpost.dexdrip E/G5CollectionService: CharBytes-or [5, 1, 1]
09-16 08:49:08.907 6016-6029/com.eveningoutpost.dexdrip I/G5CollectionService: CharHex-or 050101
09-16 08:49:08.907 6016-6029/com.eveningoutpost.dexdrip I/G5CollectionService: Request Sensor Data
09-16 08:49:08.907 6016-6029/com.eveningoutpost.dexdrip D/BluetoothGatt: setCharacteristicNotification() - uuid: f8083534-849e-531c-c594-30f1f86a4ea5 enable: true
09-16 08:49:08.987 6016-6186/com.eveningoutpost.dexdrip I/G5CollectionService: onDescriptorWrite On Main Thread? false
09-16 08:49:08.987 6016-6186/com.eveningoutpost.dexdrip E/G5CollectionService: Writing descriptor: 0
09-16 08:49:09.127 6016-6028/com.eveningoutpost.dexdrip E/G5CollectionService: Success Write 0
09-16 08:49:09.137 6016-6028/com.eveningoutpost.dexdrip I/G5CollectionService: onCharacteristicWrite On Main Thread? false
09-16 08:49:09.137 6016-6028/com.eveningoutpost.dexdrip I/G5CollectionService: control? f8083534-849e-531c-c594-30f1f86a4ea5
09-16 08:49:09.137 6016-6028/com.eveningoutpost.dexdrip I/G5CollectionService: status? 0
09-16 08:49:09.137 6016-6028/com.eveningoutpost.dexdrip E/G5CollectionService: CharBytes-nfy[47, 0, -101, -84, 68, 0, -32, -70, 1, 0, -128, -55, 1, 0, -98, -24]
09-16 08:49:09.147 6016-6028/com.eveningoutpost.dexdrip I/G5CollectionService: CharHex-nfy2f009bac4400e0ba010080c901009ee8
09-16 08:49:09.147 6016-6028/com.eveningoutpost.dexdrip I/G5CollectionService: onCharacteristicChanged On Main Thread? false
09-16 08:49:09.147 6016-6028/com.eveningoutpost.dexdrip D/BluetoothGatt: requestConnectionPriority() - params: 1
09-16 08:49:09.157 6016-6028/com.eveningoutpost.dexdrip E/G5CollectionService: unfiltered: 113376
09-16 08:49:09.197 6016-6028/com.eveningoutpost.dexdrip D/BluetoothGatt: setCharacteristicNotification() - uuid: f8083534-849e-531c-c594-30f1f86a4ea5 enable: false
09-16 08:49:09.197 6016-6028/com.eveningoutpost.dexdrip D/BluetoothGatt: cancelOpen() - device: FF:92:A0:57:7C:E9
09-16 08:49:09.277 6016-6028/com.eveningoutpost.dexdrip I/timestamp create: 1474030149213
09-16 08:49:09.287 6016-6028/com.eveningoutpost.dexdrip D/BgReading: create: No calibration yet
09-16 08:49:09.287 6016-6028/com.eveningoutpost.dexdrip I/BgReading: calculateAgeAdjustedRawValue: RAW VALUE ADJUSTMENT FROM:113.376 TO: 159.74938313236842
09-16 08:49:09.317 6016-6028/com.eveningoutpost.dexdrip I/BgReading: find_new_curve: Not enough data to calculate parabolic rates - assume static data
09-16 08:49:09.317 6016-6028/com.eveningoutpost.dexdrip I/BgReading: 0.0x^2 + 0.0x + 0.0
09-16 08:49:09.387 6016-6028/com.eveningoutpost.dexdrip I/BgReading: find_new_raw_curve: Not enough data to calculate parabolic rates - assume static data
09-16 08:49:09.407 6016-6028/com.eveningoutpost.dexdrip W/BgReading: NO BG? COULDNT FIND SLOPE!
09-16 08:49:09.447 6016-6028/com.eveningoutpost.dexdrip I/BG GSON:: {"a":0.0,"age_adjusted_raw_value":159.74938313236842,"b":0.0,"c":0.0,"calculated_value":0.0,"calculated_value_slope":0.0,"calibration_flag":false,"filtered_calculated_value":0.0,"filtered_data":117.12,"hide_slope":false,"ra":0.0,"raw_calculated":0.0,"raw_data":113.376,"rb":0.0,"rc":34.232,"sensor_uuid":"fbe9b40f-c277-4dbc-8399-a0ecee2dc743","synced":false,"time_since_sensor_started":1.4948437E7,"timestamp":1474030149213,"uuid":"fc9db2d0-3072-4b58-8ae9-e2b5306485d5"}
09-16 08:49:09.447 6016-6028/com.eveningoutpost.dexdrip D/Dex raw_data: 113376.0
09-16 08:49:09.447 6016-6028/com.eveningoutpost.dexdrip D/Dex filtered_data: 0.0
09-16 08:49:09.447 6016-6028/com.eveningoutpost.dexdrip D/Dex sensor_battery_level: 216.0
09-16 08:49:09.447 6016-6028/com.eveningoutpost.dexdrip D/Dex timestamp: 1.474030149213E12
09-16 08:49:09.447 6016-6028/com.eveningoutpost.dexdrip D/BluetoothGatt: onClientConnectionState() - status=0 clientIf=6 device=FF:92:A0:57:7C:E9
09-16 08:49:09.447 6016-6028/com.eveningoutpost.dexdrip I/G5CollectionService: onConnectionStateChange On Main Thread? false
09-16 08:49:09.447 6016-6028/com.eveningoutpost.dexdrip E/G5CollectionService: STATE_DISCONNECTED: 0
09-16 08:49:09.457 6016-6028/com.eveningoutpost.dexdrip D/BluetoothGatt: close()
09-16 08:49:09.457 6016-6028/com.eveningoutpost.dexdrip D/BluetoothGatt: unregisterApp() - mClientIf=6
09-16 08:49:09.457 6016-6028/com.eveningoutpost.dexdrip I/G5CollectionService: clean disconnect




09-18 16:55:27.619 13545-13654/com.eveningoutpost.dexdrip D/jamorham listener: getWearBGData set last_send_previous:09.18.2016 11:43:59
09-18 16:55:27.631 13545-13654/com.eveningoutpost.dexdrip D/jamorham listener: dataMap BG GSON: {}
09-18 16:55:27.632 13545-13654/com.eveningoutpost.dexdrip D/jamorham listener: getWearBGData bg.timestamp:09.18.2016 11:54:03
09-18 16:55:27.635 13545-13654/com.eveningoutpost.dexdrip D/jamorham listener: getWearBGData set last_send_previous:09.18.2016 11:54:03
09-18 16:55:27.635 13545-13654/com.eveningoutpost.dexdrip D/jamorham listener: doInBackground send getWearBGData BGs to phone
09-18 16:55:27.652 13545-13545/com.eveningoutpost.dexdrip D/jamorham listener: send getWearBGData BGs to phone: SUCCESS
09-18 16:55:27.657 13545-13654/com.eveningoutpost.dexdrip D/jamorham listener: getWearBGData last_send_previous:09.18.2016 11:54:03
09-18 16:55:27.665 13545-13654/com.eveningoutpost.dexdrip D/jamorham listener: getWearBGData last_bg.timestamp:09.18.2016 16:44:03
09-18 16:55:27.667 13545-13654/com.eveningoutpost.dexdrip D/jamorham listener: getWearBGData last_send_previous < last_bg.timestamp:09.18.2016 16:44:03
09-18 16:55:27.686 13545-13654/com.eveningoutpost.dexdrip D/jamorham listener: getWearBGData graph_bgs count = 31
09-18 16:55:27.690 13545-13654/com.eveningoutpost.dexdrip D/jamorham listener: dataMap BG GSON: {}







09-18 16:55:25.747 13545-13545/com.eveningoutpost.dexdrip I/chatty: uid=10039(com.eveningoutpost.dexdrip) expire 2 lines
09-18 16:55:25.750 13545-13545/com.eveningoutpost.dexdrip I/art: Rejecting re-init on previously-failed class java.lang.Class<com.mongodb.connection.netty.NettyStream$InboundBufferHandler>
09-18 16:55:25.752 13545-13545/com.eveningoutpost.dexdrip I/art: Rejecting re-init on previously-failed class java.lang.Class<com.mongodb.connection.netty.ReadTimeoutHandler>
09-18 16:55:25.753 13545-13545/com.eveningoutpost.dexdrip I/art: Rejecting re-init on previously-failed class java.lang.Class<com.mongodb.connection.netty.ReadTimeoutHandler>
09-18 16:55:26.062 13545-13545/com.eveningoutpost.dexdrip D/jamorham listener: DataRequester: /nightscout_watch_data_resend
09-18 16:55:26.102 13545-13651/com.eveningoutpost.dexdrip D/jamorham listener: Not connected for sending
09-18 16:55:26.148 13545-13545/com.eveningoutpost.dexdrip D/onDraw: draw
09-18 16:55:26.182 13545-13545/com.eveningoutpost.dexdrip D/onDraw: draw
09-18 16:55:26.285 13545-13545/com.eveningoutpost.dexdrip D/wearSENSOR: InitDb DB exists
09-18 16:55:26.285 13545-13545/com.eveningoutpost.dexdrip D/jamorham listener: DataRequester: /nightscout_watch_data_resend
09-18 16:55:26.300 13545-13654/com.eveningoutpost.dexdrip D/jamorham listener: doInBackground connected.  NodeApi.GetConnectedNodesResult await count=1
09-18 16:55:26.300 13545-13654/com.eveningoutpost.dexdrip D/jamorham listener: stopBtG5Service
09-18 16:55:26.318 13545-13654/com.eveningoutpost.dexdrip D/jamorham listener: getWearBGData last_send_previous:12.31.1969 19:00:00
09-18 16:55:26.322 13545-13654/com.eveningoutpost.dexdrip D/jamorham listener: getWearBGData last_bg.timestamp:09.18.2016 16:44:03
09-18 16:55:26.322 13545-13654/com.eveningoutpost.dexdrip D/jamorham listener: getWearBGData last_send_previous < last_bg.timestamp:09.18.2016 16:44:03
09-18 16:55:26.352 13545-13654/com.eveningoutpost.dexdrip D/jamorham listener: getWearBGData graph_bgs count = 36
09-18 16:55:26.379 13545-13654/com.eveningoutpost.dexdrip D/jamorham listener: dataMap BG GSON: {}
09-18 16:55:26.382 13545-13654/com.eveningoutpost.dexdrip D/jamorham listener: dataMap BG GSON: {}
09-18 16:55:26.384 13545-13654/com.eveningoutpost.dexdrip D/jamorham listener: getWearBGData bg.timestamp:09.17.2016 16:44:09
09-18 16:55:26.385 13545-13654/com.eveningoutpost.dexdrip D/jamorham listener: getWearBGData set last_send_previous:09.17.2016 16:44:09
09-18 16:55:26.409 13545-13654/com.eveningoutpost.dexdrip D/jamorham listener: dataMap BG GSON: {}
09-18 16:55:26.409 13545-13654/com.eveningoutpost.dexdrip D/jamorham listener: getWearBGData bg.timestamp:09.17.2016 16:49:06
09-18 16:55:26.410 13545-13654/com.eveningoutpost.dexdrip D/jamorham listener: getWearBGData set last_send_previous:09.17.2016 16:49:06
09-18 16:55:26.413 13545-13654/com.eveningoutpost.dexdrip D/jamorham listener: dataMap BG GSON: {}
09-18 16:55:26.414 13545-13654/com.eveningoutpost.dexdrip D/jamorham listener: getWearBGData bg.timestamp:09.17.2016 16:59:10
09-18 16:55:26.414 13545-13654/com.eveningoutpost.dexdrip D/jamorham listener: getWearBGData set last_send_previous:09.17.2016 16:59:10
09-18 16:55:26.446 13545-13654/com.eveningoutpost.dexdrip D/jamorham listener: dataMap BG GSON: {}
