09-16 16:18:34.070 16588-16971/com.eveningoutpost.dexdrip D/onDraw: draw
09-16 16:18:34.082 16588-16588/com.eveningoutpost.dexdrip D/jamorham listener: DataRequester: /nightscout_watch_data_resend
09-16 16:18:34.088 16588-16859/com.eveningoutpost.dexdrip D/jamorham listener: doInBackground connected.  NodeApi.GetConnectedNodesResult await count=1
09-16 16:18:34.088 16588-16859/com.eveningoutpost.dexdrip D/jamorham listener: stopBtG5Service
09-16 16:18:34.088 16588-16859/com.eveningoutpost.dexdrip D/jamorham listener: stopBtG5Service call stopService
09-16 16:18:34.091 16588-16588/com.eveningoutpost.dexdrip E/wearG5CollectionService: stopScan
09-16 16:18:34.093 16588-16859/com.eveningoutpost.dexdrip D/jamorham listener: stopBtG5Service should have called onDestroy
09-16 16:18:34.108 16588-16588/com.eveningoutpost.dexdrip D/BluetoothAdapter: STATE_ON
09-16 16:18:34.139 16588-16588/com.eveningoutpost.dexdrip I/wearG5CollectionService: SERVICE STOPPED
09-16 16:18:34.144 16588-16859/com.eveningoutpost.dexdrip D/jamorham listener: getWearBGData last_send_previous:09.16.2016 16:09:05
09-16 16:18:34.151 16588-16859/com.eveningoutpost.dexdrip D/jamorham listener: getWearBGData last_bg.timestamp:09.16.2016 16:14:12
09-16 16:18:34.151 16588-16859/com.eveningoutpost.dexdrip D/jamorham listener: getWearBGData last_send_previous < last_bg.timestamp:09.16.2016 16:14:12
09-16 16:18:34.156 16588-16859/com.eveningoutpost.dexdrip D/jamorham listener: getWearBGData graph_bgs count = 2
09-16 16:18:34.178 16588-16859/com.eveningoutpost.dexdrip D/jamorham listener: dataMap BG GSON: {"a":-3.376183800248623E-11,"age_adjusted_raw_value":139.88745448815789,"b":99.53371196703733,"c":-7.335915640311713E13,"calculated_value":89.654792488,"calculated_value_slope":-1.4980825385047597E-5,"calibration_flag":false,"calibration_uuid":"15a8e8da-2eec-4ff2-bfe9-b4c5bab40108","filtered_calculated_value":91.73226545610527,"filtered_data":106.016,"hide_slope":false,"ra":-2.813486500207203E-11,"raw_calculated":0.0,"raw_data":104.72,"rb":82.94475997253085,"rc":-6.1132630335866E13,"sensor_uuid":"fbe9b40f-c277-4dbc-8399-a0ecee2dc743","synced":false,"time_since_sensor_started":4.1651526E7,"timestamp":1474056852302,"uuid":"2274513a-f11a-4fc8-9ca1-d8b3371d1f89"}
09-16 16:18:34.202 16588-16859/com.eveningoutpost.dexdrip D/jamorham listener: dataMap BG GSON: {"a":0.0,"age_adjusted_raw_value":143.71820134736842,"b":5.14845509776679E-6,"c":92.76192145505263,"calculated_value":94.25168871905262,"calculated_value_slope":5.14845509776679E-6,"calibration_flag":false,"calibration_uuid":"15a8e8da-2eec-4ff2-bfe9-b4c5bab40108","filtered_calculated_value":93.48176978326316,"filtered_data":107.04,"hide_slope":false,"ra":0.0,"raw_calculated":0.0,"raw_data":107.52,"rb":4.290379248138976E-6,"rc":142.47672862736843,"sensor_uuid":"fbe9b40f-c277-4dbc-8399-a0ecee2dc743","synced":false,"time_since_sensor_started":4.1344674E7,"timestamp":1474056545450,"uuid":"9a5039fa-a251-4b0f-a951-a8a651e861a2"}
09-16 16:18:34.202 16588-16859/com.eveningoutpost.dexdrip D/jamorham listener: getWearBGData bg.timestamp:09.16.2016 16:09:05
09-16 16:18:34.203 16588-16859/com.eveningoutpost.dexdrip D/jamorham listener: getWearBGData last_send_previous:09.16.2016 16:09:05
09-16 16:18:34.213 16588-6827/com.eveningoutpost.dexdrip D/jamorham JoH: G5-timeout rate limited: 60 seconds
09-16 16:18:34.216 16588-6900/com.eveningoutpost.dexdrip D/BluetoothAdapter: STATE_ON
09-16 16:18:34.217 16588-6900/com.eveningoutpost.dexdrip D/BluetoothLeScanner: could not find callback wrapper
09-16 16:18:34.217 16588-6900/com.eveningoutpost.dexdrip D/BluetoothAdapter: STATE_ON
09-16 16:18:34.220 16588-16600/com.eveningoutpost.dexdrip D/BluetoothLeScanner: onClientRegistered() - status=0 clientIf=5
09-16 16:18:34.307 16588-6900/com.eveningoutpost.dexdrip W/wearG5CollectionService: scan cycle start
09-16 16:18:34.332 16588-16859/com.eveningoutpost.dexdrip D/jamorham listener: dataMap BG GSON: {"a":-3.376183800248623E-11,"age_adjusted_raw_value":139.88745448815789,"b":99.53371196703733,"c":-7.335915640311713E13,"calculated_value":89.654792488,"calculated_value_slope":-1.4980825385047597E-5,"calibration_flag":false,"calibration_uuid":"15a8e8da-2eec-4ff2-bfe9-b4c5bab40108","filtered_calculated_value":91.73226545610527,"filtered_data":106.016,"hide_slope":false,"ra":-2.813486500207203E-11,"raw_calculated":0.0,"raw_data":104.72,"rb":82.94475997253085,"rc":-6.1132630335866E13,"sensor_uuid":"fbe9b40f-c277-4dbc-8399-a0ecee2dc743","synced":false,"time_since_sensor_started":4.1651526E7,"timestamp":1474056852302,"uuid":"2274513a-f11a-4fc8-9ca1-d8b3371d1f89"}
09-16 16:18:34.333 16588-16859/com.eveningoutpost.dexdrip D/jamorham listener: getWearBGData bg.timestamp:09.16.2016 16:14:12
09-16 16:18:34.333 16588-16859/com.eveningoutpost.dexdrip D/jamorham listener: getWearBGData last_send_previous:09.16.2016 16:14:12
09-16 16:18:34.333 16588-16859/com.eveningoutpost.dexdrip D/jamorham listener: doInBackground send getWearBGData BGs to phone
09-16 16:18:34.340 16588-16859/com.eveningoutpost.dexdrip D/jamorham listener: getWearBGData last_send_previous:09.16.2016 16:14:12
09-16 16:18:34.344 16588-16859/com.eveningoutpost.dexdrip D/jamorham listener: getWearBGData last_bg.timestamp:09.16.2016 16:14:12
09-16 16:18:39.329 16588-6901/com.eveningoutpost.dexdrip D/jamorham JoH: G5-timeout rate limited: 60 seconds
09-16 16:18:39.337 16588-6970/com.eveningoutpost.dexdrip D/BluetoothAdapter: STATE_ON
09-16 16:18:39.359 16588-6970/com.eveningoutpost.dexdrip D/BluetoothAdapter: STATE_ON
09-16 16:18:39.363 16588-16599/com.eveningoutpost.dexdrip D/BluetoothLeScanner: onClientRegistered() - status=0 clientIf=5
09-16 16:18:39.507 16588-16594/com.eveningoutpost.dexdrip W/art: Suspending all threads took: 20.294ms
09-16 16:18:39.508 16588-6970/com.eveningoutpost.dexdrip W/wearG5CollectionService: scan cycle start
09-16 16:18:44.529 16588-6975/com.eveningoutpost.dexdrip D/jamorham JoH: G5-timeout rate limited: 60 seconds
09-16 16:18:44.538 16588-7044/com.eveningoutpost.dexdrip D/BluetoothAdapter: STATE_ON
09-16 16:18:44.559 16588-7044/com.eveningoutpost.dexdrip D/BluetoothAdapter: STATE_ON
09-16 16:18:44.563 16588-16600/com.eveningoutpost.dexdrip D/BluetoothLeScanner: onClientRegistered() - status=0 clientIf=5
09-16 16:18:44.687 16588-7044/com.eveningoutpost.dexdrip W/wearG5CollectionService: scan cycle start
09-16 16:18:49.708 16588-7045/com.eveningoutpost.dexdrip D/jamorham JoH: G5-timeout rate limited: 60 seconds
09-16 16:18:49.718 16588-7118/com.eveningoutpost.dexdrip D/BluetoothAdapter: STATE_ON
09-16 16:18:49.739 16588-7118/com.eveningoutpost.dexdrip D/BluetoothAdapter: STATE_ON
09-16 16:18:49.743 16588-16854/com.eveningoutpost.dexdrip D/BluetoothLeScanner: onClientRegistered() - status=0 clientIf=5
09-16 16:18:49.867 16588-7118/com.eveningoutpost.dexdrip W/wearG5CollectionService: scan cycle start





09-16 17:19:07.601 4961-5923/com.eveningoutpost.dexdrip I/wearG5CollectionService: clean disconnect
09-16 17:19:08.472 4961-4961/com.eveningoutpost.dexdrip D/onDraw: draw
09-16 17:19:08.503 4961-4961/com.eveningoutpost.dexdrip D/onDraw: draw
09-16 17:19:09.022 4961-25333/com.eveningoutpost.dexdrip D/onDraw: draw
09-16 17:20:09.021 4961-25344/com.eveningoutpost.dexdrip D/onDraw: draw
09-16 17:21:09.014 4961-25333/com.eveningoutpost.dexdrip D/onDraw: draw
09-16 17:22:09.013 4961-25344/com.eveningoutpost.dexdrip D/onDraw: draw
09-16 17:22:59.815 4961-4961/com.eveningoutpost.dexdrip D/wearG5CollectionService: onG5StartCommand wakeup: 2016-09-16 17:22:59
09-16 17:22:59.820 4961-4961/com.eveningoutpost.dexdrip D/wearG5CollectionService: Transmitter: 4023GU
09-16 17:22:59.833 4961-4961/com.eveningoutpost.dexdrip D/wearG5CollectionService: Bonded? true
09-16 17:22:59.836 4961-4961/com.eveningoutpost.dexdrip D/wearG5CollectionService: Active Sensor


09-16 17:23:09.010 4961-4961/com.eveningoutpost.dexdrip D/jamorham listener: DataRequester: /nightscout_watch_data_resend
09-16 17:23:09.029 4961-5141/com.eveningoutpost.dexdrip D/jamorham listener: Not connected for sending
09-16 17:23:09.031 4961-25333/com.eveningoutpost.dexdrip D/onDraw: draw
09-16 17:23:09.083 4961-4961/com.eveningoutpost.dexdrip D/jamorham listener: DataRequester: /nightscout_watch_data_resend
09-16 17:23:09.090 4961-5141/com.eveningoutpost.dexdrip D/jamorham listener: doInBackground connected.  NodeApi.GetConnectedNodesResult await count=0
09-16 17:23:09.090 4961-5141/com.eveningoutpost.dexdrip D/jamorham listener: doInBackground connected but getConnectedNodes returns 0.  start G5 service
09-16 17:23:09.090 4961-5141/com.eveningoutpost.dexdrip D/jamorham listener: startBtG5Service
09-16 17:23:09.091 4961-5141/com.eveningoutpost.dexdrip D/jamorham listener: checkLocationPermissions  mLocationPermissionApproved:true
09-16 17:23:09.092 4961-5141/com.eveningoutpost.dexdrip D/jamorham listener: checkLocationPermissions mLocationPermissionApproved:true
09-16 17:23:09.093 4961-5141/com.eveningoutpost.dexdrip D/jamorham listener: startBtG5Service start G5CollectionService


09-16 17:24:10.882 4961-4973/com.eveningoutpost.dexdrip I/BgReading: find_new_raw_curve: Not enough data to calculate parabolic rates - assume Linear data
09-16 17:24:10.882 4961-4973/com.eveningoutpost.dexdrip I/BgReading: RAW PARABOLIC RATES: 0.0x^2 + -3.87640402584914E-6x + 118.8815525956579
09-16 17:24:10.940 4961-4973/com.eveningoutpost.dexdrip D/BGQueue: New value added to queue!
09-16 17:24:10.940 4961-4973/com.eveningoutpost.dexdrip D/BgSendQueue: handleNewBgReading Broadcast BG data to watch
09-16 17:24:10.940 4961-4973/com.eveningoutpost.dexdrip D/BgSendQueue: resendData enter
09-16 17:24:10.948 4961-4973/com.eveningoutpost.dexdrip D/BgSendQueue: resendData last_bg.timestamp:09.16.2016 17:24:10
09-16 17:24:10.966 4961-4973/com.eveningoutpost.dexdrip D/BgSendQueue: resendData graph_bgs size=2
09-16 17:24:11.041 4961-4961/com.eveningoutpost.dexdrip D/onDraw: draw
09-16 17:24:11.079 4961-4968/com.eveningoutpost.dexdrip W/art: Suspending all threads took: 7.354ms
09-16 17:24:11.112 4961-4973/com.eveningoutpost.dexdrip I/BG GSON:: {"a":0.0,"age_adjusted_raw_value":117.70508723223683,"b":-4.651684831019024E-6,"c":64.44771021700001,"calculated_value":63.03595178089472,"calculated_value_slope":-4.651684831019024E-6,"calibration_flag":false,"calibration_uuid":"15a8e8da-2eec-4ff2-bfe9-b4c5bab40108","filtered_calculated_value":66.79912432678947,"filtered_data":91.248,"hide_slope":false,"ra":0.0,"raw_calculated":0.0,"raw_data":88.88,"rb":-3.87640402584914E-6,"rc":118.8815525956579,"sensor_uuid":"fbe9b40f-c277-4dbc-8399-a0ecee2dc743","synced":false,"time_since_sensor_started":4.5850011E7,"timestamp":1474061050787,"uuid":"289b9f92-896c-4419-baf5-6e74ca066dff"}
09-16 17:24:11.112 4961-4973/com.eveningoutpost.dexdrip D/wearG5CollectionService Dex raw_data: 88880.0
09-16 17:24:11.112 4961-4973/com.eveningoutpost.dexdrip D/wearG5CollectionService Dex filtered_data: 0.0
09-16 17:24:11.112 4961-4973/com.eveningoutpost.dexdrip D/wearG5CollectionService Dex sensor_battery_level: 216.0
09-16 17:24:11.113 4961-4973/com.eveningoutpost.dexdrip D/wearG5CollectionService:  Dex timestamp 1.474061050787E12 09.16.2016 17:24:10
09-16 17:24:11.114 4961-4973/com.eveningoutpost.dexdrip D/BluetoothGatt: onClientConnectionState() - status=0 clientIf=5 device=FF:92:A0:57:7C:E9
09-16 17:24:11.114 4961-4973/com.eveningoutpost.dexdrip I/wearG5CollectionService: onConnectionStateChange On Main Thread? false
09-16 17:24:11.114 4961-4973/com.eveningoutpost.dexdrip E/wearG5CollectionService: STATE_DISCONNECTED: 0
09-16 17:24:11.140 4961-4973/com.eveningoutpost.dexdrip D/BluetoothGatt: close()
09-16 17:24:11.140 4961-4973/com.eveningoutpost.dexdrip D/BluetoothGatt: unregisterApp() - mClientIf=5
09-16 17:24:11.141 4961-4973/com.eveningoutpost.dexdrip I/wearG5CollectionService: clean disconnect
09-16 17:25:09.025 4961-25333/com.eveningoutpost.dexdrip D/onDraw: draw
09-16 17:26:09.024 4961-25344/com.eveningoutpost.dexdrip D/onDraw: draw
09-16 17:27:09.012 4961-25333/com.eveningoutpost.dexdrip D/onDraw: draw

09-16 17:28:06.787 4961-4961/com.eveningoutpost.dexdrip D/wearG5CollectionService: onG5StartCommand wakeup: 2016-09-16 17:28:06
09-16 17:28:06.790 4961-4961/com.eveningoutpost.dexdrip D/wearG5CollectionService: Transmitter: 4023GU
09-16 17:28:06.799 4961-4961/com.eveningoutpost.dexdrip D/wearG5CollectionService: Bonded? true
09-16 17:28:06.801 4961-4961/com.eveningoutpost.dexdrip D/wearG5CollectionService: Active Sensor
09-16 17:28:06.809 4961-390/com.eveningoutpost.dexdrip D/BluetoothAdapter: STATE_ON



09-16 17:29:10.787 4961-4973/com.eveningoutpost.dexdrip D/BgSendQueue: handleNewBgReading Broadcast BG data to watch
09-16 17:29:10.787 4961-4973/com.eveningoutpost.dexdrip D/BgSendQueue: resendData enter
09-16 17:29:10.793 4961-4973/com.eveningoutpost.dexdrip D/BgSendQueue: resendData last_bg.timestamp:09.16.2016 17:29:10
09-16 17:29:10.803 4961-4973/com.eveningoutpost.dexdrip D/BgSendQueue: resendData graph_bgs size=3
09-16 17:29:10.880 4961-4961/com.eveningoutpost.dexdrip D/onDraw: draw
09-16 17:29:10.900 4961-4973/com.eveningoutpost.dexdrip I/BG GSON:: {"a":1.621415191257384E-11,"age_adjusted_raw_value":118.98728573907894,"b":-47.80129934252409,"c":3.52310165705575E13,"calculated_value":64.57458998910525,"calculated_value_slope":5.131188582040047E-6,"calibration_flag":false,"calibration_uuid":"15a8e8da-2eec-4ff2-bfe9-b4c5bab40108","filtered_calculated_value":64.4983568108421,"filtered_data":89.856,"hide_slope":false,"ra":1.3511793260478071E-11,"raw_calculated":0.0,"raw_data":89.904,"rb":-39.83441611876992,"rc":2.935918047552975E13,"sensor_uuid":"fbe9b40f-c277-4dbc-8399-a0ecee2dc743","synced":false,"time_since_sensor_started":4.6149871E7,"timestamp":1474061350647,"uuid":"6dcf56f5-e78b-4696-a8cb-a1a7a908aa54"}
09-16 17:29:10.900 4961-4973/com.eveningoutpost.dexdrip D/wearG5CollectionService Dex raw_data: 89904.0
09-16 17:29:10.901 4961-4973/com.eveningoutpost.dexdrip D/wearG5CollectionService Dex filtered_data: 0.0
09-16 17:29:10.901 4961-4973/com.eveningoutpost.dexdrip D/wearG5CollectionService Dex sensor_battery_level: 216.0
09-16 17:29:10.904 4961-4973/com.eveningoutpost.dexdrip D/wearG5CollectionService:  Dex timestamp 1.474061350647E12 09.16.2016 17:29:10
09-16 17:29:10.905 4961-4973/com.eveningoutpost.dexdrip D/BluetoothGatt: onClientConnectionState() - status=0 clientIf=5 device=FF:92:A0:57:7C:E9
09-16 17:29:10.905 4961-4973/com.eveningoutpost.dexdrip I/wearG5CollectionService: onConnectionStateChange On Main Thread? false
09-16 17:29:10.905 4961-4973/com.eveningoutpost.dexdrip E/wearG5CollectionService: STATE_DISCONNECTED: 0
09-16 17:29:10.919 4961-4973/com.eveningoutpost.dexdrip D/BluetoothGatt: close()
09-16 17:29:10.919 4961-4973/com.eveningoutpost.dexdrip D/BluetoothGatt: unregisterApp() - mClientIf=5
09-16 17:29:10.921 4961-4973/com.eveningoutpost.dexdrip I/wearG5CollectionService: clean disconnect
09-16 17:30:09.017 4961-25344/com.eveningoutpost.dexdrip D/onDraw: draw


09-16 17:29:10.041 4961-4973/com.eveningoutpost.dexdrip D/wearG5CollectionService: alreadyStoppedScanning
09-16 17:29:10.041 4961-4973/com.eveningoutpost.dexdrip E/wearG5CollectionService: millisecondsSinceTxAd: 292
09-16 17:29:10.055 4961-4973/com.eveningoutpost.dexdrip E/wearG5CollectionService: Scheduling Wake Time: in 236 secs 2016-09-16 17:33:06

09-16 16:54:06.713 6271-6848/com.eveningoutpost.dexdrip E/G5CollectionService: Scheduling Wake Time: in 234 secs 2016-09-16 16:58:01
09-16 16:54:06.713 6271-6848/com.eveningoutpost.dexdrip E/G5CollectionService: Scheduling Wake Time: in 234 secs 2016-09-16 16:58:01
09-16 17:19:03.156 4961-4973/com.eveningoutpost.dexdrip E/wearG5CollectionService: Scheduling Wake Time: in 236 secs 2016-09-16 17:22:59
09-16 17:24:10.106 4961-4973/com.eveningoutpost.dexdrip E/wearG5CollectionService: Scheduling Wake Time: in 236 secs 2016-09-16 17:28:06
09-16 17:29:10.055 4961-4973/com.eveningoutpost.dexdrip E/wearG5CollectionService: Scheduling Wake Time: in 236 secs 2016-09-16 17:33:06

09-16 17:34:16.619 4961-5368/com.eveningoutpost.dexdrip D/jamorham listener: getWearBGData bg.timestamp:09.16.2016 17:29:10
09-16 17:34:16.619 4961-5368/com.eveningoutpost.dexdrip D/jamorham listener: getWearBGData last_send_previous:09.16.2016 17:29:10
09-16 17:34:16.619 4961-5368/com.eveningoutpost.dexdrip D/jamorham listener: doInBackground send getWearBGData BGs to phone
09-16 17:34:16.626 4961-5368/com.eveningoutpost.dexdrip D/jamorham listener: getWearBGData last_send_previous:09.16.2016 17:29:10
09-16 17:34:16.631 4961-5368/com.eveningoutpost.dexdrip D/jamorham listener: getWearBGData last_bg.timestamp:09.16.2016 17:29:10
09-16 17:34:16.631 4961-5368/com.eveningoutpost.dexdrip D/jamorham listener: getWearBGData last_send_previous < last_bg.timestamp:09.16.2016 17:29:10
09-16 17:34:16.637 4961-5368/com.eveningoutpost.dexdrip D/jamorham listener: getWearBGData graph_bgs count = 1
09-16 17:34:16.673 4961-5368/com.eveningoutpost.dexdrip D/jamorham listener: dataMap BG GSON: {"a":1.621415191257384E-11,"age_adjusted_raw_value":118.98728573907894,"b":-47.80129934252409,"c":3.52310165705575E13,"calculated_value":64.57458998910525,"calculated_value_slope":5.131188582040047E-6,"calibration_flag":false,"calibration_uuid":"15a8e8da-2eec-4ff2-bfe9-b4c5bab40108","filtered_calculated_value":64.4983568108421,"filtered_data":89.856,"hide_slope":false,"ra":1.3511793260478071E-11,"raw_calculated":0.0,"raw_data":89.904,"rb":-39.83441611876992,"rc":2.935918047552975E13,"sensor_uuid":"fbe9b40f-c277-4dbc-8399-a0ecee2dc743","synced":false,"time_since_sensor_started":4.6149871E7,"timestamp":1474061350647,"uuid":"6dcf56f5-e78b-4696-a8cb-a1a7a908aa54"}
09-16 17:34:16.725 4961-5368/com.eveningoutpost.dexdrip D/jamorham listener: dataMap BG GSON: {"a":1.621415191257384E-11,"age_adjusted_raw_value":118.98728573907894,"b":-47.80129934252409,"c":3.52310165705575E13,"calculated_value":64.57458998910525,"calculated_value_slope":5.131188582040047E-6,"calibration_flag":false,"calibration_uuid":"15a8e8da-2eec-4ff2-bfe9-b4c5bab40108","filtered_calculated_value":64.4983568108421,"filtered_data":89.856,"hide_slope":false,"ra":1.3511793260478071E-11,"raw_calculated":0.0,"raw_data":89.904,"rb":-39.83441611876992,"rc":2.935918047552975E13,"sensor_uuid":"fbe9b40f-c277-4dbc-8399-a0ecee2dc743","synced":false,"time_since_sensor_started":4.6149871E7,"timestamp":1474061350647,"uuid":"6dcf56f5-e78b-4696-a8cb-a1a7a908aa54"}
09-16 17:34:16.725 4961-5368/com.eveningoutpost.dexdrip D/jamorham listener: getWearBGData bg.timestamp:09.16.2016 17:29:10
09-16 17:34:16.726 4961-5368/com.eveningoutpost.dexdrip D/jamorham listener: getWearBGData last_send_previous:09.16.2016 17:29:10
09-16 17:34:16.726 4961-5368/com.eveningoutpost.dexdrip D/jamorham listener: doInBackground send getWearBGData BGs to phone
09-16 17:34:16.735 4961-5368/com.eveningoutpost.dexdrip D/jamorham listener: getWearBGData last_send_previous:09.16.2016 17:29:10
09-16 17:34:16.758 4961-5368/com.eveningoutpost.dexdrip D/jamorham listener: getWearBGData last_bg.timestamp:09.16.2016 17:29:10
09-16 17:34:16.758 4961-5368/com.eveningoutpost.dexdrip D/jamorham listener: getWearBGData last_send_previous < last_bg.timestamp:09.16.2016 17:29:10
09-16 17:34:16.764 4961-5368/com.eveningoutpost.dexdrip D/jamorham listener: getWearBGData graph_bgs count = 1
09-16 17:34:16.786 4961-5368/com.eveningoutpost.dexdrip D/jamorham listener: dataMap BG GSON: {"a":1.621415191257384E-11,"age_adjusted_raw_value":118.98728573907894,"b":-47.80129934252409,"c":3.52310165705575E13,"calculated_value":64.57458998910525,"calculated_value_slope":5.131188582040047E-6,"calibration_flag":false,"calibration_uuid":"15a8e8da-2eec-4ff2-bfe9-b4c5bab40108","filtered_calculated_value":64.4983568108421,"filtered_data":89.856,"hide_slope":false,"ra":1.3511793260478071E-11,"raw_calculated":0.0,"raw_data":89.904,"rb":-39.83441611876992,"rc":2.935918047552975E13,"sensor_uuid":"fbe9b40f-c277-4dbc-8399-a0ecee2dc743","synced":false,"time_since_sensor_started":4.6149871E7,"timestamp":1474061350647,"uuid":"6dcf56f5-e78b-4696-a8cb-a1a7a908aa54"}
09-16 17:34:16.808 4961-5368/com.eveningoutpost.dexdrip D/jamorham listener: dataMap BG GSON: {"a":1.621415191257384E-11,"age_adjusted_raw_value":118.98728573907894,"b":-47.80129934252409,"c":3.52310165705575E13,"calculated_value":64.57458998910525,"calculated_value_slope":5.131188582040047E-6,"calibration_flag":false,"calibration_uuid":"15a8e8da-2eec-4ff2-bfe9-b4c5bab40108","filtered_calculated_value":64.4983568108421,"filtered_data":89.856,"hide_slope":false,"ra":1.3511793260478071E-11,"raw_calculated":0.0,"raw_data":89.904,"rb":-39.83441611876992,"rc":2.935918047552975E13,"sensor_uuid":"fbe9b40f-c277-4dbc-8399-a0ecee2dc743","synced":false,"time_since_sensor_started":4.6149871E7,"timestamp":1474061350647,"uuid":"6dcf56f5-e78b-4696-a8cb-a1a7a908aa54"}
09-16 17:34:16.809 4961-5368/com.eveningoutpost.dexdrip D/jamorham listener: getWearBGData bg.timestamp:09.16.2016 17:29:10
09-16 17:34:16.809 4961-5368/com.eveningoutpost.dexdrip D/jamorham listener: getWearBGData last_send_previous:09.16.2016 17:29:10
09-16 17:34:16.809 4961-5368/com.eveningoutpost.dexdrip D/jamorham listener: doInBackground send getWearBGData BGs to phone







09-16 19:28:44.078 1254-1254/com.eveningoutpost.dexdrip D/jamorham listener: DataRequester: /nightscout_watch_data_resend
09-16 19:28:44.083 1254-2001/com.eveningoutpost.dexdrip D/jamorham listener: doInBackground connected.  NodeApi.GetConnectedNodesResult await count=1
09-16 19:28:44.083 1254-2001/com.eveningoutpost.dexdrip D/jamorham listener: stopBtG5Service
09-16 19:28:44.083 1254-2001/com.eveningoutpost.dexdrip D/jamorham listener: stopBtG5Service call stopService
09-16 19:28:44.085 1254-1254/com.eveningoutpost.dexdrip E/wearG5CollectionService: stopScan
09-16 19:28:44.086 1254-2001/com.eveningoutpost.dexdrip D/jamorham listener: stopBtG5Service should have called onDestroy
09-16 19:28:44.102 1254-1254/com.eveningoutpost.dexdrip D/BluetoothAdapter: STATE_ON
09-16 19:28:44.102 1254-1254/com.eveningoutpost.dexdrip D/BluetoothLeScanner: could not find callback wrapper
09-16 19:28:44.102 1254-1254/com.eveningoutpost.dexdrip I/wearG5CollectionService: SERVICE STOPPED
09-16 19:28:44.105 1254-2001/com.eveningoutpost.dexdrip D/jamorham listener: getWearBGData last_send_previous:12.31.1969 19:00:00
09-16 19:28:44.114 1254-2001/com.eveningoutpost.dexdrip D/jamorham listener: getWearBGData last_bg.timestamp:09.16.2016 19:19:09
09-16 19:28:44.114 1254-2001/com.eveningoutpost.dexdrip D/jamorham listener: getWearBGData last_send_previous < last_bg.timestamp:09.16.2016 19:19:09
09-16 19:28:44.126 1254-2001/com.eveningoutpost.dexdrip D/jamorham listener: getWearBGData graph_bgs count = 14
09-16 19:28:44.150 1254-2001/com.eveningoutpost.dexdrip D/jamorham listener: dataMap BG GSON: {"a":-3.078036988586455E-11,"age_adjusted_raw_value":109.65382427631579,"b":90.74471371826985,"c":-6.6881937240671125E13,"calculated_value":53.37443623378948,"calculated_value_slope":9.453283661199268E-6,"calibration_flag":false,"calibration_uuid":"15a8e8da-2eec-4ff2-bfe9-b4c5bab40108","filtered_calculated_value":45.30391476705262,"filtered_data":78.848,"hide_slope":false,"ra":-2.5650308238220423E-11,"raw_calculated":0.0,"raw_data":84.0,"rb":75.62059476522518,"rc":-5.5734947700494E13,"sensor_uuid":"fbe9b40f-c277-4dbc-8399-a0ecee2dc743","synced":false,"time_since_sensor_started":5.2749106E7,"timestamp":1474067949882,"uuid":"0ce9cc63-b675-46c9-98f1-50fe0154f50a"}
09-16 19:28:44.171 1254-2001/com.eveningoutpost.dexdrip D/jamorham listener: dataMap BG GSON: {"a":0.0,"age_adjusted_raw_value":101.16056185526317,"b":0.0,"c":43.18252132852632,"calculated_value":43.18252132852632,"calculated_value_slope":0.0,"calibration_flag":false,"calibration_uuid":"15a8e8da-2eec-4ff2-bfe9-b4c5bab40108","filtered_calculated_value":48.842795896947365,"filtered_data":80.448,"hide_slope":false,"ra":0.0,"raw_calculated":0.0,"raw_data":76.864,"rb":0.0,"rc":101.16056185526317,"sensor_uuid":"fbe9b40f-c277-4dbc-8399-a0ecee2dc743","synced":false,"time_since_sensor_started":4.8847425E7,"timestamp":1474064048201,"uuid":"585c8185-4584-413d-ba4e-3e6331241a63"}
09-16 19:28:44.174 1254-2001/com.eveningoutpost.dexdrip D/jamorham listener: getWearBGData bg.timestamp:09.16.2016 18:14:08
09-16 19:28:44.175 1254-2001/com.eveningoutpost.dexdrip D/jamorham listener: getWearBGData set last_send_previous:09.16.2016 18:14:08
09-16 19:28:44.214 1254-2001/com.eveningoutpost.dexdrip D/jamorham listener: dataMap BG GSON: {"a":0.0,"age_adjusted_raw_value":100.10767751526315,"b":-4.172441582373242E-6,"c":43.18252132852632,"calculated_value":41.9190601205263,"calculated_value_slope":-4.172441582373242E-6,"calibration_flag":false,"calibration_uuid":"15a8e8da-2eec-4ff2-bfe9-b4c5bab40108","filtered_calculated_value":45.50500677778945,"filtered_data":78.384,"hide_slope":false,"ra":0.0,"raw_calculated":0.0,"raw_data":76.112,"rb":-3.4770346519777017E-6,"rc":101.16056185526317,"sensor_uuid":"fbe9b40f-c277-4dbc-8399-a0ecee2dc743","synced":false,"time_since_sensor_started":4.9150236E7,"timestamp":1474064351012,"uuid":"93f1a16a-c59b-4911-be97-187de925fb21"}
09-16 19:28:44.215 1254-2001/com.eveningoutpost.dexdrip D/jamorham listener: getWearBGData bg.timestamp:09.16.2016 18:19:11
09-16 19:28:44.215 1254-2001/com.eveningoutpost.dexdrip D/jamorham listener: getWearBGData set last_send_previous:09.16.2016 18:19:11
09-16 19:28:44.276 1254-2001/com.eveningoutpost.dexdrip D/jamorham listener: dataMap BG GSON: {"a":-9.240700965961385E-12,"age_adjusted_raw_value":96.15438711947368,"b":27.242768773944135,"c":-2.0078791998648188E13,"calculated_value":39.0,"calculated_value_slope":-9.740037839972693E-6,"calibration_flag":false,"calibration_uuid":"15a8e8da-2eec-4ff2-bfe9-b4c5bab40108","filtered_calculated_value":42.22258603505263,"filtered_data":76.352,"hide_slope":false,"ra":-1.612247948201322E-11,"raw_calculated":0.0,"raw_data":73.152,"rb":47.53113614961717,"rc":-3.503197051959975E13,"sensor_uuid":"fbe9b40f-c277-4dbc-8399-a0ecee2dc743","synced":false,"time_since_sensor_started":4.9449933E7,"timestamp":1474064650709,"uuid":"f1e3decf-a03a-4082-8515-c5caadd0b5c9"}
09-16 19:28:44.277 1254-2001/com.eveningoutpost.dexdrip D/jamorham listener: getWearBGData bg.timestamp:09.16.2016 18:24:10
09-16 19:28:44.279 1254-2001/com.eveningoutpost.dexdrip D/jamorham listener: getWearBGData set last_send_previous:09.16.2016 18:24:10
09-16 19:28:44.305 1254-2001/com.eveningoutpost.dexdrip D/jamorham listener: dataMap BG GSON: {"a":1.622512158794465E-11,"age_adjusted_raw_value":90.14602479657894,"b":-47.833761249906956,"c":3.525503187932425E13,"calculated_value":39.0,"calculated_value_slope":0.0,"calibration_flag":false,"calibration_uuid":"15a8e8da-2eec-4ff2-bfe9-b4c5bab40108","filtered_calculated_value":38.61606865252631,"filtered_data":74.112,"hide_slope":false,"ra":-1.1321463837670133E-11,"raw_calculated":0.0,"raw_data":68.624,"rb":33.377122690813394,"rc":-2.4600006127437E13,"sensor_uuid":"fbe9b40f-c277-4dbc-8399-a0ecee2dc743","synced":false,"time_since_sensor_started":4.9750542E7,"timestamp":1474064951318,"uuid":"50b07fe0-ec70-4edd-b58c-e24fabda35a9"}
09-16 19:28:44.306 1254-2001/com.eveningoutpost.dexdrip D/jamorham listener: getWearBGData bg.timestamp:09.16.2016 18:29:11
09-16 19:28:44.306 1254-2001/com.eveningoutpost.dexdrip D/jamorham listener: getWearBGData set last_send_previous:09.16.2016 18:29:11
09-16 19:28:44.331 1254-2001/com.eveningoutpost.dexdrip D/jamorham listener: dataMap BG GSON: {"a":2.5849394142282115E-26,"age_adjusted_raw_value":87.23298776969297,"b":0.0,"c":38.9375,"calculated_value":39.0,"calculated_value_slope":0.0,"calibration_flag":false,"calibration_uuid":"15a8e8da-2eec-4ff2-bfe9-b4c5bab40108","filtered_calculated_value":34.283222806368414,"filtered_data":71.408,"hide_slope":false,"ra":1.710425805326954E-11,"raw_calculated":0.0,"raw_data":66.448,"rb":-50.42558947485327,"rc":3.716530798899925E13,"sensor_uuid":"fbe9b40f-c277-4dbc-8399-a0ecee2dc743","synced":false,"time_since_sensor_started":5.0050267E7,"timestamp":1474065251043,"uuid":"704b785a-9ad5-4f0c-87df-edda1773ebe3"}
09-16 19:28:44.331 1254-2001/com.eveningoutpost.dexdrip D/jamorham listener: getWearBGData bg.timestamp:09.16.2016 18:34:11
09-16 19:28:44.331 1254-2001/com.eveningoutpost.dexdrip D/jamorham listener: getWearBGData set last_send_previous:09.16.2016 18:34:11
09-16 19:28:44.392 1254-2001/com.eveningoutpost.dexdrip D/jamorham listener: dataMap BG GSON: {"a":0.0,"age_adjusted_raw_value":81.96194606,"b":1.1368683772161603E-13,"c":38.9375,"calculated_value":39.0,"calculated_value_slope":0.0,"calibration_flag":false,"calibration_uuid":"15a8e8da-2eec-4ff2-bfe9-b4c5bab40108","filtered_calculated_value":28.94808560831578,"filtered_data":68.064,"hide_slope":false,"ra":-1.311162495328329E-11,"raw_calculated":0.0,"raw_data":62.472,"rb":38.65476780777249,"rc":-2.8489814946503875E13,"sensor_uuid":"fbe9b40f-c277-4dbc-8399-a0ecee2dc743","synced":false,"time_since_sensor_started":5.0350096E7,"timestamp":1474065550872,"uuid":"dd75b701-d279-4e8a-93d2-f0cbacaf5f67"}
09-16 19:28:44.393 1254-2001/com.eveningoutpost.dexdrip D/jamorham listener: getWearBGData bg.timestamp:09.16.2016 18:39:10
09-16 19:28:44.393 1254-2001/com.eveningoutpost.dexdrip D/jamorham listener: getWearBGData set last_send_previous:09.16.2016 18:39:10
09-16 19:28:44.418 1254-2001/com.eveningoutpost.dexdrip D/jamorham listener: dataMap BG GSON: {"a":0.0,"age_adjusted_raw_value":77.90364737166666,"b":0.0,"c":39.0,"calculated_value":39.0,"calculated_value_slope":0.0,"calibration_flag":false,"calibration_uuid":"15a8e8da-2eec-4ff2-bfe9-b4c5bab40108","filtered_calculated_value":23.24185698221055,"filtered_data":64.48,"hide_slope":false,"ra":6.7675804183706785E-12,"raw_calculated":0.0,"raw_data":59.416,"rb":-19.951729865995276,"rc":1.4705090299594E13,"sensor_uuid":"fbe9b40f-c277-4dbc-8399-a0ecee2dc743","synced":false,"time_since_sensor_started":5.0650276E7,"timestamp":1474065851052,"uuid":"89886b59-4b06-4dbd-801e-d673bf518c7f"}
09-16 19:28:44.418 1254-2001/com.eveningoutpost.dexdrip D/jamorham listener: getWearBGData bg.timestamp:09.16.2016 18:44:11
09-16 19:28:44.419 1254-2001/com.eveningoutpost.dexdrip D/jamorham listener: getWearBGData set last_send_previous:09.16.2016 18:44:11
09-16 19:28:44.444 1254-2001/com.eveningoutpost.dexdrip D/jamorham listener: dataMap BG GSON: {"a":-2.5849394142282115E-26,"age_adjusted_raw_value":80.65367023530702,"b":0.0,"c":39.0,"calculated_value":39.0,"calculated_value_slope":0.0,"calibration_flag":false,"calibration_uuid":"15a8e8da-2eec-4ff2-bfe9-b4c5bab40108","filtered_calculated_value":18.70004343589474,"filtered_data":61.632,"hide_slope":false,"ra":3.7807237383457846E-11,"raw_calculated":0.0,"raw_data":61.552,"rb":-111.4607172697174,"rc":8.215022013038875E13,"sensor_uuid":"fbe9b40f-c277-4dbc-8399-a0ecee2dc743","synced":false,"time_since_sensor_started":5.0950205E7,"timestamp":1474066150981,"uuid":"222dd3e6-7264-46ca-94c7-f94c571df08c"}
09-16 19:28:44.444 1254-2001/com.eveningoutpost.dexdrip D/jamorham listener: getWearBGData bg.timestamp:09.16.2016 18:49:10
09-16 19:28:44.445 1254-2001/com.eveningoutpost.dexdrip D/jamorham listener: getWearBGData set last_send_previous:09.16.2016 18:49:10
09-16 19:28:44.472 1254-2001/com.eveningoutpost.dexdrip D/jamorham listener: dataMap BG GSON: {"a":2.5849394142282115E-26,"age_adjusted_raw_value":86.9097448845614,"b":0.0,"c":39.0,"calculated_value":39.0,"calculated_value_slope":0.0,"calibration_flag":false,"calibration_uuid":"15a8e8da-2eec-4ff2-bfe9-b4c5bab40108","filtered_calculated_value":17.269043688263153,"filtered_data":60.76,"hide_slope":false,"ra":1.9546758765682166E-11,"raw_calculated":0.0,"raw_data":66.368,"rb":-57.626415884213884,"rc":4.2472563449966E13,"sensor_uuid":"fbe9b40f-c277-4dbc-8399-a0ecee2dc743","synced":false,"time_since_sensor_started":5.1249734E7,"timestamp":1474066450510,"uuid":"88d0cf57-08c2-4298-909c-2cd2e7de7aed"}
09-16 19:28:44.473 1254-2001/com.eveningoutpost.dexdrip D/jamorham listener: getWearBGData bg.timestamp:09.16.2016 18:54:10
09-16 19:28:44.475 1254-2001/com.eveningoutpost.dexdrip D/jamorham listener: getWearBGData set last_send_previous:09.16.2016 18:54:10
09-16 19:28:44.525 1254-2001/com.eveningoutpost.dexdrip D/jamorham listener: dataMap BG GSON: {"a":0.0,"age_adjusted_raw_value":89.912175045,"b":0.0,"c":38.9375,"calculated_value":39.0,"calculated_value_slope":0.0,"calibration_flag":false,"calibration_uuid":"15a8e8da-2eec-4ff2-bfe9-b4c5bab40108","filtered_calculated_value":19.92268351718421,"filtered_data":62.488,"hide_slope":false,"ra":-1.8157004794361622E-11,"raw_calculated":0.0,"raw_data":68.704,"rb":53.529278666060236,"rc":-3.94528682862925E13,"sensor_uuid":"fbe9b40f-c277-4dbc-8399-a0ecee2dc743","synced":false,"time_since_sensor_started":5.1550221E7,"timestamp":1474066750997,"uuid":"8540cb08-6746-4253-8bf9-7344713810be"}
09-16 19:28:44.526 1254-2001/com.eveningoutpost.dexdrip D/jamorham listener: getWearBGData bg.timestamp:09.16.2016 18:59:10
09-16 19:28:44.526 1254-2001/com.eveningoutpost.dexdrip D/jamorham listener: getWearBGData set last_send_previous:09.16.2016 18:59:10
09-16 19:28:44.549 1254-2001/com.eveningoutpost.dexdrip D/jamorham listener: dataMap BG GSON: {"a":-2.5849394142282115E-26,"age_adjusted_raw_value":94.12453583798246,"b":-1.1368683772161603E-13,"c":39.0,"calculated_value":39.0,"calculated_value_slope":0.0,"calibration_flag":false,"calibration_uuid":"15a8e8da-2eec-4ff2-bfe9-b4c5bab40108","filtered_calculated_value":25.67420586478947,"filtered_data":66.192,"hide_slope":false,"ra":6.736087578598922E-12,"raw_calculated":0.0,"raw_data":71.968,"rb":-19.85887344684602,"rc":1.463664367403225E13,"sensor_uuid":"fbe9b40f-c277-4dbc-8399-a0ecee2dc743","synced":false,"time_since_sensor_started":5.1850303E7,"timestamp":1474067051079,"uuid":"b59292f4-e756-42bd-9c08-b6493e31167d"}
09-16 19:28:44.550 1254-2001/com.eveningoutpost.dexdrip D/jamorham listener: getWearBGData bg.timestamp:09.16.2016 19:04:11
09-16 19:28:44.551 1254-2001/com.eveningoutpost.dexdrip D/jamorham listener: getWearBGData set last_send_previous:09.16.2016 19:04:11
09-16 19:28:44.577 1254-2001/com.eveningoutpost.dexdrip D/jamorham listener: dataMap BG GSON: {"a":1.7577915217013183E-11,"age_adjusted_raw_value":100.29757129719299,"b":-51.82204602130264,"c":3.819458139207381E13,"calculated_value":42.146932658842104,"calculated_value_slope":1.0528696611280046E-5,"calibration_flag":false,"calibration_uuid":"15a8e8da-2eec-4ff2-bfe9-b4c5bab40108","filtered_calculated_value":32.40995409421053,"filtered_data":70.528,"hide_slope":false,"ra":1.1045183752223413E-11,"raw_calculated":0.0,"raw_data":76.736,"rb":-32.56266553270507,"rc":2.399976338974875E13,"sensor_uuid":"fbe9b40f-c277-4dbc-8399-a0ecee2dc743","synced":false,"time_since_sensor_started":5.2149194E7,"timestamp":1474067349970,"uuid":"501f7321-71b4-4cf9-b76f-9414914ed141"}
09-16 19:28:44.577 1254-2001/com.eveningoutpost.dexdrip D/jamorham listener: getWearBGData bg.timestamp:09.16.2016 19:09:09
09-16 19:28:44.578 1254-2001/com.eveningoutpost.dexdrip D/jamorham listener: getWearBGData set last_send_previous:09.16.2016 19:09:09
09-16 19:28:44.603 1254-2001/com.eveningoutpost.dexdrip D/jamorham listener: dataMap BG GSON: {"a":2.8993358256620592E-11,"age_adjusted_raw_value":107.29832595324562,"b":-85.47630634958455,"c":6.2998902045990125E13,"calculated_value":50.54783824610527,"calculated_value_slope":2.7918796920168052E-5,"calibration_flag":false,"calibration_uuid":"15a8e8da-2eec-4ff2-bfe9-b4c5bab40108","filtered_calculated_value":38.986203279736856,"filtered_data":74.768,"hide_slope":false,"ra":4.355700086729316E-12,"raw_calculated":0.0,"raw_data":82.144,"rb":-12.841168613206264,"rc":9.46435751261025E12,"sensor_uuid":"fbe9b40f-c277-4dbc-8399-a0ecee2dc743","synced":false,"time_since_sensor_started":5.2450099E7,"timestamp":1474067650875,"uuid":"8432f8bf-6eaf-45e8-b68d-2ebc97758be6"}
09-16 19:28:44.604 1254-2001/com.eveningoutpost.dexdrip D/jamorham listener: getWearBGData bg.timestamp:09.16.2016 19:14:10
09-16 19:28:44.604 1254-2001/com.eveningoutpost.dexdrip D/jamorham listener: getWearBGData set last_send_previous:09.16.2016 19:14:10
09-16 19:28:44.628 1254-2001/com.eveningoutpost.dexdrip D/jamorham listener: dataMap BG GSON: {"a":-3.078036988586455E-11,"age_adjusted_raw_value":109.65382427631579,"b":90.74471371826985,"c":-6.6881937240671125E13,"calculated_value":53.37443623378948,"calculated_value_slope":9.453283661199268E-6,"calibration_flag":false,"calibration_uuid":"15a8e8da-2eec-4ff2-bfe9-b4c5bab40108","filtered_calculated_value":45.30391476705262,"filtered_data":78.848,"hide_slope":false,"ra":-2.5650308238220423E-11,"raw_calculated":0.0,"raw_data":84.0,"rb":75.62059476522518,"rc":-5.5734947700494E13,"sensor_uuid":"fbe9b40f-c277-4dbc-8399-a0ecee2dc743","synced":false,"time_since_sensor_started":5.2749106E7,"timestamp":1474067949882,"uuid":"0ce9cc63-b675-46c9-98f1-50fe0154f50a"}
09-16 19:28:44.628 1254-2001/com.eveningoutpost.dexdrip D/jamorham listener: getWearBGData bg.timestamp:09.16.2016 19:19:09
09-16 19:28:44.629 1254-2001/com.eveningoutpost.dexdrip D/jamorham listener: getWearBGData set last_send_previous:09.16.2016 19:19:09
09-16 19:28:44.629 1254-2001/com.eveningoutpost.dexdrip D/jamorham listener: doInBackground send getWearBGData BGs to phone
09-16 19:28:44.669 1254-2001/com.eveningoutpost.dexdrip D/jamorham listener: getWearBGData last_send_previous:09.16.2016 19:19:09
09-16 19:28:44.678 1254-2001/com.eveningoutpost.dexdrip D/jamorham listener: getWearBGData last_bg.timestamp:09.16.2016 19:19:09
09-16 19:28:45.324 1254-10076/com.eveningoutpost.dexdrip D/jamorham JoH: G5-timeout rate limited: 60 seconds
09-16 19:28:45.328 1254-10143/com.eveningoutpost.dexdrip D/BluetoothAdapter: STATE_ON
09-16 19:28:45.328 1254-10143/com.eveningoutpost.dexdrip D/BluetoothLeScanner: could not find callback wrapper
09-16 19:28:45.915 1254-1964/com.eveningoutpost.dexdrip V/WearableLS: bindService: com.eveningoutpost.dexdrip/.ListenerService
09-16 19:28:45.954 1254-1964/com.eveningoutpost.dexdrip D/jamorham listener: onDataChanged dataMap={sgvString=54, sgvLevel=-1, slopeArrow=→, low=60.0, entries=[{sgvString=54, sgvLevel=-1, slopeArrow=→, low=60.0, high=140.0, batteryLevel=1, units=mgdl, dex_txid=4023GU, timestamp=1.474063150836E12, sgvDouble=53.5106217243158, delta=-1.7 mg/dl, battery=100}, {sgvString=55, sgvLevel=-1, slopeArrow=→, low=60.0, high=140.0, batteryLevel=1, units=mgdl, dex_txid=4023GU, timestamp=1.474062848489E12, sgvDouble=55.26534395499999, delta=-1.7 mg/dl, battery=100}, {sgvString=74, sgvLevel=0, slopeArrow=→, low=60.0, high=140.0, batteryLevel=1, units=mgdl, dex_txid=4023GU, timestamp=1.474059247312E12, sgvDouble=73.77193542431579, delta=-1.7 mg/dl, battery=100}, {sgvString=75, sgvLevel=0, slopeArrow=→, low=60.0, high=140.0, batteryLevel=1, units=mgdl, dex_txid=4023GU, timestamp=1.474058947658E12, sgvDouble=75.37256771547368, delta=-1.7 mg/dl, battery=100}, {sgvString=99, sgvLevel=0, slopeArrow=→, low=60.0, high=140.0, batteryLevel=1, units=mgdl, dex_txid=4023GU, timestamp=1.474055647069E12, sgvDouble=98.58038654073684, delta=-1.7 mg/dl, battery=100}, {sgvString=99, sgvLevel=0, slopeArrow=→, low=60.0, high=140.0, batteryLevel=1, units=mgdl, dex_txid=4023GU, timestamp=1.474055350304E12, sgvDouble=99.15086783736842, delta=-1.7 mg/dl, battery=100}, {sgvString=97, sgvLevel=0, slopeArrow=→, low=60.0, high=140.0, batteryLevel=1, units=mgdl, dex_txid=4023GU, timestamp=1.474055045822E12, sgvDouble=96.60982881873684, delta=-1.7 mg/dl, battery=100}, {sgvString=99, sgvLevel=0, slopeArrow=→, low=60.0, high=140.0, batteryLevel=1, units=mgdl, dex_txid=4023GU, timestamp=1.474054745833E12, sgvDouble=98.7262283373158, delta=-1.7 mg/dl, battery=100}, {sgvString=101, sgvLevel=0, slopeArrow=→, low=60.0, high=140.0, batteryLevel=1, units=mgdl, dex_txid=4023GU, timestamp=1.474054445794E12, sgvDouble=101.05130498694737, delta=-1.7 mg/dl, battery=100}, {sgvString=101, sgvLevel=0, slopeArrow=→, low=60.0, high=140.0, batteryLevel=1, units=mgdl, dex_txid=4023GU, timestamp=1.474054146229E12, sgvDouble=100.59357627857895, delta=-1.7 mg/dl, battery=100}, {sgvString=109, sgvLevel=0, slopeArrow=↑, low=60.0, high=140.0, batteryLevel=1, units=mgdl, dex_txid=4023GU, timestamp=1.474053546198E12, sgvDouble=109.35954681757897, delta=-1.7 mg/dl, battery=100}, {sgvString=96, sgvLevel=0, slopeArrow=→, low=60.0, high=140.0, batteryLevel=1, units=mgdl, dex_txid=4023GU, timestamp=1.474053248851E12, sgvDouble=95.77936831010524, delta=-1.7 mg/dl, battery=100}, {sgvString=95, sgvLevel=0, slopeArrow=→, low=60.0, high=140.0, batteryLevel=1, units=mgdl, dex_txid=4023GU, timestamp=1.474052946138E12, sgvDouble=94.61983947221049, delta=-1.7 mg/dl, battery=100}, {sgvString=93, sgvLevel=0, slopeArrow=→, low=60.0, high=140.0, batteryLevel=1, units=mgdl, dex_txid=4023GU, timestamp=1.474052655188E12, sgvDouble=93.14421630810526, delta=-1.7 mg/dl, battery=100}, {sgvString=90, sgvLevel=0, slopeArrow=→, low=60.0, high=140.0, batteryLevel=1, units=mgdl, dex_txid=4023GU, timestamp=1.474052347282E12, sgvDouble=89.96417712947371, delta=-1.7 mg/dl, battery=100}, {sgvString=87, sgvLevel=0, slopeArrow=→, low=60.0, high=140.0, batteryLevel=1, units=mgdl, dex_txid=4023GU, timestamp=1.474052047671E12, sgvDouble=87.26935383089477, delta=-1.7 mg/dl, battery=100}, {sgvString=85, sgvLevel=0, slopeArrow=↗, low=60.0, high=140.0, batteryLevel=1, units=mgdl, dex_txid=4023GU, timestamp=1.474051748102E12, sgvDouble=84.62294345705263, delta=-1.7 mg/dl, battery=100}, {sgvString=72, sgvLevel=0, slopeArrow=→, low=60.0, high=140.0, batteryLevel=1, units=mgdl, dex_txid=4023GU, timestamp=1.474051150461E12, sgvDouble=72.02825362063157, delta=-1.7 mg/dl, battery=100}, {sgvString=68, sgvLevel=0, slopeArrow=→, low=60.0, high=140.0, batteryLevel=1, units=mgdl, dex_txid=4023GU, timestamp=1.47405084445E12, sgvDouble=68.12304780410525, delta=-1.7 mg/dl, battery=100}, {sgvString=66, sgvLevel=0, slopeArrow=→, low=60.0, high=140.0, batteryLevel=1, units=mgdl, dex_txid=4023GU, timestamp=1.474050546712E12, sgvDouble=66.41876785421053
09-16 19:28:45.954 1254-1964/com.eveningoutpost.dexdrip D/jamorham listener: onDataChanged dataMap dex_txid=4023GU
09-16 19:28:45.955 1254-1964/com.eveningoutpost.dexdrip D/jamorham listener: onDataChanged prefs set dex_txid=4023GU
09-16 19:28:45.955 1254-1964/com.eveningoutpost.dexdrip D/jamorham listener: onDataChanged dataMap units=mgdl
09-16 19:28:45.955 1254-1964/com.eveningoutpost.dexdrip D/jamorham listener: onDataChanged prefs units=mgdl
09-16 19:28:45.955 1254-1964/com.eveningoutpost.dexdrip D/jamorham listener: onDataChanged dataMap highMark=140.0 highMark=60.0
09-16 19:28:45.979 1254-1964/com.eveningoutpost.dexdrip V/WearableLS: unbindService: com.eveningoutpost.dexdrip/.ListenerService
09-16 19:28:46.012 1254-1254/com.eveningoutpost.dexdrip D/onDraw: draw
09-16 19:28:50.341 1254-10217/com.eveningoutpost.dexdrip D/BluetoothAdapter: STATE_ON
09-16 19:28:50.341 1254-10217/com.eveningoutpost.dexdrip D/BluetoothLeScanner: could not find callback wrapper
09-16 19:28:55.343 1254-10218/com.eveningoutpost.dexdrip D/jamorham JoH: G5-timeout rate limited: 60 seconds
09-16 19:28:55.356 1254-10287/com.eveningoutpost.dexdrip D/BluetoothAdapter: STATE_ON
09-16 19:28:55.356 1254-10287/com.eveningoutpost.dexdrip D/BluetoothLeScanner: could not find callback wrapper





09-16 20:39:10.486 1254-2092/com.eveningoutpost.dexdrip D/jamorham listener: doInBackground connected.  NodeApi.GetConnectedNodesResult await count=1
09-16 20:39:10.486 1254-2092/com.eveningoutpost.dexdrip D/jamorham listener: stopBtG5Service
09-16 20:39:10.486 1254-2092/com.eveningoutpost.dexdrip D/jamorham listener: stopBtG5Service call stopService
09-16 20:39:10.488 1254-1254/com.eveningoutpost.dexdrip E/wearG5CollectionService: stopScan
09-16 20:39:10.490 1254-2092/com.eveningoutpost.dexdrip D/jamorham listener: stopBtG5Service should have called onDestroy
09-16 20:39:10.506 1254-1254/com.eveningoutpost.dexdrip D/BluetoothAdapter: STATE_ON
09-16 20:39:10.534 1254-1254/com.eveningoutpost.dexdrip I/wearG5CollectionService: SERVICE STOPPED
09-16 20:39:10.535 1254-2092/com.eveningoutpost.dexdrip D/jamorham listener: getWearBGData last_send_previous:09.16.2016 19:19:09
09-16 20:39:10.539 1254-2092/com.eveningoutpost.dexdrip D/jamorham listener: getWearBGData last_bg.timestamp:09.16.2016 20:29:11
09-16 20:39:10.539 1254-2092/com.eveningoutpost.dexdrip D/jamorham listener: getWearBGData last_send_previous < last_bg.timestamp:09.16.2016 20:29:11
09-16 20:39:10.544 1254-2092/com.eveningoutpost.dexdrip D/jamorham listener: getWearBGData graph_bgs count = 3
09-16 20:39:10.565 1254-2092/com.eveningoutpost.dexdrip D/jamorham listener: dataMap BG GSON: {"a":4.552157863955328E-12,"age_adjusted_raw_value":146.40578935438597,"b":-13.420410438438239,"c":9.891320870262E12,"calculated_value":97.4767943274737,"calculated_value_slope":6.4350771946982665E-6,"calibration_flag":false,"calibration_uuid":"15a8e8da-2eec-4ff2-bfe9-b4c5bab40108","filtered_calculated_value":94.76894969405265,"filtered_data":111.408,"hide_slope":false,"ra":3.793464886629389E-12,"raw_calculated":0.0,"raw_data":113.152,"rb":-11.183675365365161,"rc":8.24276739194925E12,"sensor_uuid":"fbe9b40f-c277-4dbc-8399-a0ecee2dc743","synced":false,"time_since_sensor_started":5.6950385E7,"timestamp":1474072151161,"uuid":"c6b157a3-910b-44ef-b86f-43b8850e7642"}
09-16 20:39:10.615 1254-2092/com.eveningoutpost.dexdrip D/jamorham listener: dataMap BG GSON: {"a":0.0,"age_adjusted_raw_value":143.85573064473684,"b":0.0,"c":94.41672387589472,"calculated_value":94.41672387589472,"calculated_value_slope":0.0,"calibration_flag":false,"calibration_uuid":"15a8e8da-2eec-4ff2-bfe9-b4c5bab40108","filtered_calculated_value":74.71636560431577,"filtered_data":98.368,"hide_slope":false,"ra":0.0,"raw_calculated":0.0,"raw_data":111.04,"rb":0.0,"rc":143.85573064473684,"sensor_uuid":"fbe9b40f-c277-4dbc-8399-a0ecee2dc743","synced":false,"time_since_sensor_started":5.6350395E7,"timestamp":1474071551171,"uuid":"212180d6-78b7-432c-bb79-548f1d904087"}
09-16 20:39:10.615 1254-2092/com.eveningoutpost.dexdrip D/jamorham listener: getWearBGData bg.timestamp:09.16.2016 20:19:11
09-16 20:39:10.615 1254-2092/com.eveningoutpost.dexdrip D/jamorham listener: getWearBGData set last_send_previous:09.16.2016 20:19:11
09-16 20:39:10.658 1254-2092/com.eveningoutpost.dexdrip D/jamorham listener: dataMap BG GSON: {"a":0.0,"age_adjusted_raw_value":144.76082274649124,"b":3.7038279979037196E-6,"c":94.41672387589472,"calculated_value":95.502834398,"calculated_value_slope":3.7038279979037196E-6,"calibration_flag":false,"calibration_uuid":"15a8e8da-2eec-4ff2-bfe9-b4c5bab40108","filtered_calculated_value":84.54012297878947,"filtered_data":104.752,"hide_slope":false,"ra":0.0,"raw_calculated":0.0,"raw_data":111.808,"rb":3.0865233315864327E-6,"rc":143.85573064473684,"sensor_uuid":"fbe9b40f-c277-4dbc-8399-a0ecee2dc743","synced":false,"time_since_sensor_started":5.6643635E7,"timestamp":1474071844411,"uuid":"1efb9ae3-7460-433c-9fd5-28852baa2cf7"}
09-16 20:39:10.658 1254-2092/com.eveningoutpost.dexdrip D/jamorham listener: getWearBGData bg.timestamp:09.16.2016 20:24:04
09-16 20:39:10.659 1254-2092/com.eveningoutpost.dexdrip D/jamorham listener: getWearBGData set last_send_previous:09.16.2016 20:24:04
09-16 20:39:10.680 1254-2092/com.eveningoutpost.dexdrip D/jamorham listener: dataMap BG GSON: {"a":4.552157863955328E-12,"age_adjusted_raw_value":146.40578935438597,"b":-13.420410438438239,"c":9.891320870262E12,"calculated_value":97.4767943274737,"calculated_value_slope":6.4350771946982665E-6,"calibration_flag":false,"calibration_uuid":"15a8e8da-2eec-4ff2-bfe9-b4c5bab40108","filtered_calculated_value":94.76894969405265,"filtered_data":111.408,"hide_slope":false,"ra":3.793464886629389E-12,"raw_calculated":0.0,"raw_data":113.152,"rb":-11.183675365365161,"rc":8.24276739194925E12,"sensor_uuid":"fbe9b40f-c277-4dbc-8399-a0ecee2dc743","synced":false,"time_since_sensor_started":5.6950385E7,"timestamp":1474072151161,"uuid":"c6b157a3-910b-44ef-b86f-43b8850e7642"}
09-16 20:39:10.680 1254-2092/com.eveningoutpost.dexdrip D/jamorham listener: getWearBGData bg.timestamp:09.16.2016 20:29:11
09-16 20:39:10.681 1254-2092/com.eveningoutpost.dexdrip D/jamorham listener: getWearBGData set last_send_previous:09.16.2016 20:29:11
09-16 20:39:10.681 1254-2092/com.eveningoutpost.dexdrip D/jamorham listener: doInBackground send getWearBGData BGs to phone
09-16 20:39:10.688 1254-2092/com.eveningoutpost.dexdrip D/jamorham listener: getWearBGData last_send_previous:09.16.2016 20:29:11
09-16 20:39:10.694 1254-2092/com.eveningoutpost.dexdrip D/jamorham listener: getWearBGData last_bg.timestamp:09.16.2016 20:29:11
09-16 20:39:12.188 1254-1964/com.eveningoutpost.dexdrip V/WearableLS: bindService: com.eveningoutpost.dexdrip/.ListenerService
