09-18 14:53:29.048 11070-21409/com.eveningoutpost.dexdrip D/jamorham listener: dataMap BG GSON: {"a":1.0531756974431396E-11,"age_adjusted_raw_value":109.776,"b":-31.052149926882123,"c":2.2888773863295156E13,"calculated_value":81.34077621591388,"calculated_value_slope":3.1889989801362934E-5,"calibration_flag":false,"calibration_uuid":"e799ce4b-8398-4d74-a1b0-c819cf96afda","filtered_calculated_value":67.86237621591388,"filtered_data":99.408,"hide_slope":false,"ra":8.1013515187934E-12,"raw_calculated":0.0,"raw_data":109.776,"rb":-23.886269174524784,"rc":1.7606749125658813E13,"sensor_uuid":"fbe9b40f-c277-4dbc-8399-a0ecee2dc743","synced":false,"time_since_sensor_started":2.01542494E8,"timestamp":1474216743270,"uuid":"697dba46-5418-4d77-bb1a-85996a011afa"}
09-18 14:53:29.050 11070-21409/com.eveningoutpost.dexdrip D/jamorham listener: getWearBGData bg.timestamp:09.18.2016 12:39:03
09-18 14:53:29.051 11070-21409/com.eveningoutpost.dexdrip D/jamorham listener: getWearBGData set last_send_previous:09.18.2016 12:39:03
09-18 14:53:29.080 11070-21409/com.eveningoutpost.dexdrip D/jamorham listener: dataMap BG GSON: {"a":-4.077293025200686E-12,"age_adjusted_raw_value":116.416,"b":12.021657972567937,"c":-8.86128734885375E12,"calculated_value":89.97277621591388,"calculated_value_slope":2.9489132885575897E-5,"calibration_flag":false,"calibration_uuid":"e799ce4b-8398-4d74-a1b0-c819cf96afda","filtered_calculated_value":75.49597621591388,"filtered_data":105.28,"hide_slope":false,"ra":-3.136379250154318E-12,"raw_calculated":0.0,"raw_data":116.416,"rb":9.247429209667189,"rc":-6.81637488368675E12,"sensor_uuid":"fbe9b40f-c277-4dbc-8399-a0ecee2dc743","synced":false,"time_since_sensor_started":2.01835212E8,"timestamp":1474217035988,"uuid":"dcfbc66c-a1a7-427c-9be6-3787b45c4367"}
09-18 14:53:29.081 11070-21409/com.eveningoutpost.dexdrip D/jamorham listener: getWearBGData bg.timestamp:09.18.2016 12:43:55
09-18 14:53:29.081 11070-21409/com.eveningoutpost.dexdrip D/jamorham listener: getWearBGData set last_send_previous:09.18.2016 12:43:55
09-18 14:53:29.107 11070-21409/com.eveningoutpost.dexdrip D/jamorham listener: dataMap BG GSON: {"a":1.1229008280049873E-12,"age_adjusted_raw_value":123.536,"b":-3.3107692429143754,"c":2.44037423118075E12,"calculated_value":99.22877621591388,"calculated_value_slope":3.0162412993039442E-5,"calibration_flag":false,"calibration_uuid":"e799ce4b-8398-4d74-a1b0-c819cf96afda","filtered_calculated_value":84.60637621591388,"filtered_data":112.288,"hide_slope":false,"ra":8.637698676963668E-13,"raw_calculated":0.0,"raw_data":123.536,"rb":-2.546745571472684,"rc":1.87721094710925E12,"sensor_uuid":"fbe9b40f-c277-4dbc-8399-a0ecee2dc743","synced":false,"time_since_sensor_started":2.02142084E8,"timestamp":1474217342860,"uuid":"5d949c05-c4f5-4ec8-a6e5-ac779ca55ae7"}
09-18 14:53:29.107 11070-21409/com.eveningoutpost.dexdrip D/jamorham listener: getWearBGData bg.timestamp:09.18.2016 12:49:02
09-18 14:53:29.107 11070-21409/com.eveningoutpost.dexdrip D/jamorham listener: getWearBGData set last_send_previous:09.18.2016 12:49:02
09-18 14:53:29.131 11070-21409/com.eveningoutpost.dexdrip D/jamorham listener: dataMap BG GSON: {"a":-2.7940175059597394E-12,"age_adjusted_raw_value":130.128,"b":8.23800743208767,"c":-6.07232831437275E12,"calculated_value":107.79837621591386,"calculated_value_slope":2.8463812402431262E-5,"calibration_flag":false,"calibration_uuid":"e799ce4b-8398-4d74-a1b0-c819cf96afda","filtered_calculated_value":94.17437621591387,"filtered_data":119.648,"hide_slope":false,"ra":-2.1492442353535025E-12,"raw_calculated":0.0,"raw_data":130.128,"rb":6.336928793914467,"rc":-4.6710217802395E12,"sensor_uuid":"fbe9b40f-c277-4dbc-8399-a0ecee2dc743","synced":false,"time_since_sensor_started":2.02443154E8,"timestamp":1474217643930,"uuid":"263b7de6-e9ed-4710-8f92-cb3b7be38658"}
09-18 14:53:29.131 11070-21409/com.eveningoutpost.dexdrip D/jamorham listener: getWearBGData bg.timestamp:09.18.2016 12:54:03
09-18 14:53:29.132 11070-21409/com.eveningoutpost.dexdrip D/jamorham listener: getWearBGData set last_send_previous:09.18.2016 12:54:03
09-18 14:53:29.202 11070-11081/com.eveningoutpost.dexdrip W/art: Suspending all threads took: 31.524ms
09-18 14:53:29.216 11070-21409/com.eveningoutpost.dexdrip D/jamorham listener: dataMap BG GSON: {"a":1.2470807797950858E-11,"age_adjusted_raw_value":138.4,"b":-36.76933756119956,"c":2.71029793458115E13,"calculated_value":118.5519762159139,"calculated_value_slope":3.594886606760816E-5,"calibration_flag":false,"calibration_uuid":"e799ce4b-8398-4d74-a1b0-c819cf96afda","filtered_calculated_value":103.61757621591389,"filtered_data":126.912,"hide_slope":false,"ra":9.592929075346893E-12,"raw_calculated":0.0,"raw_data":138.4,"rb":-28.284105816307147,"rc":2.084844565067125E13,"sensor_uuid":"fbe9b40f-c277-4dbc-8399-a0ecee2dc743","synced":false,"time_since_sensor_started":2.0274229E8,"timestamp":1474217943066,"uuid":"3d8c5a66-3ad1-47f7-88be-9c2d47dee59f"}
09-18 14:53:29.217 11070-21409/com.eveningoutpost.dexdrip D/jamorham listener: getWearBGData bg.timestamp:09.18.2016 12:59:03
09-18 14:53:29.217 11070-21409/com.eveningoutpost.dexdrip D/jamorham listener: getWearBGData set last_send_previous:09.18.2016 12:59:03
09-18 14:53:29.243 11070-21409/com.eveningoutpost.dexdrip D/jamorham listener: dataMap BG GSON: {"a":-1.141797673606785E-11,"age_adjusted_raw_value":153.792,"b":33.66520488898101,"c":-2.4814948532661406E13,"calculated_value":138.5615762159139,"calculated_value_slope":2.227793983388631E-5,"calibration_flag":false,"calibration_uuid":"e799ce4b-8398-4d74-a1b0-c819cf96afda","filtered_calculated_value":130.1999762159139,"filtered_data":147.36,"hide_slope":false,"ra":-8.783059027744552E-12,"raw_calculated":0.0,"raw_data":153.792,"rb":25.896311453062424,"rc":-1.9088421948153813E13,"sensor_uuid":"fbe9b40f-c277-4dbc-8399-a0ecee2dc743","synced":false,"time_since_sensor_started":2.0364047E8,"timestamp":1474218841246,"uuid":"8dbf7b53-7373-4a34-8992-e173e946bde4"}
09-18 14:53:29.244 11070-21409/com.eveningoutpost.dexdrip D/jamorham listener: getWearBGData bg.timestamp:09.18.2016 13:14:01
09-18 14:53:29.244 11070-21409/com.eveningoutpost.dexdrip D/jamorham listener: getWearBGData set last_send_previous:09.18.2016 13:14:01
09-18 14:53:29.270 11070-21409/com.eveningoutpost.dexdrip D/jamorham listener: dataMap BG GSON: {"a":-5.62578862322779E-12,"age_adjusted_raw_value":163.456,"b":16.587304395428646,"c":-1.2226671029160078E13,"calculated_value":151.12477621591387,"calculated_value_slope":1.0482506349646027E-5,"calibration_flag":false,"calibration_uuid":"e799ce4b-8398-4d74-a1b0-c819cf96afda","filtered_calculated_value":148.6287762159139,"filtered_data":161.536,"hide_slope":false,"ra":-4.327529710175218E-12,"raw_calculated":0.0,"raw_data":163.456,"rb":12.759464919560457,"rc":-9.405131560845188E12,"sensor_uuid":"fbe9b40f-c277-4dbc-8399-a0ecee2dc743","synced":false,"time_since_sensor_started":2.04838962E8,"timestamp":1474220039738,"uuid":"a90c088b-b1b5-41f5-809e-77b0999f98c9"}
09-18 14:53:29.271 11070-21409/com.eveningoutpost.dexdrip D/jamorham listener: getWearBGData bg.timestamp:09.18.2016 13:33:59
09-18 14:53:29.271 11070-21409/com.eveningoutpost.dexdrip D/jamorham listener: getWearBGData set last_send_previous:09.18.2016 13:33:59
09-18 14:53:29.295 11070-21409/com.eveningoutpost.dexdrip D/jamorham listener: dataMap BG GSON: {"a":-8.992112343749086E-12,"age_adjusted_raw_value":160.768,"b":26.51270413899232,"c":-1.9542779657466813E13,"calculated_value":147.63037621591388,"calculated_value_slope":-5.754703775371542E-6,"calibration_flag":false,"calibration_uuid":"e799ce4b-8398-4d74-a1b0-c819cf96afda","filtered_calculated_value":150.58397621591388,"filtered_data":163.04,"hide_slope":false,"ra":-6.917009495191634E-12,"raw_calculated":0.0,"raw_data":160.768,"rb":20.394387799224944,"rc":-1.5032907428773438E13,"sensor_uuid":"fbe9b40f-c277-4dbc-8399-a0ecee2dc743","synced":false,"time_since_sensor_started":2.05446187E8,"timestamp":1474220646963,"uuid":"6375484c-b999-4b6d-91fa-cbf7d5346c56"}
09-18 14:53:29.296 11070-21409/com.eveningoutpost.dexdrip D/jamorham listener: getWearBGData bg.timestamp:09.18.2016 13:44:06
09-18 14:53:29.296 11070-21409/com.eveningoutpost.dexdrip D/jamorham listener: getWearBGData set last_send_previous:09.18.2016 13:44:06
09-18 14:53:29.321 11070-21409/com.eveningoutpost.dexdrip D/jamorham listener: dataMap BG GSON: {"a":-1.712335853577649E-12,"age_adjusted_raw_value":159.104,"b":5.048714945281745,"c":-3.72145489805575E12,"calculated_value":145.4671762159139,"calculated_value_slope":-7.30176839703362E-6,"calibration_flag":false,"calibration_uuid":"e799ce4b-8398-4d74-a1b0-c819cf96afda","filtered_calculated_value":149.46077621591388,"filtered_data":162.176,"hide_slope":false,"ra":-1.3171814258290085E-12,"raw_calculated":0.0,"raw_data":159.104,"rb":3.88362688098573,"rc":-2.86265761384175E12,"sensor_uuid":"fbe9b40f-c277-4dbc-8399-a0ecee2dc743","synced":false,"time_since_sensor_started":2.05742444E8,"timestamp":1474220943220,"uuid":"d52b01c5-5434-49aa-b950-1dbdebe005e3"}
09-18 14:53:29.322 11070-21409/com.eveningoutpost.dexdrip D/jamorham listener: getWearBGData bg.timestamp:09.18.2016 13:49:03
09-18 14:53:29.322 11070-21409/com.eveningoutpost.dexdrip D/jamorham listener: getWearBGData set last_send_previous:09.18.2016 13:49:03
09-18 14:53:29.352 11070-21409/com.eveningoutpost.dexdrip D/jamorham listener: dataMap BG GSON: {"a":-2.6092317136901723E-12,"age_adjusted_raw_value":154.624,"b":7.693160001300043,"c":-5.6707028445853125E12,"calculated_value":139.64317621591388,"calculated_value_slope":-9.64957335763402E-6,"calibration_flag":false,"calibration_uuid":"e799ce4b-8398-4d74-a1b0-c819cf96afda","filtered_calculated_value":144.30237621591388,"filtered_data":158.208,"hide_slope":false,"ra":-2.0071013182232333E-12,"raw_calculated":0.0,"raw_data":154.624,"rb":5.917815385615313,"rc":-4.362079111172375E12,"sensor_uuid":"fbe9b40f-c277-4dbc-8399-a0ecee2dc743","synced":false,"time_since_sensor_started":2.06345994E8,"timestamp":1474221546770,"uuid":"d4d920e2-9c4f-42d8-a1ff-7aece6358b31"}
09-18 14:53:29.354 11070-21409/com.eveningoutpost.dexdrip D/jamorham listener: getWearBGData bg.timestamp:09.18.2016 13:59:06
09-18 14:53:29.354 11070-21409/com.eveningoutpost.dexdrip D/jamorham listener: getWearBGData set last_send_previous:09.18.2016 13:59:06
09-18 14:53:29.403 11070-21409/com.eveningoutpost.dexdrip D/jamorham listener: dataMap BG GSON: {"a":-5.644717595715413E-12,"age_adjusted_raw_value":151.264,"b":16.64311555362815,"c":-1.2267810153086625E13,"calculated_value":135.2751762159139,"calculated_value_slope":-1.473028206062076E-5,"calibration_flag":false,"calibration_uuid":"e799ce4b-8398-4d74-a1b0-c819cf96afda","filtered_calculated_value":141.1407762159139,"filtered_data":155.776,"hide_slope":false,"ra":-4.342090458242562E-12,"raw_calculated":0.0,"raw_data":151.264,"rb":12.802396579713786,"rc":-9.436777040789E12,"sensor_uuid":"fbe9b40f-c277-4dbc-8399-a0ecee2dc743","synced":false,"time_since_sensor_started":2.06642526E8,"timestamp":1474221843302,"uuid":"018f8f5e-4c2e-4771-9a58-65ef8844a7cb"}
09-18 14:53:29.403 11070-21409/com.eveningoutpost.dexdrip D/jamorham listener: getWearBGData bg.timestamp:09.18.2016 14:04:03
09-18 14:53:29.403 11070-21409/com.eveningoutpost.dexdrip D/jamorham listener: getWearBGData set last_send_previous:09.18.2016 14:04:03
09-18 14:53:29.403 11070-21409/com.eveningoutpost.dexdrip D/jamorham listener: doInBackground send getWearBGData BGs to phone
09-18 14:53:29.416 11070-21409/com.eveningoutpost.dexdrip D/jamorham listener: getWearBGData last_send_previous:09.18.2016 14:04:03
09-18 14:53:29.420 11070-11070/com.eveningoutpost.dexdrip D/jamorham listener: send getWearBGData BGs to phone: SUCCESS
09-18 14:53:29.430 11070-21409/com.eveningoutpost.dexdrip D/jamorham listener: getWearBGData last_bg.timestamp:09.18.2016 14:04:03
09-18 14:53:32.380 11070-11085/com.eveningoutpost.dexdrip V/WearableLS: bindService: com.eveningoutpost.dexdrip/.ListenerService




09-18 15:09:03.313 11070-11104/com.eveningoutpost.dexdrip D/BgSendQueue: resendData last_bg.timestamp:09.18.2016 15:09:03
09-18 15:09:03.418 11070-11104/com.eveningoutpost.dexdrip D/BgSendQueue: resendData graph_bgs size=60
09-18 15:09:04.058 11070-11070/com.eveningoutpost.dexdrip D/onDraw: draw
09-18 15:09:04.067 11070-11104/com.eveningoutpost.dexdrip I/BG GSON:: {"a":1.077901179305372E-13,"age_adjusted_raw_value":108.432,"b":-0.3178277910094387,"c":2.3428517038388477E11,"calculated_value":79.59357621591388,"calculated_value_slope":-1.4277955705761534E-5,"calibration_flag":false,"calibration_uuid":"e799ce4b-8398-4d74-a1b0-c819cf96afda","filtered_calculated_value":86.43677621591388,"filtered_data":113.696,"hide_slope":false,"ra":8.291547533116065E-14,"raw_calculated":0.0,"raw_data":108.432,"rb":-0.24448291616108264,"rc":1.802193618809922E11,"sensor_uuid":"fbe9b40f-c277-4dbc-8399-a0ecee2dc743","synced":false,"time_since_sensor_started":2.10542356E8,"timestamp":1474225743132,"uuid":"8c66bf31-d894-4a32-8ccf-5d245439bcc4"}
09-18 15:09:04.067 11070-11104/com.eveningoutpost.dexdrip D/wearG5CollectionService Dex raw_data: 108432.0
09-18 15:09:04.067 11070-11104/com.eveningoutpost.dexdrip D/wearG5CollectionService Dex filtered_data: 0.0
09-18 15:09:04.068 11070-11104/com.eveningoutpost.dexdrip D/wearG5CollectionService Dex sensor_battery_level: 216.0
09-18 15:09:04.068 11070-11104/com.eveningoutpost.dexdrip D/wearG5CollectionService:  Dex timestamp 1.474225743132E12 09.18.2016 15:09:03
09-18 15:09:04.070 11070-11104/com.eveningoutpost.dexdrip E/wearG5CollectionService: Success Write 0
09-18 15:09:04.083 11070-11104/com.eveningoutpost.dexdrip I/wearG5CollectionService: onCharacteristicWrite On Main Thread? false
09-18 15:09:04.084 11070-11104/com.eveningoutpost.dexdrip I/wearG5CollectionService: control? f8083534-849e-531c-c594-30f1f86a4ea5
09-18 15:09:04.084 11070-11104/com.eveningoutpost.dexdrip I/wearG5CollectionService: status? 0
09-18 15:09:04.084 11070-11104/com.eveningoutpost.dexdrip D/BluetoothGatt: onClientConnectionState() - status=0 clientIf=5 device=FF:92:A0:57:7C:E9
09-18 15:09:04.084 11070-11104/com.eveningoutpost.dexdrip I/wearG5CollectionService: onConnectionStateChange On Main Thread? false
09-18 15:09:04.084 11070-11104/com.eveningoutpost.dexdrip E/wearG5CollectionService: STATE_DISCONNECTED: 0
09-18 15:09:04.101 11070-11104/com.eveningoutpost.dexdrip D/BluetoothGatt: close()
09-18 15:09:04.101 11070-11104/com.eveningoutpost.dexdrip D/BluetoothGatt: unregisterApp() - mClientIf=5
09-18 15:09:04.102 11070-11104/com.eveningoutpost.dexdrip I/wearG5CollectionService: clean disconnect
09-18 15:09:26.006 11070-11098/com.eveningoutpost.dexdrip D/BIGChart: missedReadingAlert Enter minutes_since 0 call requestData if >= 4 minutes mod 5
09-18 15:09:26.032 11070-11098/com.eveningoutpost.dexdrip D/onDraw: draw




09-18 15:13:26.078 11070-11070/com.eveningoutpost.dexdrip D/jamorham listener: DataRequester: /nightscout_watch_data_resend
09-18 15:13:26.084 11070-17274/com.eveningoutpost.dexdrip D/jamorham listener: doInBackground connected.  NodeApi.GetConnectedNodesResult await count=0
09-18 15:13:26.084 11070-17274/com.eveningoutpost.dexdrip D/jamorham listener: doInBackground connected but getConnectedNodes returns 0.  start G5 service
09-18 15:13:26.084 11070-17274/com.eveningoutpost.dexdrip D/jamorham listener: startBtG5Service
09-18 15:13:26.086 11070-17274/com.eveningoutpost.dexdrip D/jamorham listener: checkLocationPermissions  mLocationPermissionApproved:true
09-18 15:13:26.087 11070-17274/com.eveningoutpost.dexdrip D/jamorham listener: checkLocationPermissions mLocationPermissionApproved:true
09-18 15:13:26.087 11070-17274/com.eveningoutpost.dexdrip D/jamorham listener: startBtG5Service start G5CollectionService
09-18 15:13:26.092 11070-11070/com.eveningoutpost.dexdrip D/wearG5CollectionService: onG5StartCommand wakeup: 2016-09-18 15:13:26
09-18 15:13:26.093 11070-11070/com.eveningoutpost.dexdrip D/wearG5CollectionService: Transmitter: 4023GU
09-18 15:13:26.102 11070-11070/com.eveningoutpost.dexdrip D/wearG5CollectionService: Bonded? true
09-18 15:13:26.103 11070-11070/com.eveningoutpost.dexdrip D/jamorham JoH: G5-timeout rate limited: 60 seconds
09-18 15:13:26.103 11070-11070/com.eveningoutpost.dexdrip D/wearG5CollectionService: Active Sensor
09-18 15:13:26.115 11070-13778/com.eveningoutpost.dexdrip D/jamorham JoH: G5-scanlogic rate limited: 2 seconds


09-18 15:14:04.625 11070-11070/com.eveningoutpost.dexdrip D/onDraw: draw
09-18 15:14:04.642 11070-11083/com.eveningoutpost.dexdrip I/BG GSON:: {"a":6.270418031575362E-13,"age_adjusted_raw_value":105.744,"b":-1.8488141690687314,"c":1.3627934431949531E12,"calculated_value":76.09917621591387,"calculated_value_slope":-1.164442904176057E-5,"calibration_flag":false,"calibration_uuid":"e799ce4b-8398-4d74-a1b0-c819cf96afda","filtered_calculated_value":82.13117621591388,"filtered_data":110.384,"hide_slope":false,"ra":4.823398485827291E-13,"raw_calculated":0.0,"raw_data":105.744,"rb":-1.4221647454374988,"rc":1.04830264865875E12,"sensor_uuid":"fbe9b40f-c277-4dbc-8399-a0ecee2dc743","synced":false,"time_since_sensor_started":2.10842448E8,"timestamp":1474226043224,"uuid":"a68f7d95-e722-4ab2-9dc4-bb8496f113d5"}
09-18 15:14:04.642 11070-11083/com.eveningoutpost.dexdrip D/wearG5CollectionService Dex raw_data: 105744.0
09-18 15:14:04.642 11070-11083/com.eveningoutpost.dexdrip D/wearG5CollectionService Dex filtered_data: 0.0
09-18 15:14:04.642 11070-11083/com.eveningoutpost.dexdrip D/wearG5CollectionService Dex sensor_battery_level: 216.0
09-18 15:14:04.643 11070-11083/com.eveningoutpost.dexdrip D/wearG5CollectionService:  Dex timestamp 1.474226043224E12 09.18.2016 15:14:03
09-18 15:14:04.648 11070-11083/com.eveningoutpost.dexdrip D/BluetoothGatt: onClientConnectionState() - status=0 clientIf=5 device=FF:92:A0:57:7C:E9
09-18 15:14:04.648 11070-11083/com.eveningoutpost.dexdrip I/wearG5CollectionService: onConnectionStateChange On Main Thread? false
09-18 15:14:04.648 11070-11083/com.eveningoutpost.dexdrip E/wearG5CollectionService: STATE_DISCONNECTED: 0
09-18 15:14:04.667 11070-11083/com.eveningoutpost.dexdrip D/BluetoothGatt: close()
09-18 15:14:04.667 11070-11083/com.eveningoutpost.dexdrip D/BluetoothGatt: unregisterApp() - mClientIf=5
09-18 15:14:04.668 11070-11083/com.eveningoutpost.dexdrip I/wearG5CollectionService: clean disconnect
09-18 15:14:26.005 11070-11121/com.eveningoutpost.dexdrip D/BIGChart: missedReadingAlert Enter minutes_since 0 call requestData if >= 4 minutes mod 5
09-18 15:14:26.033 11070-11121/com.eveningoutpost.dexdrip D/onDraw: draw


09-18 15:15:56.595 11070-11085/com.eveningoutpost.dexdrip V/WearableLS: bindService: com.eveningoutpost.dexdrip/.ListenerService
09-18 15:15:56.598 11070-11085/com.eveningoutpost.dexdrip D/jamorham listener: onPeerConnected peer name & ID: SAMSUNG-SM-N910V|65e261fb-00ef-491d-ac93-2c59f91acf47
09-18 15:15:56.598 11070-11085/com.eveningoutpost.dexdrip V/WearableLS: unbindService: com.eveningoutpost.dexdrip/.ListenerService
09-18 15:15:56.600 11070-11085/com.eveningoutpost.dexdrip V/WearableLS: bindService: com.eveningoutpost.dexdrip/.ListenerService
09-18 15:15:56.602 11070-11085/com.eveningoutpost.dexdrip V/WearableLS: unbindService: com.eveningoutpost.dexdrip/.ListenerService
09-18 15:16:26.007 11070-11121/com.eveningoutpost.dexdrip D/BIGChart: missedReadingAlert Enter minutes_since 2 call requestData if >= 4 minutes mod 5
09-18 15:16:26.035 11070-11121/com.eveningoutpost.dexdrip D/onDraw: draw


09-18 15:17:59.146 11070-11070/com.eveningoutpost.dexdrip D/wearG5CollectionService: onG5StartCommand wakeup: 2016-09-18 15:17:59
09-18 15:17:59.150 11070-11070/com.eveningoutpost.dexdrip D/wearG5CollectionService: Transmitter: 4023GU
09-18 15:17:59.159 11070-11070/com.eveningoutpost.dexdrip D/wearG5CollectionService: Bonded? true
09-18 15:17:59.161 11070-11070/com.eveningoutpost.dexdrip D/wearG5CollectionService: Active Sensor
09-18 15:17:59.168 11070-17707/com.eveningoutpost.dexdrip D/BluetoothAdapter: STATE_ON
09-18 15:17:59.168 11070-17707/com.eveningoutpost.dexdrip D/BluetoothLeScanner: could not find callback wrapper
09-18 15:17:59.169 11070-17707/com.eveningoutpost.dexdrip D/BluetoothAdapter: STATE_ON


09-18 15:18:26.287 11070-21409/com.eveningoutpost.dexdrip D/jamorham listener: stopBtG5Service call stopService
09-18 15:18:26.292 11070-11070/com.eveningoutpost.dexdrip E/wearG5CollectionService: stopScan
09-18 15:18:26.295 11070-21409/com.eveningoutpost.dexdrip D/jamorham listener: stopBtG5Service should have called onDestroy
09-18 15:18:26.304 11070-21409/com.eveningoutpost.dexdrip D/jamorham listener: getWearBGData last_send_previous:09.18.2016 14:04:03
09-18 15:18:26.306 11070-11070/com.eveningoutpost.dexdrip D/BluetoothAdapter: STATE_ON
09-18 15:18:26.331 11070-11070/com.eveningoutpost.dexdrip I/wearG5CollectionService: onDestroy SERVICE STOPPED
09-18 15:18:26.342 11070-21409/com.eveningoutpost.dexdrip D/jamorham listener: getWearBGData last_bg.timestamp:09.18.2016 15:14:03
09-18 15:18:26.342 11070-21409/com.eveningoutpost.dexdrip D/jamorham listener: getWearBGData last_send_previous < last_bg.timestamp:09.18.2016 15:14:03
09-18 15:18:26.348 11070-21409/com.eveningoutpost.dexdrip D/jamorham listener: getWearBGData graph_bgs count = 2
09-18 15:18:26.402 11070-21409/com.eveningoutpost.dexdrip D/jamorham listener: dataMap BG GSON: {"a":6.270418031575362E-13,"age_adjusted_raw_value":105.744,"b":-1.8488141690687314,"c":1.3627934431949531E12,"calculated_value":76.09917621591387,"calculated_value_slope":-1.164442904176057E-5,"calibration_flag":false,"calibration_uuid":"e799ce4b-8398-4d74-a1b0-c819cf96afda","filtered_calculated_value":82.13117621591388,"filtered_data":110.384,"hide_slope":false,"ra":4.823398485827291E-13,"raw_calculated":0.0,"raw_data":105.744,"rb":-1.4221647454374988,"rc":1.04830264865875E12,"sensor_uuid":"fbe9b40f-c277-4dbc-8399-a0ecee2dc743","synced":false,"time_since_sensor_started":2.10842448E8,"timestamp":1474226043224,"uuid":"a68f7d95-e722-4ab2-9dc4-bb8496f113d5"}
09-18 15:18:26.429 11070-21409/com.eveningoutpost.dexdrip D/jamorham listener: dataMap BG GSON: {"a":1.077901179305372E-13,"age_adjusted_raw_value":108.432,"b":-0.3178277910094387,"c":2.3428517038388477E11,"calculated_value":79.59357621591388,"calculated_value_slope":-1.4277955705761534E-5,"calibration_flag":false,"calibration_uuid":"e799ce4b-8398-4d74-a1b0-c819cf96afda","filtered_calculated_value":86.43677621591388,"filtered_data":113.696,"hide_slope":false,"ra":8.291547533116065E-14,"raw_calculated":0.0,"raw_data":108.432,"rb":-0.24448291616108264,"rc":1.802193618809922E11,"sensor_uuid":"fbe9b40f-c277-4dbc-8399-a0ecee2dc743","synced":false,"time_since_sensor_started":2.10542356E8,"timestamp":1474225743132,"uuid":"8c66bf31-d894-4a32-8ccf-5d245439bcc4"}
09-18 15:18:26.430 11070-21409/com.eveningoutpost.dexdrip D/jamorham listener: getWearBGData bg.timestamp:09.18.2016 15:09:03
09-18 15:18:26.430 11070-21409/com.eveningoutpost.dexdrip D/jamorham listener: getWearBGData set last_send_previous:09.18.2016 15:09:03
09-18 15:18:26.458 11070-21409/com.eveningoutpost.dexdrip D/jamorham listener: dataMap BG GSON: {"a":6.270418031575362E-13,"age_adjusted_raw_value":105.744,"b":-1.8488141690687314,"c":1.3627934431949531E12,"calculated_value":76.09917621591387,"calculated_value_slope":-1.164442904176057E-5,"calibration_flag":false,"calibration_uuid":"e799ce4b-8398-4d74-a1b0-c819cf96afda","filtered_calculated_value":82.13117621591388,"filtered_data":110.384,"hide_slope":false,"ra":4.823398485827291E-13,"raw_calculated":0.0,"raw_data":105.744,"rb":-1.4221647454374988,"rc":1.04830264865875E12,"sensor_uuid":"fbe9b40f-c277-4dbc-8399-a0ecee2dc743","synced":false,"time_since_sensor_started":2.10842448E8,"timestamp":1474226043224,"uuid":"a68f7d95-e722-4ab2-9dc4-bb8496f113d5"}
09-18 15:18:26.460 11070-21409/com.eveningoutpost.dexdrip D/jamorham listener: getWearBGData bg.timestamp:09.18.2016 15:14:03
09-18 15:18:26.461 11070-21409/com.eveningoutpost.dexdrip D/jamorham listener: getWearBGData set last_send_previous:09.18.2016 15:14:03
09-18 15:18:26.461 11070-21409/com.eveningoutpost.dexdrip D/jamorham listener: doInBackground send getWearBGData BGs to phone
09-18 15:18:26.469 11070-11070/com.eveningoutpost.dexdrip D/jamorham listener: send getWearBGData BGs to phone: SUCCESS
09-18 15:18:26.471 11070-21409/com.eveningoutpost.dexdrip D/jamorham listener: getWearBGData last_send_previous:09.18.2016 15:14:03
09-18 15:18:26.479 11070-21409/com.eveningoutpost.dexdrip D/jamorham listener: getWearBGData last_bg.timestamp:09.18.2016 15:14:03
09-18 15:18:27.336 11070-11085/com.eveningoutpost.dexdrip V/WearableLS: bindService: com.eveningoutpost.dexdrip/.ListenerService
09-18 15:18:27.381 11070-11085/com.eveningoutpost.dexdrip D/jamorham listener: onDataChanged dataMap={sgvString=84, sgvLevel=0, slopeArrow=→, low=60.0, entries=[{sgvString=84, sgvLevel=0, slopeArrow=→, low=60.0, high=140.0, batteryLevel=1, units=mgdl, dex_txid=4023GU, timestamp=1.474225440515E12, sgvDouble=83.94077621591387, delta=-4.1 mg/dl, battery=71}, {sgvString=92, sgvLevel=0, slopeArrow=→, low=60.0, high=140.0, batteryLevel=1, units=mgdl, dex_txid=4023GU, timestamp=1.474224839109E12, sgvDouble=92.15677621591388, delta=-4.1 mg/dl, battery=71}, {sgvString=99, sgvLevel=0, slopeArrow=→, low=60.0, high=140.0, batteryLevel=1, units=mgdl, dex_txid=4023GU, timestamp=1.47422423614E12, sgvDouble=98.50077621591387, delta=-4.1 mg/dl, battery=71}, {sgvString=101, sgvLevel=0, slopeArrow=↘, low=60.0, high=140.0, batteryLevel=1, units=mgdl, dex_txid=4023GU, timestamp=1.474223936315E12, sgvDouble=101.20477621591388, delta=-4.1 mg/dl, battery=71}, {sgvString=107, sgvLevel=0, slopeArrow=↘, low=60.0, high=140.0, batteryLevel=1, units=mgdl, dex_txid=4023GU, timestamp=1.474223636169E12, sgvDouble=106.90397621591387, delta=-4.1 mg/dl, battery=71}, {sgvString=113, sgvLevel=0, slopeArrow=→, low=60.0, high=140.0, batteryLevel=1, units=mgdl, dex_txid=4023GU, timestamp=1.474223336237E12, sgvDouble=112.60317621591389, delta=-4.1 mg/dl, battery=71}, {sgvString=119, sgvLevel=0, slopeArrow=→, low=60.0, high=140.0, batteryLevel=1, units=mgdl, dex_txid=4023GU, timestamp=1.47422273958E12, sgvDouble=118.59357621591388, delta=-4.1 mg/dl, battery=71}, {sgvString=135, sgvLevel=0, slopeArrow=→, low=60.0, high=140.0, batteryLevel=1, units=mgdl, dex_txid=4023GU, timestamp=1.474221843302E12, sgvDouble=135.2751762159139, delta=-4.1 mg/dl, battery=71}, {sgvString=140, sgvLevel=0, slopeArrow=→, low=60.0, high=140.0, batteryLevel=1, units=mgdl, dex_txid=4023GU, timestamp=1.47422154677E12, sgvDouble=139.64317621591388, delta=-4.1 mg/dl, battery=71}, {sgvString=145, sgvLevel=1, slopeArrow=→, low=60.0, high=140.0, batteryLevel=1, units=mgdl, dex_txid=4023GU, timestamp=1.47422094322E12, sgvDouble=145.4671762159139, delta=-4.1 mg/dl, battery=71}, {sgvString=148, sgvLevel=1, slopeArrow=→, low=60.0, high=140.0, batteryLevel=1, units=mgdl, dex_txid=4023GU, timestamp=1.474220646963E12, sgvDouble=147.63037621591388, delta=-4.1 mg/dl, battery=71}, {sgvString=151, sgvLevel=1, slopeArrow=→, low=60.0, high=140.0, batteryLevel=1, units=mgdl, dex_txid=4023GU, timestamp=1.474220039738E12, sgvDouble=151.12477621591387, delta=-4.1 mg/dl, battery=71}, {sgvString=139, sgvLevel=0, slopeArrow=↗, low=60.0, high=140.0, batteryLevel=1, units=mgdl, dex_txid=4023GU, timestamp=1.474218841246E12, sgvDouble=138.5615762159139, delta=-4.1 mg/dl, battery=71}, {sgvString=139, sgvLevel=0, slopeArrow=↗, low=60.0, high=140.0, batteryLevel=1, units=mgdl, dex_txid=4023GU, timestamp=1.474218839762E12, sgvDouble=138.5615762159139, delta=-4.1 mg/dl, battery=71}, {sgvString=119, sgvLevel=0, slopeArrow=↑, low=60.0, high=140.0, batteryLevel=1, units=mgdl, dex_txid=4023GU, timestamp=1.474217943066E12, sgvDouble=118.5519762159139, delta=-4.1 mg/dl, battery=71}, {sgvString=108, sgvLevel=0, slopeArrow=↗, low=60.0, high=140.0, batteryLevel=1, units=mgdl, dex_txid=4023GU, timestamp=1.47421764393E12, sgvDouble=107.79837621591386, delta=-4.1 mg/dl, battery=71}, {sgvString=99, sgvLevel=0, slopeArrow=↗, low=60.0, high=140.0, batteryLevel=1, units=mgdl, dex_txid=4023GU, timestamp=1.47421734286E12, sgvDouble=99.22877621591388, delta=-4.1 mg/dl, battery=71}, {sgvString=90, sgvLevel=0, slopeArrow=↗, low=60.0, high=140.0, batteryLevel=1, units=mgdl, dex_txid=4023GU, timestamp=1.474217035988E12, sgvDouble=89.97277621591388, delta=-4.1 mg/dl, battery=71}, {sgvString=81, sgvLevel=0, slopeArrow=↗, low=60.0, high=140.0, batteryLevel=1, units=mgdl, dex_txid=4023GU, timestamp=1.47421674327E12, sgvDouble=81.34077621591388, delta=-4.1 mg/dl, battery=71}, {sgvString=72, sgvLevel=0, slopeArrow=→, low=60.0, high=140.0, batteryLevel=1, units=mgdl, dex_txid=4023GU, timestamp=1.474216447152E12, sgvDouble=71.89757621591389, delta=-4.
09-18 15:18:27.382 11070-11085/com.eveningoutpost.dexdrip D/jamorham listener: onDataChanged dataMap dex_txid=4023GU
09-18 15:18:27.382 11070-11085/com.eveningoutpost.dexdrip D/jamorham listener: onDataChanged prefs set dex_txid=4023GU
09-18 15:18:27.382 11070-11085/com.eveningoutpost.dexdrip D/jamorham listener: onDataChanged dataMap units=mgdl
09-18 15:18:27.382 11070-11085/com.eveningoutpost.dexdrip D/jamorham listener: onDataChanged prefs units=mgdl
09-18 15:18:27.382 11070-11085/com.eveningoutpost.dexdrip D/jamorham listener: onDataChanged dataMap highMark=140.0 highMark=60.0
09-18 15:18:27.402 11070-11085/com.eveningoutpost.dexdrip V/WearableLS: unbindService: com.eveningoutpost.dexdrip/.ListenerService
09-18 15:18:27.427 11070-11070/com.eveningoutpost.dexdrip D/onDraw: draw
filtered_data


09-18 15:33:27.893 5200-5200/com.eveningoutpost.dexdrip D/jamorham watchupdater: syncBGData add BgReading Table entry={bgs={"a":-2.2622771235040526E-12,"age_adjusted_raw_value":97.232,"b":6.670205501847477,"c":-4.916687811346625E12,"calculated_value":65.03357621591388,"calculated_value_slope":-1.290969176702555E-5,"calibration_flag":false,"calibration_uuid":"e799ce4b-8398-4d74-a1b0-c819cf96afda","filtered_calculated_value":70.8159762159139,"filtered_data":101.68,"hide_slope":false,"ra":-1.7402131719261804E-12,"raw_calculated":0.0,"raw_data":97.232,"rb":5.130927309113417,"rc":-3.78206754714225E12,"sensor_uuid":"fbe9b40f-c277-4dbc-8399-a0ecee2dc743","synced":false,"time_since_sensor_started":2.11745976E8,"timestamp":1474226946752,"uuid":"f421c891-954d-4c2f-8cf4-c0d37b8877be"}}
09-18 15:33:27.893 5200-5200/com.eveningoutpost.dexdrip D/jamorham watchupdater: syncBGData add BgReading Table bgrecord={"a":-2.2622771235040526E-12,"age_adjusted_raw_value":97.232,"b":6.670205501847477,"c":-4.916687811346625E12,"calculated_value":65.03357621591388,"calculated_value_slope":-1.290969176702555E-5,"calibration_flag":false,"calibration_uuid":"e799ce4b-8398-4d74-a1b0-c819cf96afda","filtered_calculated_value":70.8159762159139,"filtered_data":101.68,"hide_slope":false,"ra":-1.7402131719261804E-12,"raw_calculated":0.0,"raw_data":97.232,"rb":5.130927309113417,"rc":-3.78206754714225E12,"sensor_uuid":"fbe9b40f-c277-4dbc-8399-a0ecee2dc743","synced":false,"time_since_sensor_started":2.11745976E8,"timestamp":1474226946752,"uuid":"f421c891-954d-4c2f-8cf4-c0d37b8877be"}
09-18 15:33:28.053 5200-5200/com.eveningoutpost.dexdrip D/jamorham watchupdater: BG GSON saved BG: {"a":-2.2622771235040526E-12,"age_adjusted_raw_value":97.232,"b":6.670205501847477,"c":-4.916687811346625E12,"calculated_value":65.03357621591388,"calculated_value_slope":-1.290969176702555E-5,"calibration_flag":false,"calibration_uuid":"e799ce4b-8398-4d74-a1b0-c819cf96afda","filtered_calculated_value":70.8159762159139,"filtered_data":101.68,"hide_slope":false,"ra":-1.7402131719261804E-12,"raw_calculated":0.0,"raw_data":97.232,"rb":5.130927309113417,"rc":-3.78206754714225E12,"sensor_uuid":"fbe9b40f-c277-4dbc-8399-a0ecee2dc743","synced":false,"time_since_sensor_started":2.11745976E8,"timestamp":1474226946752,"uuid":"f421c891-954d-4c2f-8cf4-c0d37b8877be"}






09-18 16:55:25.747 13545-13545/com.eveningoutpost.dexdrip I/chatty: uid=10039(com.eveningoutpost.dexdrip) expire 2 lines
09-18 16:55:25.750 13545-13545/com.eveningoutpost.dexdrip I/art: Rejecting re-init on previously-failed class java.lang.Class<com.mongodb.connection.netty.NettyStream$InboundBufferHandler>
09-18 16:55:25.752 13545-13545/com.eveningoutpost.dexdrip I/art: Rejecting re-init on previously-failed class java.lang.Class<com.mongodb.connection.netty.ReadTimeoutHandler>
09-18 16:55:25.753 13545-13545/com.eveningoutpost.dexdrip I/art: Rejecting re-init on previously-failed class java.lang.Class<com.mongodb.connection.netty.ReadTimeoutHandler>
09-18 16:55:26.062 13545-13545/com.eveningoutpost.dexdrip D/jamorham listener: DataRequester: /nightscout_watch_data_resend
09-18 16:55:26.102 13545-13651/com.eveningoutpost.dexdrip D/jamorham listener: Not connected for sending
09-18 16:55:26.148 13545-13545/com.eveningoutpost.dexdrip D/onDraw: draw
09-18 16:55:26.182 13545-13545/com.eveningoutpost.dexdrip D/onDraw: draw
09-18 16:55:26.285 13545-13545/com.eveningoutpost.dexdrip D/wearSENSOR: InitDb DB exists
09-18 16:55:26.285 13545-13545/com.eveningoutpost.dexdrip D/jamorham listener: DataRequester: /nightscout_watch_data_resend
09-18 16:55:26.300 13545-13654/com.eveningoutpost.dexdrip D/jamorham listener: doInBackground connected.  NodeApi.GetConnectedNodesResult await count=1
09-18 16:55:26.300 13545-13654/com.eveningoutpost.dexdrip D/jamorham listener: stopBtG5Service
09-18 16:55:26.318 13545-13654/com.eveningoutpost.dexdrip D/jamorham listener: getWearBGData last_send_previous:12.31.1969 19:00:00
09-18 16:55:26.322 13545-13654/com.eveningoutpost.dexdrip D/jamorham listener: getWearBGData last_bg.timestamp:09.18.2016 16:44:03
09-18 16:55:26.322 13545-13654/com.eveningoutpost.dexdrip D/jamorham listener: getWearBGData last_send_previous < last_bg.timestamp:09.18.2016 16:44:03
09-18 16:55:26.352 13545-13654/com.eveningoutpost.dexdrip D/jamorham listener: getWearBGData graph_bgs count = 36
09-18 16:55:26.379 13545-13654/com.eveningoutpost.dexdrip D/jamorham listener: dataMap BG GSON: {}
09-18 16:55:26.382 13545-13654/com.eveningoutpost.dexdrip D/jamorham listener: dataMap BG GSON: {}
09-18 16:55:26.384 13545-13654/com.eveningoutpost.dexdrip D/jamorham listener: getWearBGData bg.timestamp:09.17.2016 16:44:09
09-18 16:55:26.385 13545-13654/com.eveningoutpost.dexdrip D/jamorham listener: getWearBGData set last_send_previous:09.17.2016 16:44:09
09-18 16:55:26.409 13545-13654/com.eveningoutpost.dexdrip D/jamorham listener: dataMap BG GSON: {}
09-18 16:55:26.409 13545-13654/com.eveningoutpost.dexdrip D/jamorham listener: getWearBGData bg.timestamp:09.17.2016 16:49:06
09-18 16:55:26.410 13545-13654/com.eveningoutpost.dexdrip D/jamorham listener: getWearBGData set last_send_previous:09.17.2016 16:49:06
09-18 16:55:26.413 13545-13654/com.eveningoutpost.dexdrip D/jamorham listener: dataMap BG GSON: {}
09-18 16:55:26.414 13545-13654/com.eveningoutpost.dexdrip D/jamorham listener: getWearBGData bg.timestamp:09.17.2016 16:59:10
09-18 16:55:26.414 13545-13654/com.eveningoutpost.dexdrip D/jamorham listener: getWearBGData set last_send_previous:09.17.2016 16:59:10
09-18 16:55:26.446 13545-13654/com.eveningoutpost.dexdrip D/jamorham listener: dataMap BG GSON: {}
09-18 16:55:26.446 13545-13654/com.eveningoutpost.dexdrip D/jamorham listener: getWearBGData bg.timestamp:09.17.2016 17:04:07
09-18 16:55:26.447 13545-13654/com.eveningoutpost.dexdrip D/jamorham listener: getWearBGData set last_send_previous:09.17.2016 17:04:07
09-18 16:55:26.449 13545-13654/com.eveningoutpost.dexdrip D/jamorham listener: dataMap BG GSON: {}
09-18 16:55:26.450 13545-13654/com.eveningoutpost.dexdrip D/jamorham listener: getWearBGData bg.timestamp:09.17.2016 17:09:04
09-18 16:55:26.450 13545-13654/com.eveningoutpost.dexdrip D/jamorham listener: getWearBGData set last_send_previous:09.17.2016 17:09:04
09-18 16:55:26.456 13545-13654/com.eveningoutpost.dexdrip D/jamorham listener: dataMap BG GSON: {}
09-18 16:55:26.457 13545-13654/com.eveningoutpost.dexdrip D/jamorham listener: getWearBGData bg.timestamp:09.17.2016 17:14:01
09-18 16:55:26.457 13545-13654/com.eveningoutpost.dexdrip D/jamorham listener: getWearBGData set last_send_previous:09.17.2016 17:14:01
09-18 16:55:26.461 13545-13654/com.eveningoutpost.dexdrip D/jamorham listener: dataMap BG GSON: {}
09-18 16:55:26.463 13545-13654/com.eveningoutpost.dexdrip D/jamorham listener: getWearBGData bg.timestamp:09.17.2016 17:19:02
09-18 16:55:26.463 13545-13654/com.eveningoutpost.dexdrip D/jamorham listener: getWearBGData set last_send_previous:09.17.2016 17:19:02
09-18 16:55:26.468 13545-13654/com.eveningoutpost.dexdrip D/jamorham listener: dataMap BG GSON: {}
09-18 16:55:26.470 13545-13654/com.eveningoutpost.dexdrip D/jamorham listener: getWearBGData bg.timestamp:09.17.2016 17:24:07
09-18 16:55:26.471 13545-13654/com.eveningoutpost.dexdrip D/jamorham listener: getWearBGData set last_send_previous:09.17.2016 17:24:07
09-18 16:55:26.491 13545-13654/com.eveningoutpost.dexdrip D/jamorham listener: dataMap BG GSON: {}
09-18 16:55:26.491 13545-13654/com.eveningoutpost.dexdrip D/jamorham listener: getWearBGData bg.timestamp:09.17.2016 17:29:07
09-18 16:55:26.491 13545-13654/com.eveningoutpost.dexdrip D/jamorham listener: getWearBGData set last_send_previous:09.17.2016 17:29:07
09-18 16:55:26.501 13545-13654/com.eveningoutpost.dexdrip D/jamorham listener: dataMap BG GSON: {}
09-18 16:55:26.501 13545-13654/com.eveningoutpost.dexdrip D/jamorham listener: getWearBGData bg.timestamp:09.17.2016 17:34:00
09-18 16:55:26.501 13545-13654/com.eveningoutpost.dexdrip D/jamorham listener: getWearBGData set last_send_previous:09.17.2016 17:34:00
09-18 16:55:26.518 13545-13654/com.eveningoutpost.dexdrip D/jamorham listener: dataMap BG GSON: {}
09-18 16:55:26.518 13545-13654/com.eveningoutpost.dexdrip D/jamorham listener: getWearBGData bg.timestamp:09.17.2016 17:39:08
09-18 16:55:26.518 13545-13654/com.eveningoutpost.dexdrip D/jamorham listener: getWearBGData set last_send_previous:09.17.2016 17:39:08
09-18 16:55:26.555 13545-13654/com.eveningoutpost.dexdrip D/jamorham listener: dataMap BG GSON: {}
09-18 16:55:26.555 13545-13654/com.eveningoutpost.dexdrip D/jamorham listener: getWearBGData bg.timestamp:09.17.2016 17:44:07
09-18 16:55:26.556 13545-13654/com.eveningoutpost.dexdrip D/jamorham listener: getWearBGData set last_send_previous:09.17.2016 17:44:07
09-18 16:55:26.566 13545-13654/com.eveningoutpost.dexdrip D/jamorham listener: dataMap BG GSON: {}
09-18 16:55:26.566 13545-13654/com.eveningoutpost.dexdrip D/jamorham listener: getWearBGData bg.timestamp:09.17.2016 17:49:07
09-18 16:55:26.567 13545-13654/com.eveningoutpost.dexdrip D/jamorham listener: getWearBGData set last_send_previous:09.17.2016 17:49:07
09-18 16:55:26.572 13545-13654/com.eveningoutpost.dexdrip D/jamorham listener: dataMap BG GSON: {}
09-18 16:55:26.573 13545-13654/com.eveningoutpost.dexdrip D/jamorham listener: getWearBGData bg.timestamp:09.17.2016 17:54:07
09-18 16:55:26.573 13545-13654/com.eveningoutpost.dexdrip D/jamorham listener: getWearBGData set last_send_previous:09.17.2016 17:54:07
09-18 16:55:26.578 13545-13654/com.eveningoutpost.dexdrip D/jamorham listener: dataMap BG GSON: {}
09-18 16:55:26.579 13545-13654/com.eveningoutpost.dexdrip D/jamorham listener: getWearBGData bg.timestamp:09.17.2016 17:59:07
09-18 16:55:26.579 13545-13654/com.eveningoutpost.dexdrip D/jamorham listener: getWearBGData set last_send_previous:09.17.2016 17:59:07
09-18 16:55:26.582 13545-13654/com.eveningoutpost.dexdrip D/jamorham listener: dataMap BG GSON: {}
09-18 16:55:26.582 13545-13654/com.eveningoutpost.dexdrip D/jamorham listener: getWearBGData bg.timestamp:09.17.2016 18:04:06
09-18 16:55:26.595 13545-13654/com.eveningoutpost.dexdrip D/jamorham listener: getWearBGData set last_send_previous:09.17.2016 18:04:06
09-18 16:55:26.618 13545-13654/com.eveningoutpost.dexdrip D/jamorham listener: dataMap BG GSON: {}
09-18 16:55:26.619 13545-13654/com.eveningoutpost.dexdrip D/jamorham listener: getWearBGData bg.timestamp:09.17.2016 18:09:07
09-18 16:55:26.619 13545-13654/com.eveningoutpost.dexdrip D/jamorham listener: getWearBGData set last_send_previous:09.17.2016 18:09:07
09-18 16:55:26.628 13545-13654/com.eveningoutpost.dexdrip D/jamorham listener: dataMap BG GSON: {}
09-18 16:55:26.628 13545-13654/com.eveningoutpost.dexdrip D/jamorham listener: getWearBGData bg.timestamp:09.17.2016 18:14:07
09-18 16:55:26.629 13545-13654/com.eveningoutpost.dexdrip D/jamorham listener: getWearBGData set last_send_previous:09.17.2016 18:14:07
09-18 16:55:26.661 13545-13654/com.eveningoutpost.dexdrip D/jamorham listener: dataMap BG GSON: {}
09-18 16:55:26.674 13545-13654/com.eveningoutpost.dexdrip D/jamorham listener: getWearBGData bg.timestamp:09.17.2016 18:19:07
09-18 16:55:26.676 13545-13654/com.eveningoutpost.dexdrip D/jamorham listener: getWearBGData set last_send_previous:09.17.2016 18:19:07
09-18 16:55:26.679 13545-13654/com.eveningoutpost.dexdrip D/jamorham listener: dataMap BG GSON: {}
09-18 16:55:26.680 13545-13654/com.eveningoutpost.dexdrip D/jamorham listener: getWearBGData bg.timestamp:09.17.2016 18:24:07
09-18 16:55:26.680 13545-13654/com.eveningoutpost.dexdrip D/jamorham listener: getWearBGData set last_send_previous:09.17.2016 18:24:07
09-18 16:55:26.683 13545-13654/com.eveningoutpost.dexdrip D/jamorham listener: dataMap BG GSON: {}
09-18 16:55:26.683 13545-13654/com.eveningoutpost.dexdrip D/jamorham listener: getWearBGData bg.timestamp:09.17.2016 18:29:05
09-18 16:55:26.683 13545-13654/com.eveningoutpost.dexdrip D/jamorham listener: getWearBGData set last_send_previous:09.17.2016 18:29:05
09-18 16:55:26.691 13545-13654/com.eveningoutpost.dexdrip D/jamorham listener: dataMap BG GSON: {}
09-18 16:55:26.691 13545-13654/com.eveningoutpost.dexdrip D/jamorham listener: getWearBGData bg.timestamp:09.17.2016 18:34:04
09-18 16:55:26.691 13545-13654/com.eveningoutpost.dexdrip D/jamorham listener: getWearBGData set last_send_previous:09.17.2016 18:34:04
09-18 16:55:26.694 13545-13654/com.eveningoutpost.dexdrip D/jamorham listener: dataMap BG GSON: {}
09-18 16:55:26.697 13545-13654/com.eveningoutpost.dexdrip D/jamorham listener: getWearBGData bg.timestamp:09.17.2016 18:39:05
09-18 16:55:26.697 13545-13654/com.eveningoutpost.dexdrip D/jamorham listener: getWearBGData set last_send_previous:09.17.2016 18:39:05
09-18 16:55:26.700 13545-13654/com.eveningoutpost.dexdrip D/jamorham listener: dataMap BG GSON: {}
09-18 16:55:26.700 13545-13654/com.eveningoutpost.dexdrip D/jamorham listener: getWearBGData bg.timestamp:09.17.2016 18:44:05
09-18 16:55:26.701 13545-13654/com.eveningoutpost.dexdrip D/jamorham listener: getWearBGData set last_send_previous:09.17.2016 18:44:05
09-18 16:55:26.717 13545-13654/com.eveningoutpost.dexdrip D/jamorham listener: dataMap BG GSON: {}
09-18 16:55:26.717 13545-13654/com.eveningoutpost.dexdrip D/jamorham listener: getWearBGData bg.timestamp:09.17.2016 18:49:06
09-18 16:55:26.718 13545-13654/com.eveningoutpost.dexdrip D/jamorham listener: getWearBGData set last_send_previous:09.17.2016 18:49:06
09-18 16:55:26.724 13545-13654/com.eveningoutpost.dexdrip D/jamorham listener: dataMap BG GSON: {}
09-18 16:55:26.724 13545-13654/com.eveningoutpost.dexdrip D/jamorham listener: getWearBGData bg.timestamp:09.17.2016 18:54:06
09-18 16:55:26.724 13545-13654/com.eveningoutpost.dexdrip D/jamorham listener: getWearBGData set last_send_previous:09.17.2016 18:54:06
09-18 16:55:26.748 13545-13551/com.eveningoutpost.dexdrip W/art: Suspending all threads took: 12.054ms
09-18 16:55:26.794 13545-13654/com.eveningoutpost.dexdrip D/jamorham listener: dataMap BG GSON: {}
09-18 16:55:26.799 13545-13654/com.eveningoutpost.dexdrip D/jamorham listener: getWearBGData bg.timestamp:09.17.2016 18:59:05
09-18 16:55:26.799 13545-13654/com.eveningoutpost.dexdrip D/jamorham listener: getWearBGData set last_send_previous:09.17.2016 18:59:05
09-18 16:55:26.805 13545-13654/com.eveningoutpost.dexdrip D/jamorham listener: dataMap BG GSON: {}
09-18 16:55:26.806 13545-13654/com.eveningoutpost.dexdrip D/jamorham listener: getWearBGData bg.timestamp:09.17.2016 19:04:07
09-18 16:55:26.806 13545-13654/com.eveningoutpost.dexdrip D/jamorham listener: getWearBGData set last_send_previous:09.17.2016 19:04:07
09-18 16:55:26.811 13545-13654/com.eveningoutpost.dexdrip D/jamorham listener: dataMap BG GSON: {}
09-18 16:55:26.811 13545-13654/com.eveningoutpost.dexdrip D/jamorham listener: getWearBGData bg.timestamp:09.17.2016 19:09:06
09-18 16:55:26.812 13545-13654/com.eveningoutpost.dexdrip D/jamorham listener: getWearBGData set last_send_previous:09.17.2016 19:09:06
09-18 16:55:26.816 13545-13654/com.eveningoutpost.dexdrip D/jamorham listener: dataMap BG GSON: {}
09-18 16:55:26.817 13545-13654/com.eveningoutpost.dexdrip D/jamorham listener: getWearBGData bg.timestamp:09.17.2016 19:14:06
09-18 16:55:26.818 13545-13654/com.eveningoutpost.dexdrip D/jamorham listener: getWearBGData set last_send_previous:09.17.2016 19:14:06
09-18 16:55:26.827 13545-13654/com.eveningoutpost.dexdrip D/jamorham listener: dataMap BG GSON: {}
09-18 16:55:26.828 13545-13654/com.eveningoutpost.dexdrip D/jamorham listener: getWearBGData bg.timestamp:09.17.2016 19:19:06
09-18 16:55:26.828 13545-13654/com.eveningoutpost.dexdrip D/jamorham listener: getWearBGData set last_send_previous:09.17.2016 19:19:06
09-18 16:55:26.831 13545-13654/com.eveningoutpost.dexdrip D/jamorham listener: dataMap BG GSON: {}
09-18 16:55:26.831 13545-13654/com.eveningoutpost.dexdrip D/jamorham listener: getWearBGData bg.timestamp:09.17.2016 19:24:06
09-18 16:55:26.832 13545-13654/com.eveningoutpost.dexdrip D/jamorham listener: getWearBGData set last_send_previous:09.17.2016 19:24:06
09-18 16:55:26.842 13545-13654/com.eveningoutpost.dexdrip D/jamorham listener: dataMap BG GSON: {}
09-18 16:55:26.843 13545-13654/com.eveningoutpost.dexdrip D/jamorham listener: getWearBGData bg.timestamp:09.17.2016 19:29:05
09-18 16:55:26.843 13545-13654/com.eveningoutpost.dexdrip D/jamorham listener: getWearBGData set last_send_previous:09.17.2016 19:29:05
09-18 16:55:26.848 13545-13654/com.eveningoutpost.dexdrip D/jamorham listener: dataMap BG GSON: {}
09-18 16:55:26.848 13545-13654/com.eveningoutpost.dexdrip D/jamorham listener: getWearBGData bg.timestamp:09.17.2016 19:34:06
09-18 16:55:26.849 13545-13654/com.eveningoutpost.dexdrip D/jamorham listener: getWearBGData set last_send_previous:09.17.2016 19:34:06
09-18 16:55:26.854 13545-13654/com.eveningoutpost.dexdrip D/jamorham listener: dataMap BG GSON: {}
09-18 16:55:26.856 13545-13654/com.eveningoutpost.dexdrip D/jamorham listener: getWearBGData bg.timestamp:09.17.2016 19:39:06
09-18 16:55:26.856 13545-13654/com.eveningoutpost.dexdrip D/jamorham listener: getWearBGData set last_send_previous:09.17.2016 19:39:06
09-18 16:55:26.859 13545-13654/com.eveningoutpost.dexdrip D/jamorham listener: dataMap BG GSON: {}
09-18 16:55:26.860 13545-13654/com.eveningoutpost.dexdrip D/jamorham listener: getWearBGData bg.timestamp:09.17.2016 19:44:06
09-18 16:55:26.860 13545-13654/com.eveningoutpost.dexdrip D/jamorham listener: getWearBGData set last_send_previous:09.17.2016 19:44:06
09-18 16:55:26.860 13545-13654/com.eveningoutpost.dexdrip D/jamorham listener: doInBackground send getWearBGData BGs to phone
09-18 16:55:26.882 13545-13654/com.eveningoutpost.dexdrip D/jamorham listener: getWearBGData last_send_previous:09.17.2016 19:44:06
09-18 16:55:26.887 13545-13545/com.eveningoutpost.dexdrip D/jamorham listener: send getWearBGData BGs to phone: SUCCESS
09-18 16:55:26.890 13545-13654/com.eveningoutpost.dexdrip D/jamorham listener: getWearBGData last_bg.timestamp:09.18.2016 16:44:03
09-18 16:55:26.890 13545-13654/com.eveningoutpost.dexdrip D/jamorham listener: getWearBGData last_send_previous < last_bg.timestamp:09.18.2016 16:44:03
09-18 16:55:26.899 13545-13654/com.eveningoutpost.dexdrip D/jamorham listener: getWearBGData graph_bgs count = 36
09-18 16:55:26.908 13545-13654/com.eveningoutpost.dexdrip D/jamorham listener: dataMap BG GSON: {}
09-18 16:55:26.911 13545-13654/com.eveningoutpost.dexdrip D/jamorham listener: dataMap BG GSON: {}
09-18 16:55:26.911 13545-13654/com.eveningoutpost.dexdrip D/jamorham listener: getWearBGData bg.timestamp:09.17.2016 19:49:06
09-18 16:55:26.912 13545-13654/com.eveningoutpost.dexdrip D/jamorham listener: getWearBGData set last_send_previous:09.17.2016 19:49:06
09-18 16:55:26.925 13545-13654/com.eveningoutpost.dexdrip D/jamorham listener: dataMap BG GSON: {}
09-18 16:55:26.926 13545-13654/com.eveningoutpost.dexdrip D/jamorham listener: getWearBGData bg.timestamp:09.17.2016 19:54:06
09-18 16:55:26.926 13545-13654/com.eveningoutpost.dexdrip D/jamorham listener: getWearBGData set last_send_previous:09.17.2016 19:54:06
09-18 16:55:26.946 13545-13654/com.eveningoutpost.dexdrip D/jamorham listener: dataMap BG GSON: {}
09-18 16:55:26.946 13545-13654/com.eveningoutpost.dexdrip D/jamorham listener: getWearBGData bg.timestamp:09.17.2016 19:59:06
09-18 16:55:26.947 13545-13654/com.eveningoutpost.dexdrip D/jamorham listener: getWearBGData set last_send_previous:09.17.2016 19:59:06
09-18 16:55:26.979 13545-13654/com.eveningoutpost.dexdrip D/jamorham listener: dataMap BG GSON: {}
09-18 16:55:26.980 13545-13654/com.eveningoutpost.dexdrip D/jamorham listener: getWearBGData bg.timestamp:09.17.2016 20:04:06
09-18 16:55:26.980 13545-13654/com.eveningoutpost.dexdrip D/jamorham listener: getWearBGData set last_send_previous:09.17.2016 20:04:06
09-18 16:55:27.098 13545-13654/com.eveningoutpost.dexdrip D/jamorham listener: dataMap BG GSON: {}
09-18 16:55:27.108 13545-13654/com.eveningoutpost.dexdrip D/jamorham listener: getWearBGData bg.timestamp:09.17.2016 20:09:06
09-18 16:55:27.109 13545-13654/com.eveningoutpost.dexdrip D/jamorham listener: getWearBGData set last_send_previous:09.17.2016 20:09:06
09-18 16:55:27.114 13545-13654/com.eveningoutpost.dexdrip D/jamorham listener: dataMap BG GSON: {}
