09-16 20:39:12.217 1254-1964/com.eveningoutpost.dexdrip D/jamorham listener: onDataChanged dataMap={sgvString=72, sgvLevel=0, slopeArrow=↑, low=60.0, entries=[{sgvString=72, sgvLevel=0, slopeArrow=↑, low=60.0, high=140.0, batteryLevel=1, units=mgdl, dex_txid=4023GU, timestamp=1.474070948011E12, sgvDouble=72.27150637221052, delta=+13.6 mg/dl, battery=100}, {sgvString=58, sgvLevel=-1, slopeArrow=⇊, low=60.0, high=140.0, batteryLevel=1, units=mgdl, dex_txid=4023GU, timestamp=1.474070643597E12, sgvDouble=58.43693617889471, delta=+13.6 mg/dl, battery=100}, {sgvString=82, sgvLevel=0, slopeArrow=→, low=60.0, high=140.0, batteryLevel=1, units=mgdl, dex_txid=4023GU, timestamp=1.474070344441E12, sgvDouble=81.51582740089475, delta=+13.6 mg/dl, battery=100}, {sgvString=82, sgvLevel=0, slopeArrow=↗, low=60.0, high=140.0, batteryLevel=1, units=mgdl, dex_txid=4023GU, timestamp=1.474070045379E12, sgvDouble=82.34029259157893, delta=+13.6 mg/dl, battery=100}, {sgvString=76, sgvLevel=0, slopeArrow=↑, low=60.0, high=140.0, batteryLevel=1, units=mgdl, dex_txid=4023GU, timestamp=1.474069745935E12, sgvDouble=76.44908526821055, delta=+13.6 mg/dl, battery=100}, {sgvString=65, sgvLevel=0, slopeArrow=↗, low=60.0, high=140.0, batteryLevel=1, units=mgdl, dex_txid=4023GU, timestamp=1.47406944368E12, sgvDouble=65.40426119736841, delta=+13.6 mg/dl, battery=100}, {sgvString=60, sgvLevel=0, slopeArrow=↗, low=60.0, high=140.0, batteryLevel=1, units=mgdl, dex_txid=4023GU, timestamp=1.474069143682E12, sgvDouble=60.39483495147368, delta=+13.6 mg/dl, battery=100}, {sgvString=54, sgvLevel=-1, slopeArrow=→, low=60.0, high=140.0, batteryLevel=1, units=mgdl, dex_txid=4023GU, timestamp=1.474068843982E12, sgvDouble=54.30316593473685, delta=+13.6 mg/dl, battery=100}, {sgvString=53, sgvLevel=-1, slopeArrow=→, low=60.0, high=140.0, batteryLevel=1, units=mgdl, dex_txid=4023GU, timestamp=1.474067949882E12, sgvDouble=53.37443623378948, delta=+13.6 mg/dl, battery=100}, {sgvString=51, sgvLevel=-1, slopeArrow=↗, low=60.0, high=140.0, batteryLevel=1, units=mgdl, dex_txid=4023GU, timestamp=1.474067650875E12, sgvDouble=50.54783824610527, delta=+13.6 mg/dl, battery=100}, {sgvString=42, sgvLevel=-1, slopeArrow=→, low=60.0, high=140.0, batteryLevel=1, units=mgdl, dex_txid=4023GU, timestamp=1.47406734997E12, sgvDouble=42.146932658842104, delta=+13.6 mg/dl, battery=100}, {sgvString=LOW, sgvLevel=-1, slopeArrow=→, low=60.0, high=140.0, batteryLevel=1, units=mgdl, dex_txid=4023GU, timestamp=1.474067051079E12, sgvDouble=39.0, delta=+13.6 mg/dl, battery=100}, {sgvString=LOW, sgvLevel=-1, slopeArrow=→, low=60.0, high=140.0, batteryLevel=1, units=mgdl, dex_txid=4023GU, timestamp=1.474066750997E12, sgvDouble=39.0, delta=+13.6 mg/dl, battery=100}, {sgvString=LOW, sgvLevel=-1, slopeArrow=→, low=60.0, high=140.0, batteryLevel=1, units=mgdl, dex_txid=4023GU, timestamp=1.47406645051E12, sgvDouble=39.0, delta=+13.6 mg/dl, battery=100}, {sgvString=LOW, sgvLevel=-1, slopeArrow=→, low=60.0, high=140.0, batteryLevel=1, units=mgdl, dex_txid=4023GU, timestamp=1.474066150981E12, sgvDouble=39.0, delta=+13.6 mg/dl, battery=100}, {sgvString=LOW, sgvLevel=-1, slopeArrow=→, low=60.0, high=140.0, batteryLevel=1, units=mgdl, dex_txid=4023GU, timestamp=1.474065851052E12, sgvDouble=39.0, delta=+13.6 mg/dl, battery=100}, {sgvString=LOW, sgvLevel=-1, slopeArrow=→, low=60.0, high=140.0, batteryLevel=1, units=mgdl, dex_txid=4023GU, timestamp=1.474065550872E12, sgvDouble=39.0, delta=+13.6 mg/dl, battery=100}, {sgvString=LOW, sgvLevel=-1, slopeArrow=→, low=60.0, high=140.0, batteryLevel=1, units=mgdl, dex_txid=4023GU, timestamp=1.474065251043E12, sgvDouble=39.0, delta=+13.6 mg/dl, battery=100}, {sgvString=LOW, sgvLevel=-1, slopeArrow=→, low=60.0, high=140.0, batteryLevel=1, units=mgdl, dex_txid=4023GU, timestamp=1.474064951318E12, sgvDouble=39.0, delta=+13.6 mg/dl, battery=100}, {sgvString=LOW, sgvLevel=-1, slopeArrow=→, low=60.0, high=140.0, batteryLevel=1, units=mgdl, dex_txid=4023GU, timestamp=1.474064650709E12, sgvDouble=39.0, delta=+13.6 mg/dl, battery=100}, {sgvString=42, sgvLevel=-1, slopeArrow=→, low=
09-16 20:39:12.217 1254-1964/com.eveningoutpost.dexdrip D/jamorham listener: onDataChanged dataMap dex_txid=4023GU
09-16 20:39:12.217 1254-1964/com.eveningoutpost.dexdrip D/jamorham listener: onDataChanged prefs set dex_txid=4023GU
09-16 20:39:12.217 1254-1964/com.eveningoutpost.dexdrip D/jamorham listener: onDataChanged dataMap units=mgdl
09-16 20:39:12.217 1254-1964/com.eveningoutpost.dexdrip D/jamorham listener: onDataChanged prefs units=mgdl
09-16 20:39:12.217 1254-1964/com.eveningoutpost.dexdrip D/jamorham listener: onDataChanged dataMap highMark=140.0 highMark=60.0
09-16 20:39:12.231 1254-1964/com.eveningoutpost.dexdrip V/WearableLS: unbindService: com.eveningoutpost.dexdrip/.ListenerService
09-16 20:39:12.264 1254-1254/com.eveningoutpost.dexdrip D/onDraw: draw
09-16 20:39:15.113 1254-32073/com.eveningoutpost.dexdrip D/jamorham JoH: G5-timeout rate limited: 60 seconds
09-16 20:39:15.121 1254-32074/com.eveningoutpost.dexdrip D/BluetoothAdapter: STATE_ON
09-16 20:39:15.121 1254-32074/com.eveningoutpost.dexdrip D/BluetoothLeScanner: could not find callback wrapper
09-16 20:39:15.123 1254-32074/com.eveningoutpost.dexdrip D/BluetoothAdapter: STATE_ON


09-17 12:38:54.800 675-675/com.eveningoutpost.dexdrip D/onDraw: draw
09-17 12:39:03.614 675-716/com.eveningoutpost.dexdrip V/WearableLS: bindService: com.eveningoutpost.dexdrip/.ListenerService
09-17 12:39:03.617 675-716/com.eveningoutpost.dexdrip D/jamorham listener: onDataChanged dataMap={sgvString=70, sgvLevel=0, slopeArrow=→, low=60.0, high=140.0, batteryLevel=1, units=mgdl, dex_txid=4023GU, timestamp=1.474130342234E12, sgvDouble=70.00206465860455, delta=-.1 mg/dl, battery=97}
09-17 12:39:03.617 675-716/com.eveningoutpost.dexdrip D/jamorham listener: onDataChanged dataMap dex_txid=4023GU


09-17 13:18:45.139 675-675/com.eveningoutpost.dexdrip D/onDraw: draw
09-17 13:19:05.079 675-716/com.eveningoutpost.dexdrip V/WearableLS: bindService: com.eveningoutpost.dexdrip/.ListenerService
09-17 13:19:05.082 675-716/com.eveningoutpost.dexdrip D/jamorham listener: onDataChanged dataMap={sgvString=72, sgvLevel=0, slopeArrow=→, low=60.0, high=140.0, batteryLevel=1, units=mgdl, dex_txid=4023GU, timestamp=1.474132744163E12, sgvDouble=72.0945797287256, delta=+.4 mg/dl, battery=89}
09-17 13:19:05.082 675-716/com.eveningoutpost.dexdrip D/jamorham listener: onDataChanged dataMap dex_txid=4023GU
09-17 13:19:05.083 675-716/com.eveningoutpost.dexdrip D/jamorham listener: onDataChanged prefs set dex_txid=4023GU
09-17 13:19:05.083 675-716/com.eveningoutpost.dexdrip D/jamorham listener: onDataChanged dataMap units=mgdl
09-17 13:19:05.083 675-716/com.eveningoutpost.dexdrip D/jamorham listener: onDataChanged prefs units=mgdl
09-17 13:19:05.083 675-716/com.eveningoutpost.dexdrip D/jamorham listener: onDataChanged dataMap highMark=140.0 highMark=60.0
09-17 13:19:05.093 675-716/com.eveningoutpost.dexdrip V/WearableLS: unbindService: com.eveningoutpost.dexdrip/.ListenerService
09-17 13:19:05.128 675-675/com.eveningoutpost.dexdrip D/onDraw: draw
09-17 13:22:57.202 675-716/com.eveningoutpost.dexdrip V/WearableLS: bindService: com.eveningoutpost.dexdrip/.ListenerService
09-17 13:22:57.207 675-716/com.eveningoutpost.dexdrip D/jamorham listener: onDataChanged SYNC_DB_PATH=/syncweardb
09-17 13:22:57.208 675-716/com.eveningoutpost.dexdrip V/WearableLS: unbindService: com.eveningoutpost.dexdrip/.ListenerService
09-17 13:22:57.250 675-716/com.eveningoutpost.dexdrip V/WearableLS: bindService: com.eveningoutpost.dexdrip/.ListenerService
09-17 13:22:57.252 675-716/com.eveningoutpost.dexdrip D/jamorham listener: onDataChanged path=/nightscout_watch_sensor_data DataMap={started_at=1474015200776, sensor_location=Belly (abdomen), latest_battery_level=216, time=1474132976607, uuid=fbe9b40f-c277-4dbc-8399-a0ecee2dc743}
09-17 13:22:57.254 675-716/com.eveningoutpost.dexdrip D/jamorham listener: syncSensorData
09-17 13:22:57.254 675-716/com.eveningoutpost.dexdrip D/jamorham listener: onDataChanged dataMap dex_txid=ABCDEF
09-17 13:22:57.267 675-716/com.eveningoutpost.dexdrip D/jamorham listener: onDataChanged prefs set dex_txid=ABCDEF
09-17 13:22:57.267 675-716/com.eveningoutpost.dexdrip D/jamorham listener: syncSensorData add Sensor  for uuid=fbe9b40f-c277-4dbc-8399-a0ecee2dc743
09-17 13:22:57.267 675-716/com.eveningoutpost.dexdrip D/jamorham listener: syncSensorData add Sensor for uuid=fbe9b40f-c277-4dbc-8399-a0ecee2dc743 timestamp=1474015200776 timeString=09.16.2016 04:40:00
09-17 13:22:57.269 675-716/com.eveningoutpost.dexdrip D/SENSOR: xDrip_sensor_uuid is fbe9b40f-c277-4dbc-8399-a0ecee2dc743
09-17 13:22:57.270 675-716/com.eveningoutpost.dexdrip D/SENSOR: xDrip_sensor_uuid is fbe9b40f-c277-4dbc-8399-a0ecee2dc743
09-17 13:22:57.270 675-716/com.eveningoutpost.dexdrip D/jamorham listener: syncSensorData Sensor create.
09-17 13:22:57.275 675-716/com.eveningoutpost.dexdrip D/SENSOR create new error: fbe9b40f-c277-4dbc-8399-a0ecee2dc743
09-17 13:22:57.276 675-716/com.eveningoutpost.dexdrip E/jamorham listener: syncSensorData Failed to create new Sensor for uuid=fbe9b40f-c277-4dbc-8399-a0ecee2dc743


09-17 14:13:29.400 675-675/com.eveningoutpost.dexdrip D/jamorham listener: DataRequester: /nightscout_watch_data_resend
09-17 14:13:29.401 675-717/com.eveningoutpost.dexdrip D/jamorham listener: Not connected for sending
09-17 14:13:29.435 675-675/com.eveningoutpost.dexdrip D/jamorham listener: DataRequester: /nightscout_watch_data_resend
09-17 14:13:29.442 675-856/com.eveningoutpost.dexdrip D/jamorham listener: doInBackground connected.  NodeApi.GetConnectedNodesResult await count=0
09-17 14:13:29.442 675-856/com.eveningoutpost.dexdrip D/jamorham listener: doInBackground connected but getConnectedNodes returns 0.  start G5 service
09-17 14:13:29.443 675-856/com.eveningoutpost.dexdrip D/jamorham listener: startBtG5Service
09-17 14:13:29.453 675-856/com.eveningoutpost.dexdrip D/jamorham listener: checkLocationPermissions  mLocationPermissionApproved:true
09-17 14:13:29.454 675-856/com.eveningoutpost.dexdrip D/jamorham listener: checkLocationPermissions mLocationPermissionApproved:true
09-17 14:13:29.454 675-856/com.eveningoutpost.dexdrip D/jamorham listener: startBtG5Service start G5CollectionService
09-17 14:13:29.458 675-675/com.eveningoutpost.dexdrip D/wearG5CollectionService: onG5StartCommand wakeup: 2016-09-17 14:13:29
09-17 14:13:29.458 675-675/com.eveningoutpost.dexdrip D/wearG5CollectionService: alreadyStoppedScanning
09-17 14:13:29.458 675-675/com.eveningoutpost.dexdrip D/wearG5CollectionService: No Active Sensor
09-17 14:13:29.460 675-856/com.eveningoutpost.dexdrip D/jamorham listener: startBtG5Service AFTER startService G5CollectionService mLocationPermissionApproved true
09-17 14:13:29.784 675-675/com.eveningoutpost.dexdrip D/onDraw: draw



09-17 16:48:36.476 16247-18964/com.eveningoutpost.dexdrip D/jamorham listener: doInBackground connected.  NodeApi.GetConnectedNodesResult await count=1
09-17 16:48:36.476 16247-18964/com.eveningoutpost.dexdrip D/jamorham listener: stopBtG5Service
09-17 16:48:36.476 16247-18964/com.eveningoutpost.dexdrip D/jamorham listener: stopBtG5Service call stopService
09-17 16:48:36.482 16247-16247/com.eveningoutpost.dexdrip E/wearG5CollectionService: stopScan
09-17 16:48:36.486 16247-18964/com.eveningoutpost.dexdrip D/jamorham listener: stopBtG5Service should have called onDestroy
09-17 16:48:36.500 16247-16247/com.eveningoutpost.dexdrip D/BluetoothAdapter: STATE_ON
09-17 16:48:36.516 16247-16247/com.eveningoutpost.dexdrip I/wearG5CollectionService: SERVICE STOPPED
09-17 16:48:36.519 16247-18964/com.eveningoutpost.dexdrip D/jamorham listener: getWearBGData last_send_previous:12.31.1969 19:00:00
09-17 16:48:36.525 16247-18964/com.eveningoutpost.dexdrip D/jamorham listener: getWearBGData last_bg.timestamp:09.17.2016 16:44:09
09-17 16:48:36.526 16247-18964/com.eveningoutpost.dexdrip D/jamorham listener: getWearBGData last_send_previous < last_bg.timestamp:09.17.2016 16:44:09
09-17 16:48:36.528 16247-18964/com.eveningoutpost.dexdrip D/jamorham listener: getWearBGData graph_bgs count = 1
09-17 16:48:36.552 16247-18964/com.eveningoutpost.dexdrip D/jamorham listener: dataMap BG GSON: {"a":0.0,"age_adjusted_raw_value":139.53122927105264,"b":0.0,"c":104.43673988493089,"calculated_value":104.43673988493089,"calculated_value_slope":0.0,"calibration_flag":false,"calibration_uuid":"36b8e6f2-6fd1-4d45-9498-0c8127254a45","filtered_calculated_value":106.44069611714141,"filtered_data":129.232,"hide_slope":false,"ra":0.0,"raw_calculated":0.0,"raw_data":127.536,"rb":0.0,"rc":139.53122927105264,"sensor_uuid":"fbe9b40f-c277-4dbc-8399-a0ecee2dc743","synced":false,"time_since_sensor_started":1.2984922E8,"timestamp":1474145049996,"uuid":"dcfff002-4f47-4531-b696-a59a5851d2c6"}
09-17 16:48:36.618 16247-18964/com.eveningoutpost.dexdrip D/jamorham listener: dataMap BG GSON: {"a":0.0,"age_adjusted_raw_value":139.53122927105264,"b":0.0,"c":104.43673988493089,"calculated_value":104.43673988493089,"calculated_value_slope":0.0,"calibration_flag":false,"calibration_uuid":"36b8e6f2-6fd1-4d45-9498-0c8127254a45","filtered_calculated_value":106.44069611714141,"filtered_data":129.232,"hide_slope":false,"ra":0.0,"raw_calculated":0.0,"raw_data":127.536,"rb":0.0,"rc":139.53122927105264,"sensor_uuid":"fbe9b40f-c277-4dbc-8399-a0ecee2dc743","synced":false,"time_since_sensor_started":1.2984922E8,"timestamp":1474145049996,"uuid":"dcfff002-4f47-4531-b696-a59a5851d2c6"}
09-17 16:48:36.619 16247-18964/com.eveningoutpost.dexdrip D/jamorham listener: getWearBGData bg.timestamp:09.17.2016 16:44:09
09-17 16:48:36.619 16247-18964/com.eveningoutpost.dexdrip D/jamorham listener: getWearBGData set last_send_previous:09.17.2016 16:44:09
09-17 16:48:36.619 16247-18964/com.eveningoutpost.dexdrip D/jamorham listener: doInBackground send getWearBGData BGs to phone
09-17 16:48:36.635 16247-18964/com.eveningoutpost.dexdrip D/jamorham listener: getWearBGData last_send_previous:09.17.2016 16:44:09
09-17 16:48:36.643 16247-18964/com.eveningoutpost.dexdrip D/jamorham listener: getWearBGData last_bg.timestamp:09.17.2016 16:44:09
09-17 16:48:38.716 16247-31652/com.eveningoutpost.dexdrip D/jamorham JoH: G5-timeout rate limited: 60 seconds
09-17 16:48:38.723 16247-31723/com.eveningoutpost.dexdrip D/BluetoothAdapter: STATE_ON




09-17 17:24:08.028 16247-16258/com.eveningoutpost.dexdrip D/BgSendQueue: resendData last_bg.timestamp:09.17.2016 17:24:07
09-17 17:24:08.050 16247-16258/com.eveningoutpost.dexdrip D/BgSendQueue: resendData graph_bgs size=8
09-17 17:24:08.233 16247-16247/com.eveningoutpost.dexdrip D/onDraw: draw
09-17 17:24:08.239 16247-16258/com.eveningoutpost.dexdrip I/BG GSON:: {"a":1.0378474343148644E-11,"age_adjusted_raw_value":126.04335181824561,"b":-30.598804098328173,"c":2.25535753448595E13,"calculated_value":89.86983223589928,"calculated_value_slope":-4.340768143506313E-6,"calibration_flag":false,"calibration_uuid":"36b8e6f2-6fd1-4d45-9498-0c8127254a45","filtered_calculated_value":93.04562359065719,"filtered_data":118.608,"hide_slope":false,"ra":9.609698465878512E-12,"raw_calculated":0.0,"raw_data":115.904,"rb":-28.332226016970935,"rc":2.088294013417225E13,"sensor_uuid":"fbe9b40f-c277-4dbc-8399-a0ecee2dc743","synced":false,"time_since_sensor_started":1.32247076E8,"timestamp":1474147447852,"uuid":"afd946b3-5e09-46bc-acba-59a1dbf4f2b9"}
09-17 17:24:08.239 16247-16258/com.eveningoutpost.dexdrip D/wearG5CollectionService Dex raw_data: 115904.0
09-17 17:24:08.239 16247-16258/com.eveningoutpost.dexdrip D/wearG5CollectionService Dex filtered_data: 0.0
09-17 17:24:08.239 16247-16258/com.eveningoutpost.dexdrip D/wearG5CollectionService Dex sensor_battery_level: 216.0
09-17 17:24:08.240 16247-16258/com.eveningoutpost.dexdrip D/wearG5CollectionService:  Dex timestamp 1.474147447852E12 09.17.2016 17:24:07






09-17 20:58:29.067 24786-32658/com.eveningoutpost.dexdrip D/jamorham exec:  New thread: syncToMongoDb
09-17 20:58:29.077 24786-32661/com.eveningoutpost.dexdrip D/jamorham exec: Acquire Wakelocks total: 2
09-17 20:58:29.087 24786-32661/com.eveningoutpost.dexdrip I/MongoSendTask: uploader.upload called 11
09-17 20:58:29.087 24786-32661/com.eveningoutpost.dexdrip I/NightscoutUploader: Starting upload of 11 record using a REST API
09-17 20:58:29.087 24786-32661/com.eveningoutpost.dexdrip E/NightscoutUploader: Unable to do REST API Upload Attempt to read from field 'long com.eveningoutpost.dexdrip.Models.BgReading.timestamp' on a null object reference
09-17 20:58:29.087 24786-32657/com.eveningoutpost.dexdrip D/jamorham wear: DataMap: {sgvString=77, sgvLevel=0, low=60.0, slopeArrow=→, high=140.0, batteryLevel=1, units=mgdl, dex_txid=4023GU, timestamp=1.474148043599E12, sgvDouble=76.63157845670669, delta=-1.5 mg/dl, battery=100} sent to: SmartWatch 3 2B62
09-17 20:58:29.087 24786-32657/com.eveningoutpost.dexdrip D/jamorham wear: SendDataToLayerThread post-execute concurrency: 0
09-17 20:58:29.087 24786-32657/com.eveningoutpost.dexdrip D/jamorham exec: Queue empty: sendData
09-17 20:58:29.087 24786-32657/com.eveningoutpost.dexdrip D/jamorham exec: Release Wakelocks total: 1
09-17 20:58:29.107 24786-32661/com.eveningoutpost.dexdrip W/System.err: java.lang.NullPointerException: Attempt to read from field 'long com.eveningoutpost.dexdrip.Models.BgReading.timestamp' on a null object reference
09-17 20:58:29.107 24786-32661/com.eveningoutpost.dexdrip W/System.err:     at com.eveningoutpost.dexdrip.UtilityModels.NightscoutUploader.populateV1APIBGEntry(NightscoutUploader.java:214)
09-17 20:58:29.107 24786-32661/com.eveningoutpost.dexdrip W/System.err:     at com.eveningoutpost.dexdrip.UtilityModels.NightscoutUploader.doRESTUploadTo(NightscoutUploader.java:193)
09-17 20:58:29.107 24786-32661/com.eveningoutpost.dexdrip W/System.err:     at com.eveningoutpost.dexdrip.UtilityModels.NightscoutUploader.doRESTUpload(NightscoutUploader.java:167)
09-17 20:58:29.107 24786-32661/com.eveningoutpost.dexdrip W/System.err:     at com.eveningoutpost.dexdrip.UtilityModels.NightscoutUploader.upload(NightscoutUploader.java:112)
09-17 20:58:29.107 24786-32661/com.eveningoutpost.dexdrip W/System.err:     at com.eveningoutpost.dexdrip.UtilityModels.MongoSendTask.doInBackground(MongoSendTask.java:45)
09-17 20:58:29.107 24786-32661/com.eveningoutpost.dexdrip W/System.err:     at com.eveningoutpost.dexdrip.UtilityModels.MongoSendTask.doInBackground(MongoSendTask.java:17)
09-17 20:58:29.107 24786-32661/com.eveningoutpost.dexdrip W/System.err:     at android.os.AsyncTask$2.call(AsyncTask.java:295)
09-17 20:58:29.107 24786-32661/com.eveningoutpost.dexdrip W/System.err:     at java.util.concurrent.FutureTask.run(FutureTask.java:237)
09-17 20:58:29.107 24786-32661/com.eveningoutpost.dexdrip W/System.err:     at com.eveningoutpost.dexdrip.UtilityModels.PlusAsyncExecutor$1.run(PlusAsyncExecutor.java:67)
09-17 20:58:29.107 24786-32661/com.eveningoutpost.dexdrip W/System.err:     at java.lang.Thread.run(Thread.java:818)
09-17 20:58:29.107 24786-32661/com.eveningoutpost.dexdrip I/NightscoutUploader: Finished upload of 11 record using a REST API in 24 ms
09-17 20:58:29.107 24786-32661/com.eveningoutpost.dexdrip I/cluster: Cluster created with settings {hosts=[ds058048.mongolab.com:58048], mode=SINGLE, requiredClusterType=UNKNOWN, serverSelectionTimeout='30000 ms', maxWaitQueueSize=500}
09-17 20:58:29.117 24786-32661/com.eveningoutpost.dexdrip I/NightscoutUploader: The number of EGV records being sent to MongoDB is 11
09-17 20:58:29.117 24786-32661/com.eveningoutpost.dexdrip E/NightscoutUploader: Unable to upload data to mongo Attempt to read from field 'long com.eveningoutpost.dexdrip.Models.BgReading.timestamp' on a null object reference
09-17 20:58:29.127 24786-32661/com.eveningoutpost.dexdrip I/NightscoutUploader: Finished upload of 11 record using a Mongo in 18.0 ms
09-17 20:58:29.127 24786-32661/com.eveningoutpost.dexdrip D/jamorham exec: Queue empty: syncToMongoDb
09-17 20:58:29.127 24786-32661/com.eveningoutpost.dexdrip D/jamorham exec: Release Wakelocks total: 0




09-17 21:50:43.927 6659-22114/com.eveningoutpost.dexdrip D/SYNC SERVICE:: STARTING INTENT SERVICE
09-17 21:50:43.997 6659-22114/com.eveningoutpost.dexdrip D/jamorham exec:  New thread: syncToMongoDb
09-17 21:50:44.017 6659-22117/com.eveningoutpost.dexdrip D/jamorham exec: Acquire Wakelocks total: 1
09-17 21:50:44.107 6659-22117/com.eveningoutpost.dexdrip I/MongoSendTask: uploader.upload called 18
09-17 21:50:44.107 6659-22117/com.eveningoutpost.dexdrip I/NightscoutUploader: Starting upload of 18 record using a REST API
09-17 21:50:44.157 6659-22117/com.eveningoutpost.dexdrip E/NightscoutUploader: Unable to do REST API Upload Attempt to read from field 'long com.eveningoutpost.dexdrip.Models.BgReading.timestamp' on a null object reference
09-17 21:50:44.177 6659-22117/com.eveningoutpost.dexdrip W/System.err: java.lang.NullPointerException: Attempt to read from field 'long com.eveningoutpost.dexdrip.Models.BgReading.timestamp' on a null object reference
09-17 21:50:44.177 6659-22117/com.eveningoutpost.dexdrip W/System.err:     at com.eveningoutpost.dexdrip.UtilityModels.NightscoutUploader.populateV1APIBGEntry(NightscoutUploader.java:214)
09-17 21:50:44.177 6659-22117/com.eveningoutpost.dexdrip W/System.err:     at com.eveningoutpost.dexdrip.UtilityModels.NightscoutUploader.doRESTUploadTo(NightscoutUploader.java:193)
09-17 21:50:44.177 6659-22117/com.eveningoutpost.dexdrip W/System.err:     at com.eveningoutpost.dexdrip.UtilityModels.NightscoutUploader.doRESTUpload(NightscoutUploader.java:167)
09-17 21:50:44.177 6659-22117/com.eveningoutpost.dexdrip W/System.err:     at com.eveningoutpost.dexdrip.UtilityModels.NightscoutUploader.upload(NightscoutUploader.java:112)
09-17 21:50:44.177 6659-22117/com.eveningoutpost.dexdrip W/System.err:     at com.eveningoutpost.dexdrip.UtilityModels.MongoSendTask.doInBackground(MongoSendTask.java:45)
09-17 21:50:44.177 6659-22117/com.eveningoutpost.dexdrip W/System.err:     at com.eveningoutpost.dexdrip.UtilityModels.MongoSendTask.doInBackground(MongoSendTask.java:17)
09-17 21:50:44.177 6659-22117/com.eveningoutpost.dexdrip W/System.err:     at android.os.AsyncTask$2.call(AsyncTask.java:295)
09-17 21:50:44.177 6659-22117/com.eveningoutpost.dexdrip W/System.err:     at java.util.concurrent.FutureTask.run(FutureTask.java:237)
09-17 21:50:44.177 6659-22117/com.eveningoutpost.dexdrip W/System.err:     at com.eveningoutpost.dexdrip.UtilityModels.PlusAsyncExecutor$1.run(PlusAsyncExecutor.java:67)
09-17 21:50:44.177 6659-22117/com.eveningoutpost.dexdrip W/System.err:     at java.lang.Thread.run(Thread.java:818)
09-17 21:50:44.177 6659-22117/com.eveningoutpost.dexdrip I/NightscoutUploader: Finished upload of 18 record using a REST API in 74 ms
09-17 21:50:44.187 6659-22117/com.eveningoutpost.dexdrip I/cluster: Cluster created with settings {hosts=[ds058048.mongolab.com:58048], mode=SINGLE, requiredClusterType=UNKNOWN, serverSelectionTimeout='30000 ms', maxWaitQueueSize=500}
09-17 21:50:44.187 6659-22117/com.eveningoutpost.dexdrip I/NightscoutUploader: The number of EGV records being sent to MongoDB is 18
09-17 21:50:44.197 6659-22117/com.eveningoutpost.dexdrip I/cluster: No server chosen by WritableServerSelector from cluster description ClusterDescription{type=UNKNOWN, connectionMode=SINGLE, all=[ServerDescription{address=ds058048.mongolab.com:58048, type=UNKNOWN, state=CONNECTING}]}. Waiting for 30000 ms before timing out
09-17 21:50:46.527 6659-22122/com.eveningoutpost.dexdrip I/connection: Opened connection [connectionId{localValue:7, serverValue:684241}] to ds058048.mongolab.com:58048
09-17 21:50:46.607 6659-22122/com.eveningoutpost.dexdrip I/cluster: Monitor thread successfully connected to server with description ServerDescription{address=ds058048.mongolab.com:58048, type=REPLICA_SET_PRIMARY, state=CONNECTED, ok=true, version=ServerVersion{versionList=[3, 0, 7]}, minWireVersion=0, maxWireVersion=3, electionId=5765571359111cb8edc859c6, maxDocumentSize=16777216, roundTripTimeNanos=77984791, setName='rs-ds058048', canonicalAddress=ds058048-a.mlab.com:58048, hosts=[ds058048-a.mlab.com:58048], passives=[], arbiters=[], primary='ds058048-a.mlab.com:58048', tagSet=TagSet{[]}}
09-17 21:50:48.527 6659-22117/com.eveningoutpost.dexdrip I/connection: Opened connection [connectionId{localValue:8, serverValue:684242}] to ds058048.mongolab.com:58048
09-17 21:50:48.567 6659-22117/com.eveningoutpost.dexdrip E/NightscoutUploader: Unable to upload data to mongo Attempt to read from field 'long com.eveningoutpost.dexdrip.Models.BgReading.timestamp' on a null object reference
09-17 21:50:48.587 6659-22117/com.eveningoutpost.dexdrip E/jamorham: Home: Toast next: Mongo 5 up fails: Attempt to read from field 'long com.eveningoutpost
09-17 21:50:48.587 6659-22117/com.eveningoutpost.dexdrip I/connection: Closed connection [connectionId{localValue:8, serverValue:684242}] to ds058048.mongolab.com:58048 because the pool has been closed.
09-17 21:50:48.587 6659-22117/com.eveningoutpost.dexdrip I/NightscoutUploader: Finished upload of 18 record using a Mongo in 4405.0 ms
09-17 21:50:48.587 6659-22117/com.eveningoutpost.dexdrip D/jamorham exec: Queue empty: syncToMongoDb





09-18 08:10:07.230 25692-25692/com.eveningoutpost.dexdrip V/ActivityThread: updateVisibility : ActivityRecord{9d032c3 token=android.os.BinderProxy@1cedf5a {com.eveningoutpost.dexdrip/com.eveningoutpost.dexdrip.utils.Preferences}} show : false
09-18 08:10:07.240 25692-25692/com.eveningoutpost.dexdrip D/FirebaseApp: Notifying background state change listeners.
09-18 08:10:11.670 25692-25754/com.eveningoutpost.dexdrip I/System.out: (HTTPLog)-Static: isSBSettingEnabled false


09-18 08:16:21.920 25692-4727/com.eveningoutpost.dexdrip D/jamorham exec: Release Wakelocks total: 0
09-18 08:16:27.220 25692-25692/com.eveningoutpost.dexdrip V/ActivityThread: updateVisibility : ActivityRecord{9d032c3 token=android.os.BinderProxy@1cedf5a {com.eveningoutpost.dexdrip/com.eveningoutpost.dexdrip.utils.Preferences}} show : false
09-18 08:16:27.240 25692-25692/com.eveningoutpost.dexdrip D/FirebaseApp: Notifying background state change listeners.
09-18 08:16:31.690 25692-25754/com.eveningoutpost.dexdrip I/System.out: (HTTPLog)-Static: isSBSettingEnabled false
09-18 08:16:31.690 25692-25754/com.eveningoutpost.dexdrip I/System.out: (HTTPLog)-Static: isSBSettingEnabled false


09-18 08:23:28.110 25692-25692/com.eveningoutpost.dexdrip D/FirebaseApp: Notifying background state change listeners.
09-18 08:23:28.200 25692-25692/com.eveningoutpost.dexdrip I/Timeline: Timeline: Activity_idle id: android.os.BinderProxy@1cedf5a time:2933275
09-18 08:23:32.560 25692-25692/com.eveningoutpost.dexdrip D/ViewRootImpl: ViewPostImeInputStage processPointer 0
09-18 08:23:32.700 25692-25692/com.eveningoutpost.dexdrip D/ViewRootImpl: ViewPostImeInputStage processPointer 1
09-18 08:23:32.770 25692-25692/com.eveningoutpost.dexdrip D/FOREGROUND: run_service_in_foreground changed!
09-18 08:23:32.770 25692-25692/com.eveningoutpost.dexdrip D/FOREGROUND: should be moving to foreground
09-18 08:23:32.770 25692-25692/com.eveningoutpost.dexdrip I/G5CollectionService: Moving to foreground


09-18 08:26:07.749 25692-25692/com.eveningoutpost.dexdrip V/ActivityThread: updateVisibility : ActivityRecord{cb79fc0 token=android.os.BinderProxy@3fb7104 {com.eveningoutpost.dexdrip/com.eveningoutpost.dexdrip.Home}} show : false
09-18 08:26:07.759 25692-25692/com.eveningoutpost.dexdrip D/FirebaseApp: Notifying background state change listeners.
09-18 08:26:12.189 25692-25754/com.eveningoutpost.dexdrip I/System.out: (HTTPLog)-Static: isSBSettingEnabled false
09-18 08:26:12.189 25692-25754/com.eveningoutpost.dexdrip I/System.out: (HTTPLog)-Static: isSBSettingEnabled false



09-18 08:32:37.059 25692-25692/com.eveningoutpost.dexdrip E/ViewRootImpl: sendUserActionEvent() mView == null
09-18 08:32:37.819 25692-25692/com.eveningoutpost.dexdrip D/ViewRootImpl: ViewPostImeInputStage processKey 0
09-18 08:32:38.009 25692-25692/com.eveningoutpost.dexdrip D/ViewRootImpl: ViewPostImeInputStage processKey 1
09-18 08:32:38.079 25692-25692/com.eveningoutpost.dexdrip D/jamorham: Home: updateCurrentBgInfo from: generic on resume



09-18 08:32:38.309 25692-25692/com.eveningoutpost.dexdrip W/DisplayListCanvas: DisplayListCanvas is started on unbinded RenderNode (without mOwningView)
09-18 08:32:38.349 25692-25692/com.eveningoutpost.dexdrip I/Timeline: Timeline: Activity_idle id: android.os.BinderProxy@3fb7104 time:3482330
09-18 08:32:38.629 25692-25692/com.eveningoutpost.dexdrip D/ViewRootImpl: #3 mView = null
09-18 08:32:46.869 25692-25692/com.eveningoutpost.dexdrip D/ViewRootImpl: ViewPostImeInputStage processPointer 0
09-18 08:32:47.229 25692-25692/com.eveningoutpost.dexdrip D/ViewRootImpl: ViewPostImeInputStage processPointer 1
09-18 08:32:47.759 25692-25692/com.eveningoutpost.dexdrip V/ActivityThread: updateVisibility : ActivityRecord{cb79fc0 token=android.os.BinderProxy@3fb7104 {com.eveningoutpost.dexdrip/com.eveningoutpost.dexdrip.Home}} show : false
09-18 08:32:47.779 25692-25692/com.eveningoutpost.dexdrip D/FirebaseApp: Notifying background state change listeners.
09-18 08:32:52.209 25692-25754/com.eveningoutpost.dexdrip I/System.out: (HTTPLog)-Static: isSBSettingEnabled false
09-18 08:32:52.209 25692-25754/com.eveningoutpost.dexdrip I/System.out: (HTTPLog)-Static: isSBSettingEnabled false


09-18 08:39:21.432 6338-6338/com.eveningoutpost.dexdrip D/jamorham power: Power connected
09-18 08:39:21.442 6338-6338/com.eveningoutpost.dexdrip D/FOREGROUND: should be moving to foreground


09-18 08:44:16.622 6338-18786/com.eveningoutpost.dexdrip I/NightscoutUploader: Finished upload of 1 record using a REST API in 13320 ms
09-18 08:44:16.832 6338-18786/com.eveningoutpost.dexdrip W/org.bson.ObjectId: Failed to get process identifier from JMX, using random number instead
                                                                              java.lang.NoClassDefFoundError: Failed resolution of: Ljava/lang/management/ManagementFactory;
                                                                                  at org.bson.types.ObjectId.createProcessIdentifier(ObjectId.java:506)
                                                                                  at org.bson.types.ObjectId.<clinit>(ObjectId.java:464)
                                                                                  at com.mongodb.connection.ClusterId.<init>(ClusterId.java:47)
                                                                                  at com.mongodb.connection.DefaultClusterFactory.create(DefaultClusterFactory.java:40)
                                                                                  at com.mongodb.Mongo.createCluster(Mongo.java:667)
                                                                                  at com.mongodb.Mongo.createCluster(Mongo.java:653)
                                                                                  at com.mongodb.Mongo.createCluster(Mongo.java:627)
                                                                                  at com.mongodb.Mongo.<init>(Mongo.java:283)
                                                                                  at com.mongodb.MongoClient.<init>(MongoClient.java:268)
                                                                                  at com.eveningoutpost.dexdrip.UtilityModels.NightscoutUploader.doMongoUpload(NightscoutUploader.java:317)
                                                                                  at com.eveningoutpost.dexdrip.UtilityModels.NightscoutUploader.upload(NightscoutUploader.java:118)
                                                                                  at com.eveningoutpost.dexdrip.UtilityModels.MongoSendTask.doInBackground(MongoSendTask.java:45)
                                                                                  at com.eveningoutpost.dexdrip.UtilityModels.MongoSendTask.doInBackground(MongoSendTask.java:17)
                                                                                  at android.os.AsyncTask$2.call(AsyncTask.java:295)
                                                                                  at java.util.concurrent.FutureTask.run(FutureTask.java:237)
                                                                                  at com.eveningoutpost.dexdrip.UtilityModels.PlusAsyncExecutor$1.run(PlusAsyncExecutor.java:67)
                                                                                  at java.lang.Thread.run(Thread.java:818)
                                                                               Caused by: java.lang.ClassNotFoundException: Didn't find class "java.lang.management.ManagementFactory" on path: DexPathList[[zip file "/data/app/com.eveningoutpost.dexdrip-2/base.apk"],nativeLibraryDirectories=[/data/app/com.eveningoutpost.dexdrip-2/lib/arm, /vendor/lib, /system/lib]]
                                                                                  at dalvik.system.BaseDexClassLoader.findClass(BaseDexClassLoader.java:56)
                                                                                  at java.lang.ClassLoader.loadClass(ClassLoader.java:511)
                                                                                  at java.lang.ClassLoader.loadClass(ClassLoader.java:469)
                                                                                  at org.bson.types.ObjectId.createProcessIdentifier(ObjectId.java:506) 
                                                                                  at org.bson.types.ObjectId.<clinit>(ObjectId.java:464) 
                                                                                  at com.mongodb.connection.ClusterId.<init>(ClusterId.java:47) 
                                                                                  at com.mongodb.connection.DefaultClusterFactory.create(DefaultClusterFactory.java:40) 
                                                                                  at com.mongodb.Mongo.createCluster(Mongo.java:667) 
                                                                                  at com.mongodb.Mongo.createCluster(Mongo.java:653) 
                                                                                  at com.mongodb.Mongo.createCluster(Mongo.java:627) 
                                                                                  at com.mongodb.Mongo.<init>(Mongo.java:283) 
                                                                                  at com.mongodb.MongoClient.<init>(MongoClient.java:268) 
                                                                                  at com.eveningoutpost.dexdrip.UtilityModels.NightscoutUploader.doMongoUpload(NightscoutUploader.java:317) 
                                                                                  at com.eveningoutpost.dexdrip.UtilityModels.NightscoutUploader.upload(NightscoutUploader.java:118) 
                                                                                  at com.eveningoutpost.dexdrip.UtilityModels.MongoSendTask.doInBackground(MongoSendTask.java:45) 
                                                                                  at com.eveningoutpost.dexdrip.UtilityModels.MongoSendTask.doInBackground(MongoSendTask.java:17) 
                                                                                  at android.os.AsyncTask$2.call(AsyncTask.java:295) 
                                                                                  at java.util.concurrent.FutureTask.run(FutureTask.java:237) 
                                                                                  at com.eveningoutpost.dexdrip.UtilityModels.PlusAsyncExecutor$1.run(PlusAsyncExecutor.java:67) 
                                                                                  at java.lang.Thread.run(Thread.java:818) 
                                                                              	Suppressed: java.lang.ClassNotFoundException: java.lang.management.ManagementFactory
                                                                                  at java.lang.Class.classForName(Native Method)
                                                                                  at java.lang.BootClassLoader.findClass(ClassLoader.java:781)
                                                                                  at java.lang.BootClassLoader.loadClass(ClassLoader.java:841)
                                                                                  at java.lang.ClassLoader.loadClass(ClassLoader.java:504)
                                                                                  		... 18 more
                                                                               Caused by: java.lang.NoClassDefFoundError: Class not found using the boot class loader; no stack trace available
09-18 08:44:16.842 6338-18786/com.eveningoutpost.dexdrip I/cluster: Cluster created with settings {hosts=[ds058048.mongolab.com:58048], mode=SINGLE, requiredClusterType=UNKNOWN, serverSelectionTimeout='30000 ms', maxWaitQueueSize=500}
09-18 08:44:16.882 6338-18786/com.eveningoutpost.dexdrip I/NightscoutUploader: The number of EGV records being sent to MongoDB is 1
09-18 08:44:16.912 6338-18786/com.eveningoutpost.dexdrip I/cluster: No server chosen by WritableServerSelector from cluster description ClusterDescription{type=UNKNOWN, connectionMode=SINGLE, all=[ServerDescription{address=ds058048.mongolab.com:58048, type=UNKNOWN, state=CONNECTING}]}. Waiting for 30000 ms before timing out
09-18 08:44:17.722 6338-6344/com.eveningoutpost.dexdrip W/art: Suspending all threads took: 56.235ms
09-18 08:44:23.352 6338-18984/com.eveningoutpost.dexdrip I/cluster: Exception in monitor thread while connecting to server ds058048.mongolab.com:58048
                                                                    com.mongodb.MongoSocketClosedException: Cannot write to a closed stream
                                                                        at com.mongodb.connection.InternalStreamConnection.sendMessage(InternalStreamConnection.java:195)
                                                                        at com.mongodb.connection.CommandHelper.sendMessage(CommandHelper.java:89)
                                                                        at com.mongodb.connection.CommandHelper.executeCommandWithoutCheckingForFailure(CommandHelper.java:65)
                                                                        at com.mongodb.connection.InternalStreamConnectionInitializer.completeConnectionDescriptionInitialization(InternalStreamConnectionInitializer.java:90)
                                                                        at com.mongodb.connection.InternalStreamConnectionInitializer.initialize(InternalStreamConnectionInitializer.java:46)
                                                                        at com.mongodb.connection.InternalStreamConnection.open(InternalStreamConnection.java:115)
                                                                        at com.mongodb.connection.DefaultServerMonitor$ServerMonitorRunnable.run(DefaultServerMonitor.java:127)
                                                                        at java.lang.Thread.run(Thread.java:818)
09-18 08:44:26.902 6338-18984/com.eveningoutpost.dexdrip I/connection: Opened connection [connectionId{localValue:2, serverValue:687545}] to ds058048.mongolab.com:58048
09-18 08:44:27.022 6338-18984/com.eveningoutpost.dexdrip I/cluster: Exception in monitor thread while connecting to server ds058048.mongolab.com:58048

AppCompatViewInflater: app:theme is now deprecated. Please move to using android:theme instead.

09-18 09:04:03.698 8907-8921/com.eveningoutpost.dexdrip E/BGQueue: getAppWidgetIds NOT found; can't start WidgetUpdateService


09-18 10:28:15.639 18859-25475/com.eveningoutpost.dexdrip W/G5CollectionService: scan cycle start
09-18 10:28:15.919 18859-18859/com.eveningoutpost.dexdrip V/ActivityThread: updateVisibility : ActivityRecord{2665512 token=android.os.BinderProxy@ba2a1aa {com.eveningoutpost.dexdrip/com.eveningoutpost.dexdrip.Home}} show : false
09-18 10:28:15.929 18859-18859/com.eveningoutpost.dexdrip D/FirebaseApp: Notifying background state change listeners.
09-18 10:28:20.379 18859-18903/com.eveningoutpost.dexdrip I/System.out: (HTTPLog)-Static: isSBSettingEnabled false
09-18 10:28:20.379 18859-18903/com.eveningoutpost.dexdrip I/System.out: (HTTPLog)-Static: isSBSettingEnabled false


09-18 10:29:52.969 18859-18859/com.eveningoutpost.dexdrip D/ViewRootImpl: ViewPostImeInputStage processKey 1
09-18 10:29:52.979 18859-18859/com.eveningoutpost.dexdrip D/ViewRootImpl: #3 mView = null
09-18 10:29:52.989 18859-18859/com.eveningoutpost.dexdrip W/InputEventReceiver: Attempted to finish an input event but the input event receiver has already been disposed.
09-18 10:29:52.999 18859-18859/com.eveningoutpost.dexdrip E/ViewRootImpl: sendUserActionEvent() mView == null
09-18 10:29:53.609 18859-27130/com.eveningoutpost.dexdrip D/jamorham JoH: G5-timeout rate limited: 60 seconds

09-18 14:14:57.707 677-735/com.eveningoutpost.dexdrip D/jamorham listener: onPeerConnected peer name & ID: SAMSUNG-SM-N910V|65e261fb-00ef-491d-ac93-2c59f91acf47


09-18 14:14:22.023 677-677/com.eveningoutpost.dexdrip D/jamorham listener: DataRequester: /nightscout_watch_data_resend
09-18 14:14:22.037 677-825/com.eveningoutpost.dexdrip D/onDraw: draw
09-18 14:14:22.137 677-2051/com.eveningoutpost.dexdrip D/jamorham listener: Not connected for sending
09-18 14:14:22.253 677-677/com.eveningoutpost.dexdrip D/jamorham listener: DataRequester: /nightscout_watch_data_resend
09-18 14:14:22.261 677-2060/com.eveningoutpost.dexdrip D/jamorham listener: doInBackground connected.  NodeApi.GetConnectedNodesResult await count=0
09-18 14:14:22.261 677-2060/com.eveningoutpost.dexdrip D/jamorham listener: doInBackground connected but getConnectedNodes returns 0.  start G5 service
09-18 14:14:22.261 677-2060/com.eveningoutpost.dexdrip D/jamorham listener: startBtG5Service
09-18 14:14:22.263 677-2060/com.eveningoutpost.dexdrip D/jamorham listener: checkLocationPermissions  mLocationPermissionApproved:true
09-18 14:14:22.264 677-2060/com.eveningoutpost.dexdrip D/jamorham listener: startBtG5Service start G5CollectionService
09-18 14:14:22.269 677-677/com.eveningoutpost.dexdrip D/wearG5CollectionService: onG5StartCommand wakeup: 2016-09-18 14:14:22
09-18 14:14:22.270 677-677/com.eveningoutpost.dexdrip D/wearG5CollectionService: alreadyStoppedScanning
09-18 14:14:22.270 677-677/com.eveningoutpost.dexdrip D/wearG5CollectionService: No Active Sensor
09-18 14:14:22.273 677-2060/com.eveningoutpost.dexdrip D/jamorham listener: startBtG5Service AFTER startService G5CollectionService mLocationPermissionApproved true
09-18 14:14:57.703 677-735/com.eveningoutpost.dexdrip V/WearableLS: bindService: com.eveningoutpost.dexdrip/.ListenerService
09-18 14:14:57.707 677-735/com.eveningoutpost.dexdrip D/jamorham listener: onPeerConnected peer name & ID: SAMSUNG-SM-N910V|65e261fb-00ef-491d-ac93-2c59f91acf47
09-18 14:14:57.707 677-735/com.eveningoutpost.dexdrip V/WearableLS: unbindService: com.eveningoutpost.dexdrip/.ListenerService
09-18 14:14:57.710 677-735/com.eveningoutpost.dexdrip V/WearableLS: bindService: com.eveningoutpost.dexdrip/.ListenerService
09-18 14:14:57.921 677-735/com.eveningoutpost.dexdrip D/jamorham listener: onDataChanged dataMap={sgvString=139, sgvLevel=0, slopeArrow=↗, low=60.0, entries=[{sgvString=139, sgvLevel=0, slopeArrow=↗, low=60.0, high=140.0, batteryLevel=1, units=mgdl, dex_txid=4023GU, timestamp=1.474218839762E12, sgvDouble=138.5615762159139, delta=???, battery=72}, {sgvString=64, sgvLevel=0, slopeArrow=→, low=60.0, high=140.0, batteryLevel=1, units=mgdl, dex_txid=4023GU, timestamp=1.474216141766E12, sgvDouble=64.30557621591389, delta=???, battery=72}, {sgvString=60, sgvLevel=-1, slopeArrow=→, low=60.0, high=140.0, batteryLevel=1, units=mgdl, dex_txid=4023GU, timestamp=1.474215840828E12, sgvDouble=59.62557621591388, delta=???, 09-18 14:14:57.921 677-735/com.eveningoutpost.dexdrip D/jamorham listener: onDataChanged dataMap dex_txid=4023GU


09-18 14:43:57.545 11070-11085/com.eveningoutpost.dexdrip D/jamorham listener: onDataChanged dataMap highMark=140.0 highMark=60.0
09-18 14:43:57.554 11070-11085/com.eveningoutpost.dexdrip V/WearableLS: unbindService: com.eveningoutpost.dexdrip/.ListenerService
09-18 14:43:57.573 11070-11070/com.eveningoutpost.dexdrip D/onDraw: draw
09-18 14:44:34.002 11070-11121/com.eveningoutpost.dexdrip D/BIGChart: missedReadingAlert Enter minutes_since 0 call requestData if >= 4 minutes mod 5
09-18 14:44:34.018 11070-11121/com.eveningoutpost.dexdrip D/onDraw: draw
09-18 14:45:25.046 11070-11085/com.eveningoutpost.dexdrip V/WearableLS: bindService: com.eveningoutpost.dexdrip/.ListenerService
09-18 14:45:25.050 11070-11085/com.eveningoutpost.dexdrip D/jamorham listener: Override peer name & ID: SAMSUNG-SM-N910V|65e261fb-00ef-491d-ac93-2c59f91acf47
09-18 14:45:25.050 11070-11085/com.eveningoutpost.dexdrip V/WearableLS: unbindService: com.eveningoutpost.dexdrip/.ListenerService
09-18 14:45:25.059 11070-11085/com.eveningoutpost.dexdrip V/WearableLS: bindService: com.eveningoutpost.dexdrip/.ListenerService
09-18 14:45:25.062 11070-11085/com.eveningoutpost.dexdrip V/WearableLS: unbindService: com.eveningoutpost.dexdrip/.ListenerService
09-18 14:45:34.003 11070-11098/com.eveningoutpost.dexdrip D/BIGChart: missedReadingAlert Enter minutes_since 1 call requestData if >= 4 minutes mod 5
09-18 14:45:34.018 11070-11098/com.eveningoutpost.dexdrip D/onDraw: draw



09-18 14:53:29.416 11070-21409/com.eveningoutpost.dexdrip D/jamorham listener: getWearBGData last_send_previous:09.18.2016 14:04:03
09-18 14:53:29.420 11070-11070/com.eveningoutpost.dexdrip D/jamorham listener: send getWearBGData BGs to phone: SUCCESS
09-18 14:53:29.430 11070-21409/com.eveningoutpost.dexdrip D/jamorham listener: getWearBGData last_bg.timestamp:09.18.2016 14:04:03
09-18 14:53:32.380 11070-11085/com.eveningoutpost.dexdrip V/WearableLS: bindService: com.eveningoutpost.dexdrip/.ListenerService







09-18 14:53:28.887 11070-21409/com.eveningoutpost.dexdrip D/jamorham listener: getWearBGData last_send_previous:09.18.2016 11:54:03
09-18 14:53:28.892 11070-11070/com.eveningoutpost.dexdrip D/jamorham listener: send getWearBGData BGs to phone: SUCCESS
09-18 14:53:28.902 11070-21409/com.eveningoutpost.dexdrip D/jamorham listener: getWearBGData last_bg.timestamp:09.18.2016 14:04:03
09-18 14:53:28.902 11070-21409/com.eveningoutpost.dexdrip D/jamorham listener: getWearBGData last_send_previous < last_bg.timestamp:09.18.2016 14:04:03
09-18 14:53:28.918 11070-21409/com.eveningoutpost.dexdrip D/jamorham listener: getWearBGData graph_bgs count = 13
09-18 14:53:28.972 11070-21409/com.eveningoutpost.dexdrip D/jamorham listener: dataMap BG GSON: {"a":-5.644717595715413E-12,"age_adjusted_raw_value":151.264,"b":16.64311555362815,"c":-1.2267810153086625E13,"calculated_value":135.2751762159139,"calculated_value_slope":-1.473028206062076E-5,"calibration_flag":false,"calibration_uuid":"e799ce4b-8398-4d74-a1b0-c819cf96afda","filtered_calculated_value":141.1407762159139,"filtered_data":155.776,"hide_slope":false,"ra":-4.342090458242562E-12,"raw_calculated":0.0,"raw_data":151.264,"rb":12.802396579713786,"rc":-9.436777040789E12,"sensor_uuid":"fbe9b40f-c277-4dbc-8399-a0ecee2dc743","synced":false,"time_since_sensor_started":2.06642526E8,"timestamp":1474221843302,"uuid":"018f8f5e-4c2e-4771-9a58-65ef8844a7cb"}
09-18 14:53:28.997 11070-21409/com.eveningoutpost.dexdrip D/jamorham listener: dataMap BG GSON: {"a":-2.0125452991074403E-12,"age_adjusted_raw_value":88.928,"b":5.9338375364861236,"c":-4.3738677490255313E12,"calculated_value":54.238376215913874,"calculated_value_slope":-8.763429534442842E-6,"calibration_flag":false,"calibration_uuid":"e799ce4b-8398-4d74-a1b0-c819cf96afda","filtered_calculated_value":58.81437621591388,"filtered_data":92.448,"hide_slope":false,"ra":-1.548111768544169E-12,"raw_calculated":0.0,"raw_data":88.928,"rb":4.56449041268155,"rc":-3.3645136530491875E12,"sensor_uuid":"fbe9b40f-c277-4dbc-8399-a0ecee2dc743","synced":false,"time_since_sensor_started":1.99445684E8,"timestamp":1474214646460,"uuid":"b397e6ff-00f6-458a-9188-772ac4d644e1"}
09-18 14:53:28.998 11070-21409/com.eveningoutpost.dexdrip D/jamorham listener: getWearBGData bg.timestamp:09.18.2016 12:04:06
09-18 14:53:28.998 11070-21409/com.eveningoutpost.dexdrip D/jamorham listener: getWearBGData set last_send_previous:09.18.2016 12:04:06
09-18 14:53:29.023 11070-21409/com.eveningoutpost.dexdrip D/jamorham listener: dataMap BG GSON: {"a":7.726172123049219E-12,"age_adjusted_raw_value":102.512,"b":-22.78007631530008,"c":1.6791364102038469E13,"calculated_value":71.89757621591389,"calculated_value_slope":9.806896459805459E-6,"calibration_flag":false,"calibration_uuid":"e799ce4b-8398-4d74-a1b0-c819cf96afda","filtered_calculated_value":62.142376215913885,"filtered_data":95.008,"hide_slope":false,"ra":5.943209325422468E-12,"raw_calculated":0.0,"raw_data":102.512,"rb":-17.523135627153906,"rc":1.291643392469218E13,"sensor_uuid":"fbe9b40f-c277-4dbc-8399-a0ecee2dc743","synced":false,"time_since_sensor_started":2.01246376E8,"timestamp":1474216447152,"uuid":"c2bdd78e-b551-4ced-96fa-7223e9f4cba2"}
09-18 14:53:29.023 11070-21409/com.eveningoutpost.dexdrip D/jamorham listener: getWearBGData bg.timestamp:09.18.2016 12:34:07
09-18 14:53:29.023 11070-21409/com.eveningoutpost.dexdrip D/jamorham listener: getWearBGData set last_send_previous:09.18.2016 12:34:07
